Archive member included to satisfy reference by file (symbol)

c:/program files (x86)/atmel/studio/7.0/toolchain/avr8/avr8-gnu-toolchain/bin/../lib/gcc/avr/5.4.0/avrxmega3\libgcc.a(_udivmodqi4.o)
                              build/default/production/src/ledandcolor.o (__udivmodqi4)
c:/program files (x86)/atmel/studio/7.0/toolchain/avr8/avr8-gnu-toolchain/bin/../lib/gcc/avr/5.4.0/avrxmega3\libgcc.a(_exit.o)
                              C:/Program Files/Microchip/MPLABX/v6.05/packs/Microchip/ATtiny_DFP/3.0.151/gcc/dev/attiny1626/avrxmega3/crtattiny1626.o (exit)
c:/program files (x86)/atmel/studio/7.0/toolchain/avr8/avr8-gnu-toolchain/bin/../lib/gcc/avr/5.4.0/avrxmega3\libgcc.a(_tablejump2.o)
                              build/default/production/src/i2c.o (__tablejump2__)
c:/program files (x86)/atmel/studio/7.0/toolchain/avr8/avr8-gnu-toolchain/bin/../lib/gcc/avr/5.4.0/avrxmega3\libgcc.a(_copy_data.o)
                              build/default/production/src/i2c.o (__do_copy_data)
c:/program files (x86)/atmel/studio/7.0/toolchain/avr8/avr8-gnu-toolchain/bin/../lib/gcc/avr/5.4.0/avrxmega3\libgcc.a(_clear_bss.o)
                              build/default/production/src/adc.o (__do_clear_bss)
c:/program files (x86)/atmel/studio/7.0/toolchain/avr8/avr8-gnu-toolchain/bin/../lib/gcc/avr/5.4.0/../../../../avr/lib/avrxmega3\libc.a(qsort.o)
                              build/default/production/src/ledandcolor.o (qsort)
C:/Program Files/Microchip/MPLABX/v6.05/packs/Microchip/ATtiny_DFP/3.0.151/gcc/dev/attiny1626/avrxmega3\libattiny1626.a(ccp_write.o)
                              build/default/production/main.o (ccp_write_io)
c:/program files (x86)/atmel/studio/7.0/toolchain/avr8/avr8-gnu-toolchain/bin/../lib/gcc/avr/5.4.0/avrxmega3\libgcc.a(_udivmodhi4.o)
                              c:/program files (x86)/atmel/studio/7.0/toolchain/avr8/avr8-gnu-toolchain/bin/../lib/gcc/avr/5.4.0/../../../../avr/lib/avrxmega3\libc.a(qsort.o) (__udivmodhi4)
c:/program files (x86)/atmel/studio/7.0/toolchain/avr8/avr8-gnu-toolchain/bin/../lib/gcc/avr/5.4.0/avrxmega3\libgcc.a(_prologue.o)
                              c:/program files (x86)/atmel/studio/7.0/toolchain/avr8/avr8-gnu-toolchain/bin/../lib/gcc/avr/5.4.0/../../../../avr/lib/avrxmega3\libc.a(qsort.o) (__prologue_saves__)
c:/program files (x86)/atmel/studio/7.0/toolchain/avr8/avr8-gnu-toolchain/bin/../lib/gcc/avr/5.4.0/avrxmega3\libgcc.a(_epilogue.o)
                              c:/program files (x86)/atmel/studio/7.0/toolchain/avr8/avr8-gnu-toolchain/bin/../lib/gcc/avr/5.4.0/../../../../avr/lib/avrxmega3\libc.a(qsort.o) (__epilogue_restores__)

Allocating common symbols
Common symbol       size              file

adcValues           0x4               build/default/production/src/adc.o
orderBuffer         0x14              build/default/production/src/i2c.o
I2C_REG             0x10              build/default/production/_ext/282020558/i2cAlternative.o
leds                0x18              build/default/production/src/ledandcolor.o
buttons             0x4               build/default/production/src/button.o
rxBuffer            0x3               build/default/production/src/i2c.o
event               0x3               build/default/production/main.o
led_events          0x27              build/default/production/src/ledandcolor.o
enc_delta           0x1               build/default/production/src/encoder.o
i2c_wrt_i           0x1               build/default/production/_ext/282020558/i2cAlternative.o
rgbButtons          0x18              build/default/production/src/ledandcolor.o
leds_t              0x18              build/default/production/src/ledandcolor.o

Discarded input sections

 .data          0x00000000        0x0 C:/Program Files/Microchip/MPLABX/v6.05/packs/Microchip/ATtiny_DFP/3.0.151/gcc/dev/attiny1626/avrxmega3/crtattiny1626.o
 .bss           0x00000000        0x0 C:/Program Files/Microchip/MPLABX/v6.05/packs/Microchip/ATtiny_DFP/3.0.151/gcc/dev/attiny1626/avrxmega3/crtattiny1626.o
 .text          0x00000000        0x0 build/default/production/src/adc.o
 .data          0x00000000        0x0 build/default/production/src/adc.o
 .bss           0x00000000        0x0 build/default/production/src/adc.o
 .text.adc_filterValues
                0x00000000       0x1c build/default/production/src/adc.o
 .text.adc_updateHysteresis
                0x00000000       0x70 build/default/production/src/adc.o
 .text.adc_filter
                0x00000000       0x5e build/default/production/src/adc.o
 .text.adc_increaseBitDepth
                0x00000000       0x5e build/default/production/src/adc.o
 .bss.filtered  0x00000000        0x8 build/default/production/src/adc.o
 .text          0x00000000        0x0 build/default/production/src/button.o
 .data          0x00000000        0x0 build/default/production/src/button.o
 .bss           0x00000000        0x0 build/default/production/src/button.o
 .text          0x00000000        0x0 build/default/production/src/encoder.o
 .data          0x00000000        0x0 build/default/production/src/encoder.o
 .bss           0x00000000        0x0 build/default/production/src/encoder.o
 .bss.enc_valNew
                0x00000000        0x2 build/default/production/src/encoder.o
 .text          0x00000000        0x0 build/default/production/src/i2c.o
 .data          0x00000000        0x0 build/default/production/src/i2c.o
 .bss           0x00000000        0x0 build/default/production/src/i2c.o
 .text.i2c_set_message
                0x00000000      0x10a build/default/production/src/i2c.o
 .progmem.gcc_sw_table.i2c_set_message
                0x00000000       0x9c build/default/production/src/i2c.o
 .text.i2c_get_response
                0x00000000       0x92 build/default/production/src/i2c.o
 .text.i2c_get_order
                0x00000000       0x54 build/default/production/src/i2c.o
 .bss.i_txBuffer
                0x00000000        0x1 build/default/production/src/i2c.o
 .bss.n_rxBuffer
                0x00000000        0x1 build/default/production/src/i2c.o
 .bss.n_orders  0x00000000        0x1 build/default/production/src/i2c.o
 .data.s_orderBuffer
                0x00000000        0x1 build/default/production/src/i2c.o
 .bss.state     0x00000000        0x1 build/default/production/src/i2c.o
 .text          0x00000000        0x0 build/default/production/src/init.o
 .data          0x00000000        0x0 build/default/production/src/init.o
 .bss           0x00000000        0x0 build/default/production/src/init.o
 .comment       0x00000000       0x31 build/default/production/src/init.o
 .text          0x00000000        0x0 build/default/production/src/ledandcolor.o
 .data          0x00000000        0x0 build/default/production/src/ledandcolor.o
 .bss           0x00000000        0x0 build/default/production/src/ledandcolor.o
 .text.led_getNextEvent
                0x00000000       0x2c build/default/production/src/ledandcolor.o
 .text          0x00000000        0x0 build/default/production/src/timer.o
 .data          0x00000000        0x0 build/default/production/src/timer.o
 .bss           0x00000000        0x0 build/default/production/src/timer.o
 .text          0x00000000        0x0 build/default/production/_ext/282020558/i2cAlternative.o
 .data          0x00000000        0x0 build/default/production/_ext/282020558/i2cAlternative.o
 .bss           0x00000000        0x0 build/default/production/_ext/282020558/i2cAlternative.o
 .text.I2C_init
                0x00000000        0xe build/default/production/_ext/282020558/i2cAlternative.o
 .text          0x00000000        0x0 build/default/production/main.o
 .data          0x00000000        0x0 build/default/production/main.o
 .bss           0x00000000        0x0 build/default/production/main.o
 .bss.butStates
                0x00000000        0x1 build/default/production/main.o
 .text          0x00000000        0x0 build/default/production/_ext/282020558/debug.o
 .data          0x00000000        0x0 build/default/production/_ext/282020558/debug.o
 .bss           0x00000000        0x0 build/default/production/_ext/282020558/debug.o
 .text          0x00000000        0x0 c:/program files (x86)/atmel/studio/7.0/toolchain/avr8/avr8-gnu-toolchain/bin/../lib/gcc/avr/5.4.0/avrxmega3\libgcc.a(_udivmodqi4.o)
 .data          0x00000000        0x0 c:/program files (x86)/atmel/studio/7.0/toolchain/avr8/avr8-gnu-toolchain/bin/../lib/gcc/avr/5.4.0/avrxmega3\libgcc.a(_udivmodqi4.o)
 .bss           0x00000000        0x0 c:/program files (x86)/atmel/studio/7.0/toolchain/avr8/avr8-gnu-toolchain/bin/../lib/gcc/avr/5.4.0/avrxmega3\libgcc.a(_udivmodqi4.o)
 .text.libgcc.mul
                0x00000000        0x0 c:/program files (x86)/atmel/studio/7.0/toolchain/avr8/avr8-gnu-toolchain/bin/../lib/gcc/avr/5.4.0/avrxmega3\libgcc.a(_udivmodqi4.o)
 .text.libgcc.div
                0x00000000       0x18 c:/program files (x86)/atmel/studio/7.0/toolchain/avr8/avr8-gnu-toolchain/bin/../lib/gcc/avr/5.4.0/avrxmega3\libgcc.a(_udivmodqi4.o)
 .text.libgcc   0x00000000        0x0 c:/program files (x86)/atmel/studio/7.0/toolchain/avr8/avr8-gnu-toolchain/bin/../lib/gcc/avr/5.4.0/avrxmega3\libgcc.a(_udivmodqi4.o)
 .text.libgcc.prologue
                0x00000000        0x0 c:/program files (x86)/atmel/studio/7.0/toolchain/avr8/avr8-gnu-toolchain/bin/../lib/gcc/avr/5.4.0/avrxmega3\libgcc.a(_udivmodqi4.o)
 .text.libgcc.builtins
                0x00000000        0x0 c:/program files (x86)/atmel/studio/7.0/toolchain/avr8/avr8-gnu-toolchain/bin/../lib/gcc/avr/5.4.0/avrxmega3\libgcc.a(_udivmodqi4.o)
 .text.libgcc.fmul
                0x00000000        0x0 c:/program files (x86)/atmel/studio/7.0/toolchain/avr8/avr8-gnu-toolchain/bin/../lib/gcc/avr/5.4.0/avrxmega3\libgcc.a(_udivmodqi4.o)
 .text.libgcc.fixed
                0x00000000        0x0 c:/program files (x86)/atmel/studio/7.0/toolchain/avr8/avr8-gnu-toolchain/bin/../lib/gcc/avr/5.4.0/avrxmega3\libgcc.a(_udivmodqi4.o)
 .text          0x00000000        0x0 c:/program files (x86)/atmel/studio/7.0/toolchain/avr8/avr8-gnu-toolchain/bin/../lib/gcc/avr/5.4.0/avrxmega3\libgcc.a(_exit.o)
 .data          0x00000000        0x0 c:/program files (x86)/atmel/studio/7.0/toolchain/avr8/avr8-gnu-toolchain/bin/../lib/gcc/avr/5.4.0/avrxmega3\libgcc.a(_exit.o)
 .bss           0x00000000        0x0 c:/program files (x86)/atmel/studio/7.0/toolchain/avr8/avr8-gnu-toolchain/bin/../lib/gcc/avr/5.4.0/avrxmega3\libgcc.a(_exit.o)
 .text.libgcc.mul
                0x00000000        0x0 c:/program files (x86)/atmel/studio/7.0/toolchain/avr8/avr8-gnu-toolchain/bin/../lib/gcc/avr/5.4.0/avrxmega3\libgcc.a(_exit.o)
 .text.libgcc.div
                0x00000000        0x0 c:/program files (x86)/atmel/studio/7.0/toolchain/avr8/avr8-gnu-toolchain/bin/../lib/gcc/avr/5.4.0/avrxmega3\libgcc.a(_exit.o)
 .text.libgcc   0x00000000        0x0 c:/program files (x86)/atmel/studio/7.0/toolchain/avr8/avr8-gnu-toolchain/bin/../lib/gcc/avr/5.4.0/avrxmega3\libgcc.a(_exit.o)
 .text.libgcc.prologue
                0x00000000        0x0 c:/program files (x86)/atmel/studio/7.0/toolchain/avr8/avr8-gnu-toolchain/bin/../lib/gcc/avr/5.4.0/avrxmega3\libgcc.a(_exit.o)
 .text.libgcc.builtins
                0x00000000        0x0 c:/program files (x86)/atmel/studio/7.0/toolchain/avr8/avr8-gnu-toolchain/bin/../lib/gcc/avr/5.4.0/avrxmega3\libgcc.a(_exit.o)
 .text.libgcc.fmul
                0x00000000        0x0 c:/program files (x86)/atmel/studio/7.0/toolchain/avr8/avr8-gnu-toolchain/bin/../lib/gcc/avr/5.4.0/avrxmega3\libgcc.a(_exit.o)
 .text.libgcc.fixed
                0x00000000        0x0 c:/program files (x86)/atmel/studio/7.0/toolchain/avr8/avr8-gnu-toolchain/bin/../lib/gcc/avr/5.4.0/avrxmega3\libgcc.a(_exit.o)
 .text          0x00000000        0x0 c:/program files (x86)/atmel/studio/7.0/toolchain/avr8/avr8-gnu-toolchain/bin/../lib/gcc/avr/5.4.0/avrxmega3\libgcc.a(_tablejump2.o)
 .data          0x00000000        0x0 c:/program files (x86)/atmel/studio/7.0/toolchain/avr8/avr8-gnu-toolchain/bin/../lib/gcc/avr/5.4.0/avrxmega3\libgcc.a(_tablejump2.o)
 .bss           0x00000000        0x0 c:/program files (x86)/atmel/studio/7.0/toolchain/avr8/avr8-gnu-toolchain/bin/../lib/gcc/avr/5.4.0/avrxmega3\libgcc.a(_tablejump2.o)
 .text.libgcc.mul
                0x00000000        0x0 c:/program files (x86)/atmel/studio/7.0/toolchain/avr8/avr8-gnu-toolchain/bin/../lib/gcc/avr/5.4.0/avrxmega3\libgcc.a(_tablejump2.o)
 .text.libgcc.div
                0x00000000        0x0 c:/program files (x86)/atmel/studio/7.0/toolchain/avr8/avr8-gnu-toolchain/bin/../lib/gcc/avr/5.4.0/avrxmega3\libgcc.a(_tablejump2.o)
 .text.libgcc   0x00000000        0xc c:/program files (x86)/atmel/studio/7.0/toolchain/avr8/avr8-gnu-toolchain/bin/../lib/gcc/avr/5.4.0/avrxmega3\libgcc.a(_tablejump2.o)
 .text.libgcc.prologue
                0x00000000        0x0 c:/program files (x86)/atmel/studio/7.0/toolchain/avr8/avr8-gnu-toolchain/bin/../lib/gcc/avr/5.4.0/avrxmega3\libgcc.a(_tablejump2.o)
 .text.libgcc.builtins
                0x00000000        0x0 c:/program files (x86)/atmel/studio/7.0/toolchain/avr8/avr8-gnu-toolchain/bin/../lib/gcc/avr/5.4.0/avrxmega3\libgcc.a(_tablejump2.o)
 .text.libgcc.fmul
                0x00000000        0x0 c:/program files (x86)/atmel/studio/7.0/toolchain/avr8/avr8-gnu-toolchain/bin/../lib/gcc/avr/5.4.0/avrxmega3\libgcc.a(_tablejump2.o)
 .text.libgcc.fixed
                0x00000000        0x0 c:/program files (x86)/atmel/studio/7.0/toolchain/avr8/avr8-gnu-toolchain/bin/../lib/gcc/avr/5.4.0/avrxmega3\libgcc.a(_tablejump2.o)
 .text          0x00000000        0x0 c:/program files (x86)/atmel/studio/7.0/toolchain/avr8/avr8-gnu-toolchain/bin/../lib/gcc/avr/5.4.0/avrxmega3\libgcc.a(_copy_data.o)
 .data          0x00000000        0x0 c:/program files (x86)/atmel/studio/7.0/toolchain/avr8/avr8-gnu-toolchain/bin/../lib/gcc/avr/5.4.0/avrxmega3\libgcc.a(_copy_data.o)
 .bss           0x00000000        0x0 c:/program files (x86)/atmel/studio/7.0/toolchain/avr8/avr8-gnu-toolchain/bin/../lib/gcc/avr/5.4.0/avrxmega3\libgcc.a(_copy_data.o)
 .text.libgcc.mul
                0x00000000        0x0 c:/program files (x86)/atmel/studio/7.0/toolchain/avr8/avr8-gnu-toolchain/bin/../lib/gcc/avr/5.4.0/avrxmega3\libgcc.a(_copy_data.o)
 .text.libgcc.div
                0x00000000        0x0 c:/program files (x86)/atmel/studio/7.0/toolchain/avr8/avr8-gnu-toolchain/bin/../lib/gcc/avr/5.4.0/avrxmega3\libgcc.a(_copy_data.o)
 .text.libgcc   0x00000000        0x0 c:/program files (x86)/atmel/studio/7.0/toolchain/avr8/avr8-gnu-toolchain/bin/../lib/gcc/avr/5.4.0/avrxmega3\libgcc.a(_copy_data.o)
 .text.libgcc.prologue
                0x00000000        0x0 c:/program files (x86)/atmel/studio/7.0/toolchain/avr8/avr8-gnu-toolchain/bin/../lib/gcc/avr/5.4.0/avrxmega3\libgcc.a(_copy_data.o)
 .text.libgcc.builtins
                0x00000000        0x0 c:/program files (x86)/atmel/studio/7.0/toolchain/avr8/avr8-gnu-toolchain/bin/../lib/gcc/avr/5.4.0/avrxmega3\libgcc.a(_copy_data.o)
 .text.libgcc.fmul
                0x00000000        0x0 c:/program files (x86)/atmel/studio/7.0/toolchain/avr8/avr8-gnu-toolchain/bin/../lib/gcc/avr/5.4.0/avrxmega3\libgcc.a(_copy_data.o)
 .text.libgcc.fixed
                0x00000000        0x0 c:/program files (x86)/atmel/studio/7.0/toolchain/avr8/avr8-gnu-toolchain/bin/../lib/gcc/avr/5.4.0/avrxmega3\libgcc.a(_copy_data.o)
 .text          0x00000000        0x0 c:/program files (x86)/atmel/studio/7.0/toolchain/avr8/avr8-gnu-toolchain/bin/../lib/gcc/avr/5.4.0/avrxmega3\libgcc.a(_clear_bss.o)
 .data          0x00000000        0x0 c:/program files (x86)/atmel/studio/7.0/toolchain/avr8/avr8-gnu-toolchain/bin/../lib/gcc/avr/5.4.0/avrxmega3\libgcc.a(_clear_bss.o)
 .bss           0x00000000        0x0 c:/program files (x86)/atmel/studio/7.0/toolchain/avr8/avr8-gnu-toolchain/bin/../lib/gcc/avr/5.4.0/avrxmega3\libgcc.a(_clear_bss.o)
 .text.libgcc.mul
                0x00000000        0x0 c:/program files (x86)/atmel/studio/7.0/toolchain/avr8/avr8-gnu-toolchain/bin/../lib/gcc/avr/5.4.0/avrxmega3\libgcc.a(_clear_bss.o)
 .text.libgcc.div
                0x00000000        0x0 c:/program files (x86)/atmel/studio/7.0/toolchain/avr8/avr8-gnu-toolchain/bin/../lib/gcc/avr/5.4.0/avrxmega3\libgcc.a(_clear_bss.o)
 .text.libgcc   0x00000000        0x0 c:/program files (x86)/atmel/studio/7.0/toolchain/avr8/avr8-gnu-toolchain/bin/../lib/gcc/avr/5.4.0/avrxmega3\libgcc.a(_clear_bss.o)
 .text.libgcc.prologue
                0x00000000        0x0 c:/program files (x86)/atmel/studio/7.0/toolchain/avr8/avr8-gnu-toolchain/bin/../lib/gcc/avr/5.4.0/avrxmega3\libgcc.a(_clear_bss.o)
 .text.libgcc.builtins
                0x00000000        0x0 c:/program files (x86)/atmel/studio/7.0/toolchain/avr8/avr8-gnu-toolchain/bin/../lib/gcc/avr/5.4.0/avrxmega3\libgcc.a(_clear_bss.o)
 .text.libgcc.fmul
                0x00000000        0x0 c:/program files (x86)/atmel/studio/7.0/toolchain/avr8/avr8-gnu-toolchain/bin/../lib/gcc/avr/5.4.0/avrxmega3\libgcc.a(_clear_bss.o)
 .text.libgcc.fixed
                0x00000000        0x0 c:/program files (x86)/atmel/studio/7.0/toolchain/avr8/avr8-gnu-toolchain/bin/../lib/gcc/avr/5.4.0/avrxmega3\libgcc.a(_clear_bss.o)
 .text          0x00000000        0x0 c:/program files (x86)/atmel/studio/7.0/toolchain/avr8/avr8-gnu-toolchain/bin/../lib/gcc/avr/5.4.0/../../../../avr/lib/avrxmega3\libc.a(qsort.o)
 .data          0x00000000        0x0 c:/program files (x86)/atmel/studio/7.0/toolchain/avr8/avr8-gnu-toolchain/bin/../lib/gcc/avr/5.4.0/../../../../avr/lib/avrxmega3\libc.a(qsort.o)
 .bss           0x00000000        0x0 c:/program files (x86)/atmel/studio/7.0/toolchain/avr8/avr8-gnu-toolchain/bin/../lib/gcc/avr/5.4.0/../../../../avr/lib/avrxmega3\libc.a(qsort.o)
 .text          0x00000000        0x0 C:/Program Files/Microchip/MPLABX/v6.05/packs/Microchip/ATtiny_DFP/3.0.151/gcc/dev/attiny1626/avrxmega3\libattiny1626.a(ccp_write.o)
 .data          0x00000000        0x0 C:/Program Files/Microchip/MPLABX/v6.05/packs/Microchip/ATtiny_DFP/3.0.151/gcc/dev/attiny1626/avrxmega3\libattiny1626.a(ccp_write.o)
 .bss           0x00000000        0x0 C:/Program Files/Microchip/MPLABX/v6.05/packs/Microchip/ATtiny_DFP/3.0.151/gcc/dev/attiny1626/avrxmega3\libattiny1626.a(ccp_write.o)
 .text          0x00000000        0x0 c:/program files (x86)/atmel/studio/7.0/toolchain/avr8/avr8-gnu-toolchain/bin/../lib/gcc/avr/5.4.0/avrxmega3\libgcc.a(_udivmodhi4.o)
 .data          0x00000000        0x0 c:/program files (x86)/atmel/studio/7.0/toolchain/avr8/avr8-gnu-toolchain/bin/../lib/gcc/avr/5.4.0/avrxmega3\libgcc.a(_udivmodhi4.o)
 .bss           0x00000000        0x0 c:/program files (x86)/atmel/studio/7.0/toolchain/avr8/avr8-gnu-toolchain/bin/../lib/gcc/avr/5.4.0/avrxmega3\libgcc.a(_udivmodhi4.o)
 .text.libgcc.mul
                0x00000000        0x0 c:/program files (x86)/atmel/studio/7.0/toolchain/avr8/avr8-gnu-toolchain/bin/../lib/gcc/avr/5.4.0/avrxmega3\libgcc.a(_udivmodhi4.o)
 .text.libgcc   0x00000000        0x0 c:/program files (x86)/atmel/studio/7.0/toolchain/avr8/avr8-gnu-toolchain/bin/../lib/gcc/avr/5.4.0/avrxmega3\libgcc.a(_udivmodhi4.o)
 .text.libgcc.prologue
                0x00000000        0x0 c:/program files (x86)/atmel/studio/7.0/toolchain/avr8/avr8-gnu-toolchain/bin/../lib/gcc/avr/5.4.0/avrxmega3\libgcc.a(_udivmodhi4.o)
 .text.libgcc.builtins
                0x00000000        0x0 c:/program files (x86)/atmel/studio/7.0/toolchain/avr8/avr8-gnu-toolchain/bin/../lib/gcc/avr/5.4.0/avrxmega3\libgcc.a(_udivmodhi4.o)
 .text.libgcc.fmul
                0x00000000        0x0 c:/program files (x86)/atmel/studio/7.0/toolchain/avr8/avr8-gnu-toolchain/bin/../lib/gcc/avr/5.4.0/avrxmega3\libgcc.a(_udivmodhi4.o)
 .text.libgcc.fixed
                0x00000000        0x0 c:/program files (x86)/atmel/studio/7.0/toolchain/avr8/avr8-gnu-toolchain/bin/../lib/gcc/avr/5.4.0/avrxmega3\libgcc.a(_udivmodhi4.o)
 .text          0x00000000        0x0 c:/program files (x86)/atmel/studio/7.0/toolchain/avr8/avr8-gnu-toolchain/bin/../lib/gcc/avr/5.4.0/avrxmega3\libgcc.a(_prologue.o)
 .data          0x00000000        0x0 c:/program files (x86)/atmel/studio/7.0/toolchain/avr8/avr8-gnu-toolchain/bin/../lib/gcc/avr/5.4.0/avrxmega3\libgcc.a(_prologue.o)
 .bss           0x00000000        0x0 c:/program files (x86)/atmel/studio/7.0/toolchain/avr8/avr8-gnu-toolchain/bin/../lib/gcc/avr/5.4.0/avrxmega3\libgcc.a(_prologue.o)
 .text.libgcc.mul
                0x00000000        0x0 c:/program files (x86)/atmel/studio/7.0/toolchain/avr8/avr8-gnu-toolchain/bin/../lib/gcc/avr/5.4.0/avrxmega3\libgcc.a(_prologue.o)
 .text.libgcc.div
                0x00000000        0x0 c:/program files (x86)/atmel/studio/7.0/toolchain/avr8/avr8-gnu-toolchain/bin/../lib/gcc/avr/5.4.0/avrxmega3\libgcc.a(_prologue.o)
 .text.libgcc   0x00000000        0x0 c:/program files (x86)/atmel/studio/7.0/toolchain/avr8/avr8-gnu-toolchain/bin/../lib/gcc/avr/5.4.0/avrxmega3\libgcc.a(_prologue.o)
 .text.libgcc.builtins
                0x00000000        0x0 c:/program files (x86)/atmel/studio/7.0/toolchain/avr8/avr8-gnu-toolchain/bin/../lib/gcc/avr/5.4.0/avrxmega3\libgcc.a(_prologue.o)
 .text.libgcc.fmul
                0x00000000        0x0 c:/program files (x86)/atmel/studio/7.0/toolchain/avr8/avr8-gnu-toolchain/bin/../lib/gcc/avr/5.4.0/avrxmega3\libgcc.a(_prologue.o)
 .text.libgcc.fixed
                0x00000000        0x0 c:/program files (x86)/atmel/studio/7.0/toolchain/avr8/avr8-gnu-toolchain/bin/../lib/gcc/avr/5.4.0/avrxmega3\libgcc.a(_prologue.o)
 .text          0x00000000        0x0 c:/program files (x86)/atmel/studio/7.0/toolchain/avr8/avr8-gnu-toolchain/bin/../lib/gcc/avr/5.4.0/avrxmega3\libgcc.a(_epilogue.o)
 .data          0x00000000        0x0 c:/program files (x86)/atmel/studio/7.0/toolchain/avr8/avr8-gnu-toolchain/bin/../lib/gcc/avr/5.4.0/avrxmega3\libgcc.a(_epilogue.o)
 .bss           0x00000000        0x0 c:/program files (x86)/atmel/studio/7.0/toolchain/avr8/avr8-gnu-toolchain/bin/../lib/gcc/avr/5.4.0/avrxmega3\libgcc.a(_epilogue.o)
 .text.libgcc.mul
                0x00000000        0x0 c:/program files (x86)/atmel/studio/7.0/toolchain/avr8/avr8-gnu-toolchain/bin/../lib/gcc/avr/5.4.0/avrxmega3\libgcc.a(_epilogue.o)
 .text.libgcc.div
                0x00000000        0x0 c:/program files (x86)/atmel/studio/7.0/toolchain/avr8/avr8-gnu-toolchain/bin/../lib/gcc/avr/5.4.0/avrxmega3\libgcc.a(_epilogue.o)
 .text.libgcc   0x00000000        0x0 c:/program files (x86)/atmel/studio/7.0/toolchain/avr8/avr8-gnu-toolchain/bin/../lib/gcc/avr/5.4.0/avrxmega3\libgcc.a(_epilogue.o)
 .text.libgcc.builtins
                0x00000000        0x0 c:/program files (x86)/atmel/studio/7.0/toolchain/avr8/avr8-gnu-toolchain/bin/../lib/gcc/avr/5.4.0/avrxmega3\libgcc.a(_epilogue.o)
 .text.libgcc.fmul
                0x00000000        0x0 c:/program files (x86)/atmel/studio/7.0/toolchain/avr8/avr8-gnu-toolchain/bin/../lib/gcc/avr/5.4.0/avrxmega3\libgcc.a(_epilogue.o)
 .text.libgcc.fixed
                0x00000000        0x0 c:/program files (x86)/atmel/studio/7.0/toolchain/avr8/avr8-gnu-toolchain/bin/../lib/gcc/avr/5.4.0/avrxmega3\libgcc.a(_epilogue.o)

Memory Configuration

Name             Origin             Length             Attributes
text             0x00000000         0x00004000         xr
data             0x00803800         0x00000800         rw !x
eeprom           0x00810000         0x00000100         rw !x
fuse             0x00820000         0x0000000a         rw !x
lock             0x00830000         0x00000400         rw !x
signature        0x00840000         0x00000400         rw !x
user_signatures  0x00850000         0x00000400         rw !x
*default*        0x00000000         0xffffffff

Linker script and memory map

Address of section .data set to 0x803800
                0x00008000                __RODATA_PM_OFFSET__ = 0x8000
LOAD C:/Program Files/Microchip/MPLABX/v6.05/packs/Microchip/ATtiny_DFP/3.0.151/gcc/dev/attiny1626/avrxmega3/crtattiny1626.o
LOAD build/default/production/src/adc.o
LOAD build/default/production/src/button.o
LOAD build/default/production/src/encoder.o
LOAD build/default/production/src/i2c.o
LOAD build/default/production/src/init.o
LOAD build/default/production/src/ledandcolor.o
LOAD build/default/production/src/timer.o
LOAD build/default/production/_ext/282020558/i2cAlternative.o
LOAD build/default/production/main.o
LOAD build/default/production/_ext/282020558/debug.o
                0x00000001                __MPLAB_BUILD = 0x1
START GROUP
LOAD c:/program files (x86)/atmel/studio/7.0/toolchain/avr8/avr8-gnu-toolchain/bin/../lib/gcc/avr/5.4.0/../../../../avr/lib/avrxmega3\libm.a
END GROUP
START GROUP
LOAD c:/program files (x86)/atmel/studio/7.0/toolchain/avr8/avr8-gnu-toolchain/bin/../lib/gcc/avr/5.4.0/avrxmega3\libgcc.a
LOAD c:/program files (x86)/atmel/studio/7.0/toolchain/avr8/avr8-gnu-toolchain/bin/../lib/gcc/avr/5.4.0/../../../../avr/lib/avrxmega3\libm.a
LOAD c:/program files (x86)/atmel/studio/7.0/toolchain/avr8/avr8-gnu-toolchain/bin/../lib/gcc/avr/5.4.0/../../../../avr/lib/avrxmega3\libc.a
LOAD C:/Program Files/Microchip/MPLABX/v6.05/packs/Microchip/ATtiny_DFP/3.0.151/gcc/dev/attiny1626/avrxmega3\libattiny1626.a
END GROUP
                [0x00000000]                __TEXT_REGION_ORIGIN__ = DEFINED (__TEXT_REGION_ORIGIN__)?__TEXT_REGION_ORIGIN__:0x0
                [0x00803800]                __DATA_REGION_ORIGIN__ = DEFINED (__DATA_REGION_ORIGIN__)?__DATA_REGION_ORIGIN__:0x802000
                [0x00004000]                __TEXT_REGION_LENGTH__ = DEFINED (__TEXT_REGION_LENGTH__)?__TEXT_REGION_LENGTH__:0x100000
                [0x00000800]                __DATA_REGION_LENGTH__ = DEFINED (__DATA_REGION_LENGTH__)?__DATA_REGION_LENGTH__:0xffa0
                [0x00000100]                __EEPROM_REGION_LENGTH__ = DEFINED (__EEPROM_REGION_LENGTH__)?__EEPROM_REGION_LENGTH__:0x10000
                [0x0000000a]                __FUSE_REGION_LENGTH__ = DEFINED (__FUSE_REGION_LENGTH__)?__FUSE_REGION_LENGTH__:0x400
                0x00000400                __LOCK_REGION_LENGTH__ = DEFINED (__LOCK_REGION_LENGTH__)?__LOCK_REGION_LENGTH__:0x400
                0x00000400                __SIGNATURE_REGION_LENGTH__ = DEFINED (__SIGNATURE_REGION_LENGTH__)?__SIGNATURE_REGION_LENGTH__:0x400
                0x00000400                __USER_SIGNATURE_REGION_LENGTH__ = DEFINED (__USER_SIGNATURE_REGION_LENGTH__)?__USER_SIGNATURE_REGION_LENGTH__:0x400
                0x00008000                __RODATA_PM_OFFSET__ = DEFINED (__RODATA_PM_OFFSET__)?__RODATA_PM_OFFSET__:0x8000

.hash
 *(.hash)

.dynsym
 *(.dynsym)

.dynstr
 *(.dynstr)

.gnu.version
 *(.gnu.version)

.gnu.version_d
 *(.gnu.version_d)

.gnu.version_r
 *(.gnu.version_r)

.rel.init
 *(.rel.init)

.rela.init
 *(.rela.init)

.rel.text
 *(.rel.text)
 *(.rel.text.*)
 *(.rel.gnu.linkonce.t*)

.rela.text
 *(.rela.text)
 *(.rela.text.*)
 *(.rela.gnu.linkonce.t*)

.rel.fini
 *(.rel.fini)

.rela.fini
 *(.rela.fini)

.rel.rodata
 *(.rel.rodata)
 *(.rel.rodata.*)
 *(.rel.gnu.linkonce.r*)

.rela.rodata
 *(.rela.rodata)
 *(.rela.rodata.*)
 *(.rela.gnu.linkonce.r*)

.rel.data
 *(.rel.data)
 *(.rel.data.*)
 *(.rel.gnu.linkonce.d*)

.rela.data
 *(.rela.data)
 *(.rela.data.*)
 *(.rela.gnu.linkonce.d*)

.rel.ctors
 *(.rel.ctors)

.rela.ctors
 *(.rela.ctors)

.rel.dtors
 *(.rel.dtors)

.rela.dtors
 *(.rela.dtors)

.rel.got
 *(.rel.got)

.rela.got
 *(.rela.got)

.rel.bss
 *(.rel.bss)

.rela.bss
 *(.rela.bss)

.rel.plt
 *(.rel.plt)

.rela.plt
 *(.rela.plt)

.text           0x00000000     0x1018
 *(.vectors)
 .vectors       0x00000000       0x78 C:/Program Files/Microchip/MPLABX/v6.05/packs/Microchip/ATtiny_DFP/3.0.151/gcc/dev/attiny1626/avrxmega3/crtattiny1626.o
                0x00000000                __vector_default
                0x00000000                __vectors
 *(.vectors)
 *(.progmem.gcc*)
                0x00000078                . = ALIGN (0x2)
                0x00000078                __trampolines_start = .
 *(.trampolines)
 .trampolines   0x00000078        0x0 linker stubs
 *(.trampolines*)
                0x00000078                __trampolines_end = .
 *libprintf_flt.a:*(.progmem.data)
 *libc.a:*(.progmem.data)
 *(.progmem*)
                0x00000078                . = ALIGN (0x2)
 *(.jumptables)
 *(.jumptables*)
 *(.lowtext)
 *(.lowtext*)
                0x00000078                __ctors_start = .
 *(.ctors)
                0x00000078                __ctors_end = .
                0x00000078                __dtors_start = .
 *(.dtors)
                0x00000078                __dtors_end = .
 SORT(*)(.ctors)
 SORT(*)(.dtors)
 *(.init0)
 .init0         0x00000078        0x0 C:/Program Files/Microchip/MPLABX/v6.05/packs/Microchip/ATtiny_DFP/3.0.151/gcc/dev/attiny1626/avrxmega3/crtattiny1626.o
                0x00000078                __init
 *(.init0)
 *(.init1)
 *(.init1)
 *(.init2)
 .init2         0x00000078        0xc C:/Program Files/Microchip/MPLABX/v6.05/packs/Microchip/ATtiny_DFP/3.0.151/gcc/dev/attiny1626/avrxmega3/crtattiny1626.o
 *(.init2)
 *(.init3)
 *(.init3)
 *(.init4)
 .init4         0x00000084       0x16 c:/program files (x86)/atmel/studio/7.0/toolchain/avr8/avr8-gnu-toolchain/bin/../lib/gcc/avr/5.4.0/avrxmega3\libgcc.a(_copy_data.o)
                0x00000084                __do_copy_data
 .init4         0x0000009a       0x10 c:/program files (x86)/atmel/studio/7.0/toolchain/avr8/avr8-gnu-toolchain/bin/../lib/gcc/avr/5.4.0/avrxmega3\libgcc.a(_clear_bss.o)
                0x0000009a                __do_clear_bss
 *(.init4)
 *(.init5)
 *(.init5)
 *(.init6)
 *(.init6)
 *(.init7)
 *(.init7)
 *(.init8)
 *(.init8)
 *(.init9)
 .init9         0x000000aa        0x8 C:/Program Files/Microchip/MPLABX/v6.05/packs/Microchip/ATtiny_DFP/3.0.151/gcc/dev/attiny1626/avrxmega3/crtattiny1626.o
 *(.init9)
 *(.text)
 .text          0x000000b2        0x4 C:/Program Files/Microchip/MPLABX/v6.05/packs/Microchip/ATtiny_DFP/3.0.151/gcc/dev/attiny1626/avrxmega3/crtattiny1626.o
                0x000000b2                __vector_22
                0x000000b2                __vector_28
                0x000000b2                __vector_1
                0x000000b2                __vector_24
                0x000000b2                __vector_12
                0x000000b2                __bad_interrupt
                0x000000b2                __vector_6
                0x000000b2                __vector_3
                0x000000b2                __vector_25
                0x000000b2                __vector_11
                0x000000b2                __vector_17
                0x000000b2                __vector_19
                0x000000b2                __vector_7
                0x000000b2                __vector_27
                0x000000b2                __vector_5
                0x000000b2                __vector_4
                0x000000b2                __vector_9
                0x000000b2                __vector_2
                0x000000b2                __vector_21
                0x000000b2                __vector_15
                0x000000b2                __vector_29
                0x000000b2                __vector_26
                0x000000b2                __vector_10
                0x000000b2                __vector_18
                0x000000b2                __vector_20
                0x000000b6                . = ALIGN (0x2)
 *(.text.*)
 .text.adc_start_prepare
                0x000000b6       0x14 build/default/production/src/adc.o
                0x000000b6                adc_start_prepare
 .text.adc_start_go
                0x000000ca        0xc build/default/production/src/adc.o
                0x000000ca                adc_start_go
 .text.adc_getValue
                0x000000d6       0x12 build/default/production/src/adc.o
                0x000000d6                adc_getValue
 .text.adc_setValue
                0x000000e8       0x24 build/default/production/src/adc.o
                0x000000e8                adc_setValue
 .text.adc_init
                0x0000010c       0x28 build/default/production/src/adc.o
                0x0000010c                adc_init
 .text.but_getStates
                0x00000134        0x6 build/default/production/src/button.o
                0x00000134                but_getStates
 .text.but_updateStates
                0x0000013a      0x1b2 build/default/production/src/button.o
                0x0000013a                but_updateStates
 .text.but_init
                0x000002ec       0x5c build/default/production/src/button.o
                0x000002ec                but_init
 .text.enc_getValue
                0x00000348        0xa build/default/production/src/encoder.o
                0x00000348                enc_getValue
 .text.enc_update
                0x00000352       0x5e build/default/production/src/encoder.o
                0x00000352                enc_update
 .text.enc_init
                0x000003b0       0x48 build/default/production/src/encoder.o
                0x000003b0                enc_init
 .text.i2c_init
                0x000003f8       0x24 build/default/production/src/i2c.o
                0x000003f8                i2c_init
 .text.led_Compare
                0x0000041c       0x28 build/default/production/src/ledandcolor.o
                0x0000041c                led_Compare
 .text.led_shiftSend
                0x00000444       0x16 build/default/production/src/ledandcolor.o
                0x00000444                led_shiftSend
 .text.led_updateRGB
                0x0000045a       0x4c build/default/production/src/ledandcolor.o
                0x0000045a                led_updateRGB
 .text.led_rgbInit
                0x000004a6       0xcc build/default/production/src/ledandcolor.o
                0x000004a6                led_rgbInit
 .text.led_updateColorSystem
                0x00000572      0x128 build/default/production/src/ledandcolor.o
                0x00000572                led_updateColorSystem
 .text.led_init
                0x0000069a       0x60 build/default/production/src/ledandcolor.o
                0x0000069a                led_init
 .text.time_t0Init
                0x000006fa       0x1a build/default/production/src/timer.o
                0x000006fa                time_t0Init
 .text.time_t1Init
                0x00000714       0x1a build/default/production/src/timer.o
                0x00000714                time_t1Init
 .text.reset_states
                0x0000072e        0xe build/default/production/_ext/282020558/i2cAlternative.o
                0x0000072e                reset_states
 .text.__vector_14
                0x0000073c      0x19c build/default/production/_ext/282020558/i2cAlternative.o
                0x0000073c                __vector_14
 .text.__vector_23
                0x000008d8       0x6e build/default/production/main.o
                0x000008d8                __vector_23
 .text.__vector_16
                0x00000946       0x70 build/default/production/main.o
                0x00000946                __vector_16
 .text.__vector_8
                0x000009b6       0x40 build/default/production/main.o
                0x000009b6                __vector_8
 .text.__vector_13
                0x000009f6       0x40 build/default/production/main.o
                0x000009f6                __vector_13
 .text.getSensorData
                0x00000a36       0x58 build/default/production/main.o
                0x00000a36                getSensorData
 .text.setLedData
                0x00000a8e        0x6 build/default/production/main.o
                0x00000a8e                setLedData
 .text.main     0x00000a94       0xcc build/default/production/main.o
                0x00000a94                main
 .text.toggleCh1
                0x00000b60       0x2a build/default/production/_ext/282020558/debug.o
                0x00000b60                toggleCh1
 .text.toggleCh2
                0x00000b8a       0x2a build/default/production/_ext/282020558/debug.o
                0x00000b8a                toggleCh2
 .text.avr-libc
                0x00000bb4      0x3ca c:/program files (x86)/atmel/studio/7.0/toolchain/avr8/avr8-gnu-toolchain/bin/../lib/gcc/avr/5.4.0/../../../../avr/lib/avrxmega3\libc.a(qsort.o)
                0x00000c36                qsort
 .text.avr-libc
                0x00000f7e        0xc C:/Program Files/Microchip/MPLABX/v6.05/packs/Microchip/ATtiny_DFP/3.0.151/gcc/dev/attiny1626/avrxmega3\libattiny1626.a(ccp_write.o)
                0x00000f7e                ccp_write_io
 .text.libgcc.div
                0x00000f8a       0x28 c:/program files (x86)/atmel/studio/7.0/toolchain/avr8/avr8-gnu-toolchain/bin/../lib/gcc/avr/5.4.0/avrxmega3\libgcc.a(_udivmodhi4.o)
                0x00000f8a                __udivmodhi4
 .text.libgcc.prologue
                0x00000fb2       0x32 c:/program files (x86)/atmel/studio/7.0/toolchain/avr8/avr8-gnu-toolchain/bin/../lib/gcc/avr/5.4.0/avrxmega3\libgcc.a(_prologue.o)
                0x00000fb2                __prologue_saves__
 .text.libgcc.prologue
                0x00000fe4       0x30 c:/program files (x86)/atmel/studio/7.0/toolchain/avr8/avr8-gnu-toolchain/bin/../lib/gcc/avr/5.4.0/avrxmega3\libgcc.a(_epilogue.o)
                0x00000fe4                __epilogue_restores__
                0x00001014                . = ALIGN (0x2)
 *(.fini9)
 .fini9         0x00001014        0x0 c:/program files (x86)/atmel/studio/7.0/toolchain/avr8/avr8-gnu-toolchain/bin/../lib/gcc/avr/5.4.0/avrxmega3\libgcc.a(_exit.o)
                0x00001014                _exit
                0x00001014                exit
 *(.fini9)
 *(.fini8)
 *(.fini8)
 *(.fini7)
 *(.fini7)
 *(.fini6)
 *(.fini6)
 *(.fini5)
 *(.fini5)
 *(.fini4)
 *(.fini4)
 *(.fini3)
 *(.fini3)
 *(.fini2)
 *(.fini2)
 *(.fini1)
 *(.fini1)
 *(.fini0)
 .fini0         0x00001014        0x4 c:/program files (x86)/atmel/studio/7.0/toolchain/avr8/avr8-gnu-toolchain/bin/../lib/gcc/avr/5.4.0/avrxmega3\libgcc.a(_exit.o)
 *(.fini0)
                0x00001018                _etext = .

.rodata
 *(.rodata)
 *(.rodata*)
 *(.gnu.linkonce.r*)

.data           0x00803800        0xa load address 0x00001018
                0x00803800                PROVIDE (__data_start, .)
 *(.data)
 *(.data*)
 .data.led_event_n
                0x00803800        0x1 build/default/production/src/ledandcolor.o
                0x00803800                led_event_n
 .data.sensor_data_ptr
                0x00803801        0x2 build/default/production/main.o
                0x00803801                sensor_data_ptr
 .data.sensor_data
                0x00803803        0x6 build/default/production/main.o
                0x00803803                sensor_data
 *(.gnu.linkonce.d*)
                0x0080380a                . = ALIGN (0x2)
 *fill*         0x00803809        0x1 
                0x0080380a                _edata = .
                0x0080380a                PROVIDE (__data_end, .)

.bss            0x0080380a       0xc1
                0x0080380a                PROVIDE (__bss_start, .)
 *(.bss)
 *(.bss*)
 .bss.adcNumG   0x0080380a        0x1 build/default/production/src/adc.o
                0x0080380a                adcNumG
 .bss.adcValuesNew
                0x0080380b        0x4 build/default/production/src/adc.o
                0x0080380b                adcValuesNew
 .bss.buttonStates
                0x0080380f        0x1 build/default/production/src/button.o
                0x0080380f                buttonStates
 .bss.buttonStatesNew
                0x00803810        0x1 build/default/production/src/button.o
                0x00803810                buttonStatesNew
 .bss.butFilterCnt
                0x00803811        0x1 build/default/production/src/button.o
                0x00803811                butFilterCnt
 .bss.last      0x00803812        0x1 build/default/production/src/encoder.o
 .bss.enc_val   0x00803813        0x2 build/default/production/src/encoder.o
                0x00803813                enc_val
 .bss.led_event_i
                0x00803815        0x1 build/default/production/src/ledandcolor.o
                0x00803815                led_event_i
 .bss.isNewLedEventReady
                0x00803816        0x1 build/default/production/src/ledandcolor.o
                0x00803816                isNewLedEventReady
 .bss.receive_state
                0x00803817        0x1 build/default/production/_ext/282020558/i2cAlternative.o
                0x00803817                receive_state
 .bss.I2C_busy  0x00803818        0x1 build/default/production/_ext/282020558/i2cAlternative.o
                0x00803818                I2C_busy
 .bss.I2C_REG_changed
                0x00803819        0x1 build/default/production/_ext/282020558/i2cAlternative.o
                0x00803819                I2C_REG_changed
 .bss.led_color_buf
                0x0080381a        0x1 build/default/production/_ext/282020558/i2cAlternative.o
                0x0080381a                led_color_buf
 .bss.led_buttons
                0x0080381b        0x4 build/default/production/_ext/282020558/i2cAlternative.o
                0x0080381b                led_buttons
 .bss.i2c_read_n
                0x0080381f        0x1 build/default/production/_ext/282020558/i2cAlternative.o
                0x0080381f                i2c_read_n
 .bss.i2c_read_i
                0x00803820        0x1 build/default/production/_ext/282020558/i2cAlternative.o
                0x00803820                i2c_read_i
 .bss.adc_i     0x00803821        0x1 build/default/production/main.o
                0x00803821                adc_i
 .bss.sensor_cnt2
                0x00803822        0x1 build/default/production/main.o
                0x00803822                sensor_cnt2
 .bss.sensor_cnt1
                0x00803823        0x1 build/default/production/main.o
                0x00803823                sensor_cnt1
 .bss.led_cnt2  0x00803824        0x1 build/default/production/main.o
                0x00803824                led_cnt2
 .bss.led_cnt1  0x00803825        0x1 build/default/production/main.o
                0x00803825                led_cnt1
 .bss.tog_ch2   0x00803826        0x1 build/default/production/_ext/282020558/debug.o
                0x00803826                tog_ch2
 .bss.tog_ch1   0x00803827        0x1 build/default/production/_ext/282020558/debug.o
                0x00803827                tog_ch1
 *(COMMON)
 COMMON         0x00803828        0x4 build/default/production/src/adc.o
                0x00803828                adcValues
 COMMON         0x0080382c        0x4 build/default/production/src/button.o
                0x0080382c                buttons
 COMMON         0x00803830        0x1 build/default/production/src/encoder.o
                0x00803830                enc_delta
 COMMON         0x00803831       0x17 build/default/production/src/i2c.o
                0x00803831                orderBuffer
                0x00803845                rxBuffer
 COMMON         0x00803848       0x6f build/default/production/src/ledandcolor.o
                0x00803848                leds
                0x00803860                led_events
                0x00803887                rgbButtons
                0x0080389f                leds_t
 COMMON         0x008038b7       0x11 build/default/production/_ext/282020558/i2cAlternative.o
                0x008038b7                I2C_REG
                0x008038c7                i2c_wrt_i
 COMMON         0x008038c8        0x3 build/default/production/main.o
                0x008038c8                event
                0x008038cb                PROVIDE (__bss_end, .)
                0x00001018                __data_load_start = LOADADDR (.data)
                0x00001022                __data_load_end = (__data_load_start + SIZEOF (.data))

.noinit         0x008038cb        0x0
                [!provide]                PROVIDE (__noinit_start, .)
 *(.noinit*)
                [!provide]                PROVIDE (__noinit_end, .)
                0x008038cb                _end = .
                [!provide]                PROVIDE (__heap_start, .)

.eeprom         0x00810000        0x0
 *(.eeprom*)
                0x00810000                __eeprom_end = .

.fuse
 *(.fuse)
 *(.lfuse)
 *(.hfuse)
 *(.efuse)

.lock
 *(.lock*)

.signature
 *(.signature*)

.user_signatures
 *(.user_signatures*)

.stab
 *(.stab)

.stabstr
 *(.stabstr)

.stab.excl
 *(.stab.excl)

.stab.exclstr
 *(.stab.exclstr)

.stab.index
 *(.stab.index)

.stab.indexstr
 *(.stab.indexstr)

.comment        0x00000000       0x30
 *(.comment)
 .comment       0x00000000       0x30 build/default/production/src/adc.o
                                 0x31 (size before relaxing)
 .comment       0x00000030       0x31 build/default/production/src/button.o
 .comment       0x00000030       0x31 build/default/production/src/encoder.o
 .comment       0x00000030       0x31 build/default/production/src/i2c.o
 .comment       0x00000030       0x31 build/default/production/src/ledandcolor.o
 .comment       0x00000030       0x31 build/default/production/src/timer.o
 .comment       0x00000030       0x31 build/default/production/_ext/282020558/i2cAlternative.o
 .comment       0x00000030       0x31 build/default/production/main.o
 .comment       0x00000030       0x31 build/default/production/_ext/282020558/debug.o
 .comment       0x00000030       0x31 c:/program files (x86)/atmel/studio/7.0/toolchain/avr8/avr8-gnu-toolchain/bin/../lib/gcc/avr/5.4.0/../../../../avr/lib/avrxmega3\libc.a(qsort.o)

.note.gnu.avr.deviceinfo
                0x00000000       0x40
 .note.gnu.avr.deviceinfo
                0x00000000       0x40 C:/Program Files/Microchip/MPLABX/v6.05/packs/Microchip/ATtiny_DFP/3.0.151/gcc/dev/attiny1626/avrxmega3/crtattiny1626.o

.note.gnu.build-id
 *(.note.gnu.build-id)

.debug
 *(.debug)

.line
 *(.line)

.debug_srcinfo
 *(.debug_srcinfo)

.debug_sfnames
 *(.debug_sfnames)

.debug_aranges  0x00000000       0x20
 *(.debug_aranges)
 .debug_aranges
                0x00000000       0x20 C:/Program Files/Microchip/MPLABX/v6.05/packs/Microchip/ATtiny_DFP/3.0.151/gcc/dev/attiny1626/avrxmega3\libattiny1626.a(ccp_write.o)

.debug_pubnames
 *(.debug_pubnames)

.debug_info     0x00000000     0x1c36
 *(.debug_info .gnu.linkonce.wi.*)
 .debug_info    0x00000000     0x1b97 C:/Program Files/Microchip/MPLABX/v6.05/packs/Microchip/ATtiny_DFP/3.0.151/gcc/dev/attiny1626/avrxmega3/crtattiny1626.o
 .debug_info    0x00001b97       0x9f C:/Program Files/Microchip/MPLABX/v6.05/packs/Microchip/ATtiny_DFP/3.0.151/gcc/dev/attiny1626/avrxmega3\libattiny1626.a(ccp_write.o)

.debug_abbrev   0x00000000     0x1a34
 *(.debug_abbrev)
 .debug_abbrev  0x00000000     0x1a20 C:/Program Files/Microchip/MPLABX/v6.05/packs/Microchip/ATtiny_DFP/3.0.151/gcc/dev/attiny1626/avrxmega3/crtattiny1626.o
 .debug_abbrev  0x00001a20       0x14 C:/Program Files/Microchip/MPLABX/v6.05/packs/Microchip/ATtiny_DFP/3.0.151/gcc/dev/attiny1626/avrxmega3\libattiny1626.a(ccp_write.o)

.debug_line     0x00000000      0x1b2
 *(.debug_line .debug_line.* .debug_line_end)
 .debug_line    0x00000000      0x14b C:/Program Files/Microchip/MPLABX/v6.05/packs/Microchip/ATtiny_DFP/3.0.151/gcc/dev/attiny1626/avrxmega3/crtattiny1626.o
 .debug_line    0x0000014b       0x67 C:/Program Files/Microchip/MPLABX/v6.05/packs/Microchip/ATtiny_DFP/3.0.151/gcc/dev/attiny1626/avrxmega3\libattiny1626.a(ccp_write.o)

.debug_frame
 *(.debug_frame)

.debug_str      0x00000000      0xbdd
 *(.debug_str)
 .debug_str     0x00000000      0xbdd C:/Program Files/Microchip/MPLABX/v6.05/packs/Microchip/ATtiny_DFP/3.0.151/gcc/dev/attiny1626/avrxmega3/crtattiny1626.o

.debug_loc
 *(.debug_loc)

.debug_macinfo
 *(.debug_macinfo)

.debug_weaknames
 *(.debug_weaknames)

.debug_funcnames
 *(.debug_funcnames)

.debug_typenames
 *(.debug_typenames)

.debug_varnames
 *(.debug_varnames)

.debug_pubtypes
 *(.debug_pubtypes)

.debug_ranges
 *(.debug_ranges)

.debug_macro
 *(.debug_macro)
OUTPUT(dist/default/production/mocFullTest.X.production.elf elf32-avr)
LOAD linker stubs
