Archive member included to satisfy reference by file (symbol)

c:/program files/microchip/xc8/v2.36/avr/bin/../lib/gcc/avr/5.4.0/avrxmega3\libgcc.a(_udivmodqi4.o)
                              .ca/build/Config_1/production/src/ledandcolor.o (__udivmodqi4)
c:/program files/microchip/xc8/v2.36/avr/bin/../lib/gcc/avr/5.4.0/avrxmega3\libgcc.a(_tablejump2.o)
                              .ca/build/Config_1/production/src/i2c.o (__tablejump2__)
c:/program files/microchip/xc8/v2.36/avr/bin/../lib/gcc/avr/5.4.0/avrxmega3\libgcc.a(_copy_data.o)
                              .ca/build/Config_1/production/src/i2c.o (__do_copy_data)
c:/program files/microchip/xc8/v2.36/avr/bin/../lib/gcc/avr/5.4.0/../../../../avr/lib/avrxmega3\libc.a(exit.o)
                              C:/Program Files/Microchip/MPLABX/v6.05/packs/Microchip/ATtiny_DFP/3.0.151/xc8/avr/lib/avrxmega3/crtattiny1626.o (exit)
c:/program files/microchip/xc8/v2.36/avr/bin/../lib/gcc/avr/5.4.0/../../../../avr/lib/avrxmega3\libc.a(qsort.o)
                              .ca/build/Config_1/production/src/ledandcolor.o (qsort)
c:/program files/microchip/xc8/v2.36/avr/bin/../lib/gcc/avr/5.4.0/../../../../avr/lib/avrxmega3\libc.a(memcpy.o)
                              c:/program files/microchip/xc8/v2.36/avr/bin/../lib/gcc/avr/5.4.0/../../../../avr/lib/avrxmega3\libc.a(qsort.o) (memcpy)
c:/program files/microchip/xc8/v2.36/avr/bin/../lib/gcc/avr/5.4.0/../../../../avr/lib/avrxmega3\libc.a(_Exit.o)
                              c:/program files/microchip/xc8/v2.36/avr/bin/../lib/gcc/avr/5.4.0/../../../../avr/lib/avrxmega3\libc.a(exit.o) (_Exit)
C:/Program Files/Microchip/MPLABX/v6.05/packs/Microchip/ATtiny_DFP/3.0.151/xc8/avr/lib/avrxmega3\libattiny1626.a(ccp_write.o)
                              .ca/build/Config_1/production/main.o (ccp_write_io)
c:/program files/microchip/xc8/v2.36/avr/bin/../lib/gcc/avr/5.4.0/avrxmega3\libgcc.a(_mulsi3.o)
                              c:/program files/microchip/xc8/v2.36/avr/bin/../lib/gcc/avr/5.4.0/../../../../avr/lib/avrxmega3\libc.a(qsort.o) (__mulsi3)
c:/program files/microchip/xc8/v2.36/avr/bin/../lib/gcc/avr/5.4.0/avrxmega3\libgcc.a(_exit.o)
                              c:/program files/microchip/xc8/v2.36/avr/bin/../lib/gcc/avr/5.4.0/../../../../avr/lib/avrxmega3\libc.a(_Exit.o) (_exit)
c:/program files/microchip/xc8/v2.36/avr/bin/../lib/gcc/avr/5.4.0/avrxmega3\libgcc.a(_muluhisi3.o)
                              c:/program files/microchip/xc8/v2.36/avr/bin/../lib/gcc/avr/5.4.0/avrxmega3\libgcc.a(_mulsi3.o) (__muluhisi3)
c:/program files/microchip/xc8/v2.36/avr/bin/../lib/gcc/avr/5.4.0/avrxmega3\libgcc.a(_prologue.o)
                              c:/program files/microchip/xc8/v2.36/avr/bin/../lib/gcc/avr/5.4.0/../../../../avr/lib/avrxmega3\libc.a(qsort.o) (__prologue_saves__)
c:/program files/microchip/xc8/v2.36/avr/bin/../lib/gcc/avr/5.4.0/avrxmega3\libgcc.a(_epilogue.o)
                              c:/program files/microchip/xc8/v2.36/avr/bin/../lib/gcc/avr/5.4.0/../../../../avr/lib/avrxmega3\libc.a(qsort.o) (__epilogue_restores__)
c:/program files/microchip/xc8/v2.36/avr/bin/../lib/gcc/avr/5.4.0/avrxmega3\libgcc.a(_umulhisi3.o)
                              c:/program files/microchip/xc8/v2.36/avr/bin/../lib/gcc/avr/5.4.0/avrxmega3\libgcc.a(_muluhisi3.o) (__umulhisi3)

Discarded input sections

 .data          0x0000000000000000        0x0 C:/Program Files/Microchip/MPLABX/v6.05/packs/Microchip/ATtiny_DFP/3.0.151/xc8/avr/lib/avrxmega3/crtattiny1626.o
 .bss           0x0000000000000000        0x0 C:/Program Files/Microchip/MPLABX/v6.05/packs/Microchip/ATtiny_DFP/3.0.151/xc8/avr/lib/avrxmega3/crtattiny1626.o
 .text          0x0000000000000000        0x0 .ca/build/Config_1/production/src/adc.o
 .data          0x0000000000000000        0x0 .ca/build/Config_1/production/src/adc.o
 .bss           0x0000000000000000        0x0 .ca/build/Config_1/production/src/adc.o
 .text.adc_start
                0x0000000000000000       0x24 .ca/build/Config_1/production/src/adc.o
 .text.adc_getValue
                0x0000000000000000       0x12 .ca/build/Config_1/production/src/adc.o
 .text.adc_setValue
                0x0000000000000000       0x14 .ca/build/Config_1/production/src/adc.o
 .text.adc_filterValues
                0x0000000000000000       0x1c .ca/build/Config_1/production/src/adc.o
 .text.adc_updateHysteresis
                0x0000000000000000       0x6c .ca/build/Config_1/production/src/adc.o
 .text.adc_filter
                0x0000000000000000       0x5c .ca/build/Config_1/production/src/adc.o
 .text.adc_increaseBitDepth
                0x0000000000000000       0x5e .ca/build/Config_1/production/src/adc.o
 .text.adc_init
                0x0000000000000000       0x28 .ca/build/Config_1/production/src/adc.o
 .bss.adcNumG   0x0000000000000000        0x1 .ca/build/Config_1/production/src/adc.o
 .bss.filtered  0x0000000000000000        0x8 .ca/build/Config_1/production/src/adc.o
 .bss.adcValues
                0x0000000000000000        0x4 .ca/build/Config_1/production/src/adc.o
 .bss.adcValuesNew
                0x0000000000000000        0x4 .ca/build/Config_1/production/src/adc.o
 .debug_info    0x0000000000000000      0xd10 .ca/build/Config_1/production/src/adc.o
 .debug_abbrev  0x0000000000000000      0x213 .ca/build/Config_1/production/src/adc.o
 .debug_loc     0x0000000000000000      0x2da .ca/build/Config_1/production/src/adc.o
 .debug_aranges
                0x0000000000000000       0x58 .ca/build/Config_1/production/src/adc.o
 .debug_ranges  0x0000000000000000       0x48 .ca/build/Config_1/production/src/adc.o
 .debug_line    0x0000000000000000      0x2a9 .ca/build/Config_1/production/src/adc.o
 .debug_str     0x0000000000000000        0x7 .ca/build/Config_1/production/src/adc.o
 .comment       0x0000000000000000       0x30 .ca/build/Config_1/production/src/adc.o
 .debug_frame   0x0000000000000000       0xac .ca/build/Config_1/production/src/adc.o
 .text          0x0000000000000000        0x0 .ca/build/Config_1/production/src/button.o
 .data          0x0000000000000000        0x0 .ca/build/Config_1/production/src/button.o
 .bss           0x0000000000000000        0x0 .ca/build/Config_1/production/src/button.o
 .text.but_getStates
                0x0000000000000000        0x6 .ca/build/Config_1/production/src/button.o
 .text.but_updateStates
                0x0000000000000000      0x1b2 .ca/build/Config_1/production/src/button.o
 .text.but_init
                0x0000000000000000       0x5c .ca/build/Config_1/production/src/button.o
 .bss.buttonStates
                0x0000000000000000        0x1 .ca/build/Config_1/production/src/button.o
 .bss.buttonStatesNew
                0x0000000000000000        0x1 .ca/build/Config_1/production/src/button.o
 .bss.butFilterCnt
                0x0000000000000000        0x1 .ca/build/Config_1/production/src/button.o
 .bss.buttons   0x0000000000000000        0x4 .ca/build/Config_1/production/src/button.o
 .debug_info    0x0000000000000000      0x5f2 .ca/build/Config_1/production/src/button.o
 .debug_abbrev  0x0000000000000000      0x149 .ca/build/Config_1/production/src/button.o
 .debug_loc     0x0000000000000000       0x8a .ca/build/Config_1/production/src/button.o
 .debug_aranges
                0x0000000000000000       0x30 .ca/build/Config_1/production/src/button.o
 .debug_ranges  0x0000000000000000       0x20 .ca/build/Config_1/production/src/button.o
 .debug_line    0x0000000000000000      0x25a .ca/build/Config_1/production/src/button.o
 .debug_str     0x0000000000000000        0x0 .ca/build/Config_1/production/src/button.o
 .comment       0x0000000000000000       0x30 .ca/build/Config_1/production/src/button.o
 .debug_frame   0x0000000000000000       0x44 .ca/build/Config_1/production/src/button.o
 .text          0x0000000000000000        0x0 .ca/build/Config_1/production/src/encoder.o
 .data          0x0000000000000000        0x0 .ca/build/Config_1/production/src/encoder.o
 .bss           0x0000000000000000        0x0 .ca/build/Config_1/production/src/encoder.o
 .text.enc_getValue
                0x0000000000000000       0x44 .ca/build/Config_1/production/src/encoder.o
 .text.enc_start
                0x0000000000000000       0x72 .ca/build/Config_1/production/src/encoder.o
 .text.enc_init
                0x0000000000000000       0x48 .ca/build/Config_1/production/src/encoder.o
 .bss.last      0x0000000000000000        0x1 .ca/build/Config_1/production/src/encoder.o
 .bss.enc_val   0x0000000000000000        0x2 .ca/build/Config_1/production/src/encoder.o
 .bss.enc_valNew
                0x0000000000000000        0x2 .ca/build/Config_1/production/src/encoder.o
 .bss.enc_delta
                0x0000000000000000        0x1 .ca/build/Config_1/production/src/encoder.o
 .debug_info    0x0000000000000000      0x573 .ca/build/Config_1/production/src/encoder.o
 .debug_abbrev  0x0000000000000000       0xd3 .ca/build/Config_1/production/src/encoder.o
 .debug_loc     0x0000000000000000       0x60 .ca/build/Config_1/production/src/encoder.o
 .debug_aranges
                0x0000000000000000       0x30 .ca/build/Config_1/production/src/encoder.o
 .debug_ranges  0x0000000000000000       0x20 .ca/build/Config_1/production/src/encoder.o
 .debug_line    0x0000000000000000      0x1d0 .ca/build/Config_1/production/src/encoder.o
 .debug_str     0x0000000000000000        0x0 .ca/build/Config_1/production/src/encoder.o
 .comment       0x0000000000000000       0x30 .ca/build/Config_1/production/src/encoder.o
 .debug_frame   0x0000000000000000       0x44 .ca/build/Config_1/production/src/encoder.o
 .text          0x0000000000000000        0x0 .ca/build/Config_1/production/src/i2c.o
 .data          0x0000000000000000        0x0 .ca/build/Config_1/production/src/i2c.o
 .bss           0x0000000000000000        0x0 .ca/build/Config_1/production/src/i2c.o
 .text.i2c_set_message
                0x0000000000000000      0x10a .ca/build/Config_1/production/src/i2c.o
 .progmem.gcc_sw_table.i2c_set_message
                0x0000000000000000       0x9c .ca/build/Config_1/production/src/i2c.o
 .text.i2c_get_response
                0x0000000000000000       0x92 .ca/build/Config_1/production/src/i2c.o
 .text.i2c_get_order
                0x0000000000000000       0x54 .ca/build/Config_1/production/src/i2c.o
 .bss.i_txBuffer
                0x0000000000000000        0x1 .ca/build/Config_1/production/src/i2c.o
 .bss.n_rxBuffer
                0x0000000000000000        0x1 .ca/build/Config_1/production/src/i2c.o
 .bss.rxBuffer  0x0000000000000000        0x3 .ca/build/Config_1/production/src/i2c.o
 .bss.n_orders  0x0000000000000000        0x1 .ca/build/Config_1/production/src/i2c.o
 .data.s_orderBuffer
                0x0000000000000000        0x1 .ca/build/Config_1/production/src/i2c.o
 .bss.state     0x0000000000000000        0x1 .ca/build/Config_1/production/src/i2c.o
 .text          0x0000000000000000        0x0 .ca/build/Config_1/production/src/init.o
 .data          0x0000000000000000        0x0 .ca/build/Config_1/production/src/init.o
 .bss           0x0000000000000000        0x0 .ca/build/Config_1/production/src/init.o
 .debug_info    0x0000000000000000      0x273 .ca/build/Config_1/production/src/init.o
 .debug_abbrev  0x0000000000000000       0x1b .ca/build/Config_1/production/src/init.o
 .debug_aranges
                0x0000000000000000       0x18 .ca/build/Config_1/production/src/init.o
 .debug_line    0x0000000000000000       0x1a .ca/build/Config_1/production/src/init.o
 .debug_str     0x0000000000000000        0x0 .ca/build/Config_1/production/src/init.o
 .comment       0x0000000000000000       0x30 .ca/build/Config_1/production/src/init.o
 .text          0x0000000000000000        0x0 .ca/build/Config_1/production/src/ledandcolor.o
 .data          0x0000000000000000        0x0 .ca/build/Config_1/production/src/ledandcolor.o
 .bss           0x0000000000000000        0x0 .ca/build/Config_1/production/src/ledandcolor.o
 .text.led_getNextEvent
                0x0000000000000000       0x2c .ca/build/Config_1/production/src/ledandcolor.o
 .text          0x0000000000000000        0x0 .ca/build/Config_1/production/src/timer.o
 .data          0x0000000000000000        0x0 .ca/build/Config_1/production/src/timer.o
 .bss           0x0000000000000000        0x0 .ca/build/Config_1/production/src/timer.o
 .text          0x0000000000000000        0x0 .ca/build/Config_1/production/_ext/282020558/i2cAlternative.o
 .data          0x0000000000000000        0x0 .ca/build/Config_1/production/_ext/282020558/i2cAlternative.o
 .bss           0x0000000000000000        0x0 .ca/build/Config_1/production/_ext/282020558/i2cAlternative.o
 .text.I2C_init
                0x0000000000000000        0xe .ca/build/Config_1/production/_ext/282020558/i2cAlternative.o
 .bss.I2C_REG   0x0000000000000000       0x10 .ca/build/Config_1/production/_ext/282020558/i2cAlternative.o
 .text          0x0000000000000000        0x0 .ca/build/Config_1/production/main.o
 .data          0x0000000000000000        0x0 .ca/build/Config_1/production/main.o
 .bss           0x0000000000000000        0x0 .ca/build/Config_1/production/main.o
 .text.sendLedAndIncrement
                0x0000000000000000       0x24 .ca/build/Config_1/production/main.o
 .bss.testCnt   0x0000000000000000        0x1 .ca/build/Config_1/production/main.o
 .bss.test      0x0000000000000000        0x2 .ca/build/Config_1/production/main.o
 .bss.secondsCounter
                0x0000000000000000        0x2 .ca/build/Config_1/production/main.o
 .bss.counterNew
                0x0000000000000000        0x1 .ca/build/Config_1/production/main.o
 .bss.counter   0x0000000000000000        0x1 .ca/build/Config_1/production/main.o
 .rodata.STATES
                0x0000000000000000        0x4 .ca/build/Config_1/production/main.o
 .bss.ledStates
                0x0000000000000000        0x4 .ca/build/Config_1/production/main.o
 .bss.butStates
                0x0000000000000000        0x1 .ca/build/Config_1/production/main.o
 .text          0x0000000000000000        0x0 .ca/build/Config_1/production/_ext/282020558/debug.o
 .data          0x0000000000000000        0x0 .ca/build/Config_1/production/_ext/282020558/debug.o
 .bss           0x0000000000000000        0x0 .ca/build/Config_1/production/_ext/282020558/debug.o
 .text          0x0000000000000000        0x0 c:/program files/microchip/xc8/v2.36/avr/bin/../lib/gcc/avr/5.4.0/avrxmega3\libgcc.a(_udivmodqi4.o)
 .data          0x0000000000000000        0x0 c:/program files/microchip/xc8/v2.36/avr/bin/../lib/gcc/avr/5.4.0/avrxmega3\libgcc.a(_udivmodqi4.o)
 .bss           0x0000000000000000        0x0 c:/program files/microchip/xc8/v2.36/avr/bin/../lib/gcc/avr/5.4.0/avrxmega3\libgcc.a(_udivmodqi4.o)
 .text.libgcc.mul
                0x0000000000000000        0x0 c:/program files/microchip/xc8/v2.36/avr/bin/../lib/gcc/avr/5.4.0/avrxmega3\libgcc.a(_udivmodqi4.o)
 .text.libgcc.div
                0x0000000000000000       0x18 c:/program files/microchip/xc8/v2.36/avr/bin/../lib/gcc/avr/5.4.0/avrxmega3\libgcc.a(_udivmodqi4.o)
 .stack.descriptors.hdr
                0x0000000000000000        0xe c:/program files/microchip/xc8/v2.36/avr/bin/../lib/gcc/avr/5.4.0/avrxmega3\libgcc.a(_udivmodqi4.o)
 .stack.descriptors
                0x0000000000000000       0x1a c:/program files/microchip/xc8/v2.36/avr/bin/../lib/gcc/avr/5.4.0/avrxmega3\libgcc.a(_udivmodqi4.o)
 .text.libgcc   0x0000000000000000        0x0 c:/program files/microchip/xc8/v2.36/avr/bin/../lib/gcc/avr/5.4.0/avrxmega3\libgcc.a(_udivmodqi4.o)
 .text.libgcc.prologue
                0x0000000000000000        0x0 c:/program files/microchip/xc8/v2.36/avr/bin/../lib/gcc/avr/5.4.0/avrxmega3\libgcc.a(_udivmodqi4.o)
 .text.libgcc.builtins
                0x0000000000000000        0x0 c:/program files/microchip/xc8/v2.36/avr/bin/../lib/gcc/avr/5.4.0/avrxmega3\libgcc.a(_udivmodqi4.o)
 .text.libgcc.fmul
                0x0000000000000000        0x0 c:/program files/microchip/xc8/v2.36/avr/bin/../lib/gcc/avr/5.4.0/avrxmega3\libgcc.a(_udivmodqi4.o)
 .text.libgcc.fixed
                0x0000000000000000        0x0 c:/program files/microchip/xc8/v2.36/avr/bin/../lib/gcc/avr/5.4.0/avrxmega3\libgcc.a(_udivmodqi4.o)
 .text          0x0000000000000000        0x0 c:/program files/microchip/xc8/v2.36/avr/bin/../lib/gcc/avr/5.4.0/avrxmega3\libgcc.a(_tablejump2.o)
 .data          0x0000000000000000        0x0 c:/program files/microchip/xc8/v2.36/avr/bin/../lib/gcc/avr/5.4.0/avrxmega3\libgcc.a(_tablejump2.o)
 .bss           0x0000000000000000        0x0 c:/program files/microchip/xc8/v2.36/avr/bin/../lib/gcc/avr/5.4.0/avrxmega3\libgcc.a(_tablejump2.o)
 .text.libgcc.mul
                0x0000000000000000        0x0 c:/program files/microchip/xc8/v2.36/avr/bin/../lib/gcc/avr/5.4.0/avrxmega3\libgcc.a(_tablejump2.o)
 .text.libgcc.div
                0x0000000000000000        0x0 c:/program files/microchip/xc8/v2.36/avr/bin/../lib/gcc/avr/5.4.0/avrxmega3\libgcc.a(_tablejump2.o)
 .text.libgcc   0x0000000000000000        0xc c:/program files/microchip/xc8/v2.36/avr/bin/../lib/gcc/avr/5.4.0/avrxmega3\libgcc.a(_tablejump2.o)
 .text.libgcc.prologue
                0x0000000000000000        0x0 c:/program files/microchip/xc8/v2.36/avr/bin/../lib/gcc/avr/5.4.0/avrxmega3\libgcc.a(_tablejump2.o)
 .stack.descriptors.hdr
                0x0000000000000000        0xe c:/program files/microchip/xc8/v2.36/avr/bin/../lib/gcc/avr/5.4.0/avrxmega3\libgcc.a(_tablejump2.o)
 .stack.descriptors
                0x0000000000000000       0x1c c:/program files/microchip/xc8/v2.36/avr/bin/../lib/gcc/avr/5.4.0/avrxmega3\libgcc.a(_tablejump2.o)
 .text.libgcc.builtins
                0x0000000000000000        0x0 c:/program files/microchip/xc8/v2.36/avr/bin/../lib/gcc/avr/5.4.0/avrxmega3\libgcc.a(_tablejump2.o)
 .text.libgcc.fmul
                0x0000000000000000        0x0 c:/program files/microchip/xc8/v2.36/avr/bin/../lib/gcc/avr/5.4.0/avrxmega3\libgcc.a(_tablejump2.o)
 .text.libgcc.fixed
                0x0000000000000000        0x0 c:/program files/microchip/xc8/v2.36/avr/bin/../lib/gcc/avr/5.4.0/avrxmega3\libgcc.a(_tablejump2.o)
 .text          0x0000000000000000        0x0 c:/program files/microchip/xc8/v2.36/avr/bin/../lib/gcc/avr/5.4.0/avrxmega3\libgcc.a(_copy_data.o)
 .data          0x0000000000000000        0x0 c:/program files/microchip/xc8/v2.36/avr/bin/../lib/gcc/avr/5.4.0/avrxmega3\libgcc.a(_copy_data.o)
 .bss           0x0000000000000000        0x0 c:/program files/microchip/xc8/v2.36/avr/bin/../lib/gcc/avr/5.4.0/avrxmega3\libgcc.a(_copy_data.o)
 .text.libgcc.mul
                0x0000000000000000        0x0 c:/program files/microchip/xc8/v2.36/avr/bin/../lib/gcc/avr/5.4.0/avrxmega3\libgcc.a(_copy_data.o)
 .text.libgcc.div
                0x0000000000000000        0x0 c:/program files/microchip/xc8/v2.36/avr/bin/../lib/gcc/avr/5.4.0/avrxmega3\libgcc.a(_copy_data.o)
 .text.libgcc   0x0000000000000000        0x0 c:/program files/microchip/xc8/v2.36/avr/bin/../lib/gcc/avr/5.4.0/avrxmega3\libgcc.a(_copy_data.o)
 .text.libgcc.prologue
                0x0000000000000000        0x0 c:/program files/microchip/xc8/v2.36/avr/bin/../lib/gcc/avr/5.4.0/avrxmega3\libgcc.a(_copy_data.o)
 .text.libgcc.builtins
                0x0000000000000000        0x0 c:/program files/microchip/xc8/v2.36/avr/bin/../lib/gcc/avr/5.4.0/avrxmega3\libgcc.a(_copy_data.o)
 .text.libgcc.fmul
                0x0000000000000000        0x0 c:/program files/microchip/xc8/v2.36/avr/bin/../lib/gcc/avr/5.4.0/avrxmega3\libgcc.a(_copy_data.o)
 .text.libgcc.fixed
                0x0000000000000000        0x0 c:/program files/microchip/xc8/v2.36/avr/bin/../lib/gcc/avr/5.4.0/avrxmega3\libgcc.a(_copy_data.o)
 .text          0x0000000000000000        0x0 c:/program files/microchip/xc8/v2.36/avr/bin/../lib/gcc/avr/5.4.0/../../../../avr/lib/avrxmega3\libc.a(exit.o)
 .data          0x0000000000000000        0x0 c:/program files/microchip/xc8/v2.36/avr/bin/../lib/gcc/avr/5.4.0/../../../../avr/lib/avrxmega3\libc.a(exit.o)
 .bss           0x0000000000000000        0x0 c:/program files/microchip/xc8/v2.36/avr/bin/../lib/gcc/avr/5.4.0/../../../../avr/lib/avrxmega3\libc.a(exit.o)
 .text          0x0000000000000000        0x0 c:/program files/microchip/xc8/v2.36/avr/bin/../lib/gcc/avr/5.4.0/../../../../avr/lib/avrxmega3\libc.a(qsort.o)
 .data          0x0000000000000000        0x0 c:/program files/microchip/xc8/v2.36/avr/bin/../lib/gcc/avr/5.4.0/../../../../avr/lib/avrxmega3\libc.a(qsort.o)
 .bss           0x0000000000000000        0x0 c:/program files/microchip/xc8/v2.36/avr/bin/../lib/gcc/avr/5.4.0/../../../../avr/lib/avrxmega3\libc.a(qsort.o)
 .text          0x0000000000000000        0x0 c:/program files/microchip/xc8/v2.36/avr/bin/../lib/gcc/avr/5.4.0/../../../../avr/lib/avrxmega3\libc.a(memcpy.o)
 .data          0x0000000000000000        0x0 c:/program files/microchip/xc8/v2.36/avr/bin/../lib/gcc/avr/5.4.0/../../../../avr/lib/avrxmega3\libc.a(memcpy.o)
 .bss           0x0000000000000000        0x0 c:/program files/microchip/xc8/v2.36/avr/bin/../lib/gcc/avr/5.4.0/../../../../avr/lib/avrxmega3\libc.a(memcpy.o)
 .text          0x0000000000000000        0x0 c:/program files/microchip/xc8/v2.36/avr/bin/../lib/gcc/avr/5.4.0/../../../../avr/lib/avrxmega3\libc.a(_Exit.o)
 .data          0x0000000000000000        0x0 c:/program files/microchip/xc8/v2.36/avr/bin/../lib/gcc/avr/5.4.0/../../../../avr/lib/avrxmega3\libc.a(_Exit.o)
 .bss           0x0000000000000000        0x0 c:/program files/microchip/xc8/v2.36/avr/bin/../lib/gcc/avr/5.4.0/../../../../avr/lib/avrxmega3\libc.a(_Exit.o)
 .text          0x0000000000000000        0x0 C:/Program Files/Microchip/MPLABX/v6.05/packs/Microchip/ATtiny_DFP/3.0.151/xc8/avr/lib/avrxmega3\libattiny1626.a(ccp_write.o)
 .data          0x0000000000000000        0x0 C:/Program Files/Microchip/MPLABX/v6.05/packs/Microchip/ATtiny_DFP/3.0.151/xc8/avr/lib/avrxmega3\libattiny1626.a(ccp_write.o)
 .bss           0x0000000000000000        0x0 C:/Program Files/Microchip/MPLABX/v6.05/packs/Microchip/ATtiny_DFP/3.0.151/xc8/avr/lib/avrxmega3\libattiny1626.a(ccp_write.o)
 .stack.descriptors
                0x0000000000000000       0x1a C:/Program Files/Microchip/MPLABX/v6.05/packs/Microchip/ATtiny_DFP/3.0.151/xc8/avr/lib/avrxmega3\libattiny1626.a(ccp_write.o)
 .text          0x0000000000000000        0x0 c:/program files/microchip/xc8/v2.36/avr/bin/../lib/gcc/avr/5.4.0/avrxmega3\libgcc.a(_mulsi3.o)
 .data          0x0000000000000000        0x0 c:/program files/microchip/xc8/v2.36/avr/bin/../lib/gcc/avr/5.4.0/avrxmega3\libgcc.a(_mulsi3.o)
 .bss           0x0000000000000000        0x0 c:/program files/microchip/xc8/v2.36/avr/bin/../lib/gcc/avr/5.4.0/avrxmega3\libgcc.a(_mulsi3.o)
 .stack.descriptors
                0x0000000000000000       0x16 c:/program files/microchip/xc8/v2.36/avr/bin/../lib/gcc/avr/5.4.0/avrxmega3\libgcc.a(_mulsi3.o)
 .text.libgcc.div
                0x0000000000000000        0x0 c:/program files/microchip/xc8/v2.36/avr/bin/../lib/gcc/avr/5.4.0/avrxmega3\libgcc.a(_mulsi3.o)
 .text.libgcc   0x0000000000000000        0x0 c:/program files/microchip/xc8/v2.36/avr/bin/../lib/gcc/avr/5.4.0/avrxmega3\libgcc.a(_mulsi3.o)
 .text.libgcc.prologue
                0x0000000000000000        0x0 c:/program files/microchip/xc8/v2.36/avr/bin/../lib/gcc/avr/5.4.0/avrxmega3\libgcc.a(_mulsi3.o)
 .text.libgcc.builtins
                0x0000000000000000        0x0 c:/program files/microchip/xc8/v2.36/avr/bin/../lib/gcc/avr/5.4.0/avrxmega3\libgcc.a(_mulsi3.o)
 .text.libgcc.fmul
                0x0000000000000000        0x0 c:/program files/microchip/xc8/v2.36/avr/bin/../lib/gcc/avr/5.4.0/avrxmega3\libgcc.a(_mulsi3.o)
 .text.libgcc.fixed
                0x0000000000000000        0x0 c:/program files/microchip/xc8/v2.36/avr/bin/../lib/gcc/avr/5.4.0/avrxmega3\libgcc.a(_mulsi3.o)
 .text          0x0000000000000000        0x0 c:/program files/microchip/xc8/v2.36/avr/bin/../lib/gcc/avr/5.4.0/avrxmega3\libgcc.a(_exit.o)
 .data          0x0000000000000000        0x0 c:/program files/microchip/xc8/v2.36/avr/bin/../lib/gcc/avr/5.4.0/avrxmega3\libgcc.a(_exit.o)
 .bss           0x0000000000000000        0x0 c:/program files/microchip/xc8/v2.36/avr/bin/../lib/gcc/avr/5.4.0/avrxmega3\libgcc.a(_exit.o)
 .text.libgcc.mul
                0x0000000000000000        0x0 c:/program files/microchip/xc8/v2.36/avr/bin/../lib/gcc/avr/5.4.0/avrxmega3\libgcc.a(_exit.o)
 .text.libgcc.div
                0x0000000000000000        0x0 c:/program files/microchip/xc8/v2.36/avr/bin/../lib/gcc/avr/5.4.0/avrxmega3\libgcc.a(_exit.o)
 .text.libgcc   0x0000000000000000        0x0 c:/program files/microchip/xc8/v2.36/avr/bin/../lib/gcc/avr/5.4.0/avrxmega3\libgcc.a(_exit.o)
 .text.libgcc.prologue
                0x0000000000000000        0x0 c:/program files/microchip/xc8/v2.36/avr/bin/../lib/gcc/avr/5.4.0/avrxmega3\libgcc.a(_exit.o)
 .stack.descriptors
                0x0000000000000000       0x13 c:/program files/microchip/xc8/v2.36/avr/bin/../lib/gcc/avr/5.4.0/avrxmega3\libgcc.a(_exit.o)
 .text.libgcc.builtins
                0x0000000000000000        0x0 c:/program files/microchip/xc8/v2.36/avr/bin/../lib/gcc/avr/5.4.0/avrxmega3\libgcc.a(_exit.o)
 .text.libgcc.fmul
                0x0000000000000000        0x0 c:/program files/microchip/xc8/v2.36/avr/bin/../lib/gcc/avr/5.4.0/avrxmega3\libgcc.a(_exit.o)
 .text.libgcc.fixed
                0x0000000000000000        0x0 c:/program files/microchip/xc8/v2.36/avr/bin/../lib/gcc/avr/5.4.0/avrxmega3\libgcc.a(_exit.o)
 .text          0x0000000000000000        0x0 c:/program files/microchip/xc8/v2.36/avr/bin/../lib/gcc/avr/5.4.0/avrxmega3\libgcc.a(_muluhisi3.o)
 .data          0x0000000000000000        0x0 c:/program files/microchip/xc8/v2.36/avr/bin/../lib/gcc/avr/5.4.0/avrxmega3\libgcc.a(_muluhisi3.o)
 .bss           0x0000000000000000        0x0 c:/program files/microchip/xc8/v2.36/avr/bin/../lib/gcc/avr/5.4.0/avrxmega3\libgcc.a(_muluhisi3.o)
 .stack.descriptors
                0x0000000000000000       0x19 c:/program files/microchip/xc8/v2.36/avr/bin/../lib/gcc/avr/5.4.0/avrxmega3\libgcc.a(_muluhisi3.o)
 .text.libgcc.div
                0x0000000000000000        0x0 c:/program files/microchip/xc8/v2.36/avr/bin/../lib/gcc/avr/5.4.0/avrxmega3\libgcc.a(_muluhisi3.o)
 .text.libgcc   0x0000000000000000        0x0 c:/program files/microchip/xc8/v2.36/avr/bin/../lib/gcc/avr/5.4.0/avrxmega3\libgcc.a(_muluhisi3.o)
 .text.libgcc.prologue
                0x0000000000000000        0x0 c:/program files/microchip/xc8/v2.36/avr/bin/../lib/gcc/avr/5.4.0/avrxmega3\libgcc.a(_muluhisi3.o)
 .text.libgcc.builtins
                0x0000000000000000        0x0 c:/program files/microchip/xc8/v2.36/avr/bin/../lib/gcc/avr/5.4.0/avrxmega3\libgcc.a(_muluhisi3.o)
 .text.libgcc.fmul
                0x0000000000000000        0x0 c:/program files/microchip/xc8/v2.36/avr/bin/../lib/gcc/avr/5.4.0/avrxmega3\libgcc.a(_muluhisi3.o)
 .text.libgcc.fixed
                0x0000000000000000        0x0 c:/program files/microchip/xc8/v2.36/avr/bin/../lib/gcc/avr/5.4.0/avrxmega3\libgcc.a(_muluhisi3.o)
 .text          0x0000000000000000        0x0 c:/program files/microchip/xc8/v2.36/avr/bin/../lib/gcc/avr/5.4.0/avrxmega3\libgcc.a(_prologue.o)
 .data          0x0000000000000000        0x0 c:/program files/microchip/xc8/v2.36/avr/bin/../lib/gcc/avr/5.4.0/avrxmega3\libgcc.a(_prologue.o)
 .bss           0x0000000000000000        0x0 c:/program files/microchip/xc8/v2.36/avr/bin/../lib/gcc/avr/5.4.0/avrxmega3\libgcc.a(_prologue.o)
 .text.libgcc.mul
                0x0000000000000000        0x0 c:/program files/microchip/xc8/v2.36/avr/bin/../lib/gcc/avr/5.4.0/avrxmega3\libgcc.a(_prologue.o)
 .text.libgcc.div
                0x0000000000000000        0x0 c:/program files/microchip/xc8/v2.36/avr/bin/../lib/gcc/avr/5.4.0/avrxmega3\libgcc.a(_prologue.o)
 .text.libgcc   0x0000000000000000        0x0 c:/program files/microchip/xc8/v2.36/avr/bin/../lib/gcc/avr/5.4.0/avrxmega3\libgcc.a(_prologue.o)
 .text.libgcc.builtins
                0x0000000000000000        0x0 c:/program files/microchip/xc8/v2.36/avr/bin/../lib/gcc/avr/5.4.0/avrxmega3\libgcc.a(_prologue.o)
 .text.libgcc.fmul
                0x0000000000000000        0x0 c:/program files/microchip/xc8/v2.36/avr/bin/../lib/gcc/avr/5.4.0/avrxmega3\libgcc.a(_prologue.o)
 .text.libgcc.fixed
                0x0000000000000000        0x0 c:/program files/microchip/xc8/v2.36/avr/bin/../lib/gcc/avr/5.4.0/avrxmega3\libgcc.a(_prologue.o)
 .text          0x0000000000000000        0x0 c:/program files/microchip/xc8/v2.36/avr/bin/../lib/gcc/avr/5.4.0/avrxmega3\libgcc.a(_epilogue.o)
 .data          0x0000000000000000        0x0 c:/program files/microchip/xc8/v2.36/avr/bin/../lib/gcc/avr/5.4.0/avrxmega3\libgcc.a(_epilogue.o)
 .bss           0x0000000000000000        0x0 c:/program files/microchip/xc8/v2.36/avr/bin/../lib/gcc/avr/5.4.0/avrxmega3\libgcc.a(_epilogue.o)
 .text.libgcc.mul
                0x0000000000000000        0x0 c:/program files/microchip/xc8/v2.36/avr/bin/../lib/gcc/avr/5.4.0/avrxmega3\libgcc.a(_epilogue.o)
 .text.libgcc.div
                0x0000000000000000        0x0 c:/program files/microchip/xc8/v2.36/avr/bin/../lib/gcc/avr/5.4.0/avrxmega3\libgcc.a(_epilogue.o)
 .text.libgcc   0x0000000000000000        0x0 c:/program files/microchip/xc8/v2.36/avr/bin/../lib/gcc/avr/5.4.0/avrxmega3\libgcc.a(_epilogue.o)
 .text.libgcc.builtins
                0x0000000000000000        0x0 c:/program files/microchip/xc8/v2.36/avr/bin/../lib/gcc/avr/5.4.0/avrxmega3\libgcc.a(_epilogue.o)
 .text.libgcc.fmul
                0x0000000000000000        0x0 c:/program files/microchip/xc8/v2.36/avr/bin/../lib/gcc/avr/5.4.0/avrxmega3\libgcc.a(_epilogue.o)
 .text.libgcc.fixed
                0x0000000000000000        0x0 c:/program files/microchip/xc8/v2.36/avr/bin/../lib/gcc/avr/5.4.0/avrxmega3\libgcc.a(_epilogue.o)
 .text          0x0000000000000000        0x0 c:/program files/microchip/xc8/v2.36/avr/bin/../lib/gcc/avr/5.4.0/avrxmega3\libgcc.a(_umulhisi3.o)
 .data          0x0000000000000000        0x0 c:/program files/microchip/xc8/v2.36/avr/bin/../lib/gcc/avr/5.4.0/avrxmega3\libgcc.a(_umulhisi3.o)
 .bss           0x0000000000000000        0x0 c:/program files/microchip/xc8/v2.36/avr/bin/../lib/gcc/avr/5.4.0/avrxmega3\libgcc.a(_umulhisi3.o)
 .stack.descriptors
                0x0000000000000000       0x19 c:/program files/microchip/xc8/v2.36/avr/bin/../lib/gcc/avr/5.4.0/avrxmega3\libgcc.a(_umulhisi3.o)
 .text.libgcc.div
                0x0000000000000000        0x0 c:/program files/microchip/xc8/v2.36/avr/bin/../lib/gcc/avr/5.4.0/avrxmega3\libgcc.a(_umulhisi3.o)
 .text.libgcc   0x0000000000000000        0x0 c:/program files/microchip/xc8/v2.36/avr/bin/../lib/gcc/avr/5.4.0/avrxmega3\libgcc.a(_umulhisi3.o)
 .text.libgcc.prologue
                0x0000000000000000        0x0 c:/program files/microchip/xc8/v2.36/avr/bin/../lib/gcc/avr/5.4.0/avrxmega3\libgcc.a(_umulhisi3.o)
 .text.libgcc.builtins
                0x0000000000000000        0x0 c:/program files/microchip/xc8/v2.36/avr/bin/../lib/gcc/avr/5.4.0/avrxmega3\libgcc.a(_umulhisi3.o)
 .text.libgcc.fmul
                0x0000000000000000        0x0 c:/program files/microchip/xc8/v2.36/avr/bin/../lib/gcc/avr/5.4.0/avrxmega3\libgcc.a(_umulhisi3.o)
 .text.libgcc.fixed
                0x0000000000000000        0x0 c:/program files/microchip/xc8/v2.36/avr/bin/../lib/gcc/avr/5.4.0/avrxmega3\libgcc.a(_umulhisi3.o)

Memory Configuration

Name             Origin             Length             Attributes
text             0x0000000000000000 0x0000000000004000 xr
data             0x0000000000803800 0x0000000000000800 rw !x
eeprom           0x0000000000810000 0x0000000000000100 rw !x
fuse             0x0000000000820000 0x000000000000000a rw !x
lock             0x0000000000830000 0x0000000000000400 rw !x
signature        0x0000000000840000 0x0000000000000400 rw !x
user_signatures  0x0000000000850000 0x0000000000000400 rw !x
*default*        0x0000000000000000 0xffffffffffffffff

Linker script and memory map

Address of section .data set to 0x803800
                0x0000000000008000                __RODATA_PM_OFFSET__ = 0x8000
LOAD C:/Program Files/Microchip/MPLABX/v6.05/packs/Microchip/ATtiny_DFP/3.0.151/xc8/avr/lib/avrxmega3/crtattiny1626.o
                0x0000000000000001                __MPLAB_BUILD = 0x1
LOAD .ca/build/Config_1/production/src/adc.o
LOAD .ca/build/Config_1/production/src/button.o
LOAD .ca/build/Config_1/production/src/encoder.o
LOAD .ca/build/Config_1/production/src/i2c.o
LOAD .ca/build/Config_1/production/src/init.o
LOAD .ca/build/Config_1/production/src/ledandcolor.o
LOAD .ca/build/Config_1/production/src/timer.o
LOAD .ca/build/Config_1/production/_ext/282020558/i2cAlternative.o
LOAD .ca/build/Config_1/production/main.o
LOAD .ca/build/Config_1/production/_ext/282020558/debug.o
START GROUP
LOAD c:/program files/microchip/xc8/v2.36/avr/bin/../lib/gcc/avr/5.4.0/../../../../avr/lib/avrxmega3\libm.a
END GROUP
START GROUP
LOAD c:/program files/microchip/xc8/v2.36/avr/bin/../lib/gcc/avr/5.4.0/avrxmega3\libgcc.a
LOAD c:/program files/microchip/xc8/v2.36/avr/bin/../lib/gcc/avr/5.4.0/../../../../avr/lib/avrxmega3\libm.a
LOAD c:/program files/microchip/xc8/v2.36/avr/bin/../lib/gcc/avr/5.4.0/../../../../avr/lib/avrxmega3\libc.a
LOAD C:/Program Files/Microchip/MPLABX/v6.05/packs/Microchip/ATtiny_DFP/3.0.151/xc8/avr/lib/avrxmega3\libattiny1626.a
END GROUP
                [0x0000000000000000]                __TEXT_REGION_ORIGIN__ = DEFINED (__TEXT_REGION_ORIGIN__)?__TEXT_REGION_ORIGIN__:0x0
                [0x0000000000803800]                __DATA_REGION_ORIGIN__ = DEFINED (__DATA_REGION_ORIGIN__)?__DATA_REGION_ORIGIN__:0x802000
                [0x0000000000004000]                __TEXT_REGION_LENGTH__ = DEFINED (__TEXT_REGION_LENGTH__)?__TEXT_REGION_LENGTH__:0x100000
                [0x0000000000000800]                __DATA_REGION_LENGTH__ = DEFINED (__DATA_REGION_LENGTH__)?__DATA_REGION_LENGTH__:0xffa0
                [0x0000000000000100]                __EEPROM_REGION_LENGTH__ = DEFINED (__EEPROM_REGION_LENGTH__)?__EEPROM_REGION_LENGTH__:0x10000
                [0x000000000000000a]                __FUSE_REGION_LENGTH__ = DEFINED (__FUSE_REGION_LENGTH__)?__FUSE_REGION_LENGTH__:0x400
                0x0000000000000400                __LOCK_REGION_LENGTH__ = DEFINED (__LOCK_REGION_LENGTH__)?__LOCK_REGION_LENGTH__:0x400
                0x0000000000000400                __SIGNATURE_REGION_LENGTH__ = DEFINED (__SIGNATURE_REGION_LENGTH__)?__SIGNATURE_REGION_LENGTH__:0x400
                0x0000000000000400                __USER_SIGNATURE_REGION_LENGTH__ = DEFINED (__USER_SIGNATURE_REGION_LENGTH__)?__USER_SIGNATURE_REGION_LENGTH__:0x400
                0x0000000000008000                __RODATA_PM_OFFSET__ = DEFINED (__RODATA_PM_OFFSET__)?__RODATA_PM_OFFSET__:0x8000

.hash
 *(.hash)

.dynsym
 *(.dynsym)

.dynstr
 *(.dynstr)

.gnu.version
 *(.gnu.version)

.gnu.version_d
 *(.gnu.version_d)

.gnu.version_r
 *(.gnu.version_r)

.rel.init
 *(.rel.init)

.rela.init
 *(.rela.init)

.rel.text
 *(.rel.text)
 *(.rel.text.*)
 *(.rel.gnu.linkonce.t*)

.rela.text
 *(.rela.text)
 *(.rela.text.*)
 *(.rela.gnu.linkonce.t*)

.rel.fini
 *(.rel.fini)

.rela.fini
 *(.rela.fini)

.rel.rodata
 *(.rel.rodata)
 *(.rel.rodata.*)
 *(.rel.gnu.linkonce.r*)

.rela.rodata
 *(.rela.rodata)
 *(.rela.rodata.*)
 *(.rela.gnu.linkonce.r*)

.rel.data
 *(.rel.data)
 *(.rel.data.*)
 *(.rel.gnu.linkonce.d*)

.rela.data
 *(.rela.data)
 *(.rela.data.*)
 *(.rela.gnu.linkonce.d*)

.rel.ctors
 *(.rel.ctors)

.rela.ctors
 *(.rela.ctors)

.rel.dtors
 *(.rel.dtors)

.rela.dtors
 *(.rela.dtors)

.rel.got
 *(.rel.got)

.rela.got
 *(.rela.got)

.rel.bss
 *(.rel.bss)

.rela.bss
 *(.rela.bss)

.rel.plt
 *(.rel.plt)

.rela.plt
 *(.rela.plt)

.text           0x0000000000000000       0xde
 *(.vectors)
 .vectors       0x0000000000000000       0x78 C:/Program Files/Microchip/MPLABX/v6.05/packs/Microchip/ATtiny_DFP/3.0.151/xc8/avr/lib/avrxmega3/crtattiny1626.o
                0x0000000000000000                __vector_default
                0x0000000000000000                __vectors
 *(.vectors)
 *(.progmem.gcc*)
 *(.dinit)
 .dinit         0x0000000000000078       0x11 data_init
                0x000000000000008a                . = ALIGN (0x2)
 *fill*         0x0000000000000089        0x1 
                0x000000000000008a                __trampolines_start = .
 *(.trampolines)
 .trampolines   0x000000000000008a        0x0 linker stubs
 *(.trampolines*)
                0x000000000000008a                __trampolines_end = .
 *libprintf_flt.a:*(.progmem.data)
 *libc.a:*(.progmem.data)
                0x000000000000008a                . = ALIGN (0x2)
 *(.jumptables)
 *(.jumptables*)
 *(.lowtext)
 *(.lowtext*)
                0x000000000000008a                __ctors_start = .
 *(.ctors)
                0x000000000000008a                __ctors_end = .
                0x000000000000008a                __dtors_start = .
 *(.dtors)
                0x000000000000008a                __dtors_end = .
 SORT(*)(.ctors)
 SORT(*)(.dtors)
 *(.init0)
 .init0         0x000000000000008a        0x0 C:/Program Files/Microchip/MPLABX/v6.05/packs/Microchip/ATtiny_DFP/3.0.151/xc8/avr/lib/avrxmega3/crtattiny1626.o
                0x000000000000008a                __init
 *(.init0)
 *(.init1)
 *(.init1)
 *(.init2)
 .init2         0x000000000000008a        0xc C:/Program Files/Microchip/MPLABX/v6.05/packs/Microchip/ATtiny_DFP/3.0.151/xc8/avr/lib/avrxmega3/crtattiny1626.o
 *(.init2)
 *(.init3)
 *(.init3)
 *(.init4)
 .init4         0x0000000000000096       0x3c c:/program files/microchip/xc8/v2.36/avr/bin/../lib/gcc/avr/5.4.0/avrxmega3\libgcc.a(_copy_data.o)
                0x0000000000000096                __do_copy_data
                0x00000000000000c4                __do_clear_bss
 *(.init4)
 *(.init5)
 *(.init5)
 *(.init6)
 *(.init6)
 *(.init7)
 *(.init7)
 *(.init8)
 *(.init8)
 *(.init9)
 .init9         0x00000000000000d2        0x8 C:/Program Files/Microchip/MPLABX/v6.05/packs/Microchip/ATtiny_DFP/3.0.151/xc8/avr/lib/avrxmega3/crtattiny1626.o
 *(.init9)
                0x00000000000000da                . = ALIGN (0x2)
 *(.fini9)
 .fini9         0x00000000000000da        0x0 c:/program files/microchip/xc8/v2.36/avr/bin/../lib/gcc/avr/5.4.0/avrxmega3\libgcc.a(_exit.o)
                0x00000000000000da                _exit
 *(.fini9)
 *(.fini8)
 *(.fini8)
 *(.fini7)
 *(.fini7)
 *(.fini6)
 *(.fini6)
 *(.fini5)
 *(.fini5)
 *(.fini4)
 *(.fini4)
 *(.fini3)
 *(.fini3)
 *(.fini2)
 *(.fini2)
 *(.fini1)
 *(.fini1)
 *(.fini0)
 .fini0         0x00000000000000da        0x4 c:/program files/microchip/xc8/v2.36/avr/bin/../lib/gcc/avr/5.4.0/avrxmega3\libgcc.a(_exit.o)
 *(.fini0)
                0x00000000000000de                _etext = .

.data           0x0000000000803800        0x0 load address 0x00000000000000de
                [!provide]                        PROVIDE (__data_start, .)
 *(.gnu.linkonce.d*)
                0x0000000000803800                . = ALIGN (0x2)
                0x0000000000803800                _edata = .
                [!provide]                        PROVIDE (__data_end, .)

.bss            0x0000000000803800        0x0
                [!provide]                        PROVIDE (__bss_start, .)
 *(COMMON)
                [!provide]                        PROVIDE (__bss_end, .)
                0x00000000000000de                __data_load_start = LOADADDR (.data)
                0x00000000000000de                __data_load_end = (__data_load_start + SIZEOF (.data))

.noinit         0x0000000000803800        0x0
                [!provide]                        PROVIDE (__noinit_start, .)
 *(.noinit*)
                [!provide]                        PROVIDE (__noinit_end, .)
                0x0000000000803800                _end = .

.eeprom         0x0000000000810000        0x0
 *(.eeprom*)
                0x0000000000810000                __eeprom_end = .

.fuse
 *(.fuse)
 *(.lfuse)
 *(.hfuse)
 *(.efuse)

.lock
 *(.lock*)

.signature
 *(.signature*)

.user_signatures
 *(.user_signatures*)

.stab
 *(.stab)

.stabstr
 *(.stabstr)

.stab.excl
 *(.stab.excl)

.stab.exclstr
 *(.stab.exclstr)

.stab.index
 *(.stab.index)

.stab.indexstr
 *(.stab.indexstr)

.comment        0x0000000000000000       0x2f
 *(.comment)
 .comment       0x0000000000000000       0x2f .ca/build/Config_1/production/src/i2c.o
                                         0x30 (size before relaxing)
 .comment       0x000000000000002f       0x30 .ca/build/Config_1/production/src/ledandcolor.o
 .comment       0x000000000000002f       0x30 .ca/build/Config_1/production/src/timer.o
 .comment       0x000000000000002f       0x30 .ca/build/Config_1/production/_ext/282020558/i2cAlternative.o
 .comment       0x000000000000002f       0x30 .ca/build/Config_1/production/main.o
 .comment       0x000000000000002f       0x30 .ca/build/Config_1/production/_ext/282020558/debug.o
 .comment       0x000000000000002f       0x30 c:/program files/microchip/xc8/v2.36/avr/bin/../lib/gcc/avr/5.4.0/../../../../avr/lib/avrxmega3\libc.a(exit.o)
 .comment       0x000000000000002f       0x30 c:/program files/microchip/xc8/v2.36/avr/bin/../lib/gcc/avr/5.4.0/../../../../avr/lib/avrxmega3\libc.a(qsort.o)
 .comment       0x000000000000002f       0x30 c:/program files/microchip/xc8/v2.36/avr/bin/../lib/gcc/avr/5.4.0/../../../../avr/lib/avrxmega3\libc.a(memcpy.o)
 .comment       0x000000000000002f       0x30 c:/program files/microchip/xc8/v2.36/avr/bin/../lib/gcc/avr/5.4.0/../../../../avr/lib/avrxmega3\libc.a(_Exit.o)

.note.GNU-stack
                0x0000000000000000        0x0
 .note.GNU-stack
                0x0000000000000000        0x0 c:/program files/microchip/xc8/v2.36/avr/bin/../lib/gcc/avr/5.4.0/../../../../avr/lib/avrxmega3\libc.a(exit.o)
 .note.GNU-stack
                0x0000000000000000        0x0 c:/program files/microchip/xc8/v2.36/avr/bin/../lib/gcc/avr/5.4.0/../../../../avr/lib/avrxmega3\libc.a(qsort.o)
 .note.GNU-stack
                0x0000000000000000        0x0 c:/program files/microchip/xc8/v2.36/avr/bin/../lib/gcc/avr/5.4.0/../../../../avr/lib/avrxmega3\libc.a(memcpy.o)
 .note.GNU-stack
                0x0000000000000000        0x0 c:/program files/microchip/xc8/v2.36/avr/bin/../lib/gcc/avr/5.4.0/../../../../avr/lib/avrxmega3\libc.a(_Exit.o)

.stack.descriptors.hdr
                0x0000000000000000       0x46
 .stack.descriptors.hdr
                0x0000000000000000        0xe C:/Program Files/Microchip/MPLABX/v6.05/packs/Microchip/ATtiny_DFP/3.0.151/xc8/avr/lib/avrxmega3\libattiny1626.a(ccp_write.o)
 .stack.descriptors.hdr
                0x000000000000000e        0xe c:/program files/microchip/xc8/v2.36/avr/bin/../lib/gcc/avr/5.4.0/avrxmega3\libgcc.a(_mulsi3.o)
 .stack.descriptors.hdr
                0x000000000000001c        0xe c:/program files/microchip/xc8/v2.36/avr/bin/../lib/gcc/avr/5.4.0/avrxmega3\libgcc.a(_exit.o)
 .stack.descriptors.hdr
                0x000000000000002a        0xe c:/program files/microchip/xc8/v2.36/avr/bin/../lib/gcc/avr/5.4.0/avrxmega3\libgcc.a(_muluhisi3.o)
 .stack.descriptors.hdr
                0x0000000000000038        0xe c:/program files/microchip/xc8/v2.36/avr/bin/../lib/gcc/avr/5.4.0/avrxmega3\libgcc.a(_umulhisi3.o)

.note.gnu.build-id
 *(.note.gnu.build-id)

.debug
 *(.debug)

.line
 *(.line)

.debug_srcinfo
 *(.debug_srcinfo)

.debug_sfnames
 *(.debug_sfnames)

.debug_aranges  0x0000000000000000      0x178
 *(.debug_aranges)
 .debug_aranges
                0x0000000000000000       0x38 .ca/build/Config_1/production/src/i2c.o
 .debug_aranges
                0x0000000000000038       0x50 .ca/build/Config_1/production/src/ledandcolor.o
 .debug_aranges
                0x0000000000000088       0x28 .ca/build/Config_1/production/src/timer.o
 .debug_aranges
                0x00000000000000b0       0x30 .ca/build/Config_1/production/_ext/282020558/i2cAlternative.o
 .debug_aranges
                0x00000000000000e0       0x50 .ca/build/Config_1/production/main.o
 .debug_aranges
                0x0000000000000130       0x28 .ca/build/Config_1/production/_ext/282020558/debug.o
 .debug_aranges
                0x0000000000000158       0x20 C:/Program Files/Microchip/MPLABX/v6.05/packs/Microchip/ATtiny_DFP/3.0.151/xc8/avr/lib/avrxmega3\libattiny1626.a(ccp_write.o)

.debug_pubnames
 *(.debug_pubnames)

.debug_info     0x0000000000000000     0x55e3
 *(.debug_info .gnu.linkonce.wi.*)
 .debug_info    0x0000000000000000     0x1b97 C:/Program Files/Microchip/MPLABX/v6.05/packs/Microchip/ATtiny_DFP/3.0.151/xc8/avr/lib/avrxmega3/crtattiny1626.o
 .debug_info    0x0000000000001b97      0x7a9 .ca/build/Config_1/production/src/i2c.o
 .debug_info    0x0000000000002340      0x9e0 .ca/build/Config_1/production/src/ledandcolor.o
 .debug_info    0x0000000000002d20      0xc2f .ca/build/Config_1/production/src/timer.o
 .debug_info    0x000000000000394f      0x70d .ca/build/Config_1/production/_ext/282020558/i2cAlternative.o
 .debug_info    0x000000000000405c     0x11fc .ca/build/Config_1/production/main.o
 .debug_info    0x0000000000005258      0x2e9 .ca/build/Config_1/production/_ext/282020558/debug.o
 .debug_info    0x0000000000005541       0xa2 C:/Program Files/Microchip/MPLABX/v6.05/packs/Microchip/ATtiny_DFP/3.0.151/xc8/avr/lib/avrxmega3\libattiny1626.a(ccp_write.o)

.debug_abbrev   0x0000000000000000     0x213c
 *(.debug_abbrev)
 .debug_abbrev  0x0000000000000000     0x1a20 C:/Program Files/Microchip/MPLABX/v6.05/packs/Microchip/ATtiny_DFP/3.0.151/xc8/avr/lib/avrxmega3/crtattiny1626.o
 .debug_abbrev  0x0000000000001a20      0x112 .ca/build/Config_1/production/src/i2c.o
 .debug_abbrev  0x0000000000001b32      0x1d4 .ca/build/Config_1/production/src/ledandcolor.o
 .debug_abbrev  0x0000000000001d06       0xf7 .ca/build/Config_1/production/src/timer.o
 .debug_abbrev  0x0000000000001dfd      0x120 .ca/build/Config_1/production/_ext/282020558/i2cAlternative.o
 .debug_abbrev  0x0000000000001f1d      0x1b8 .ca/build/Config_1/production/main.o
 .debug_abbrev  0x00000000000020d5       0x53 .ca/build/Config_1/production/_ext/282020558/debug.o
 .debug_abbrev  0x0000000000002128       0x14 C:/Program Files/Microchip/MPLABX/v6.05/packs/Microchip/ATtiny_DFP/3.0.151/xc8/avr/lib/avrxmega3\libattiny1626.a(ccp_write.o)

.debug_line     0x0000000000000000     0x1016
 *(.debug_line .debug_line.* .debug_line_end)
 .debug_line    0x0000000000000000      0x14b C:/Program Files/Microchip/MPLABX/v6.05/packs/Microchip/ATtiny_DFP/3.0.151/xc8/avr/lib/avrxmega3/crtattiny1626.o
 .debug_line    0x000000000000014b      0x327 .ca/build/Config_1/production/src/i2c.o
 .debug_line    0x0000000000000472      0x3a4 .ca/build/Config_1/production/src/ledandcolor.o
 .debug_line    0x0000000000000816      0x122 .ca/build/Config_1/production/src/timer.o
 .debug_line    0x0000000000000938      0x2a1 .ca/build/Config_1/production/_ext/282020558/i2cAlternative.o
 .debug_line    0x0000000000000bd9      0x2c7 .ca/build/Config_1/production/main.o
 .debug_line    0x0000000000000ea0      0x10f .ca/build/Config_1/production/_ext/282020558/debug.o
 .debug_line    0x0000000000000faf       0x67 C:/Program Files/Microchip/MPLABX/v6.05/packs/Microchip/ATtiny_DFP/3.0.151/xc8/avr/lib/avrxmega3\libattiny1626.a(ccp_write.o)

.debug_frame    0x0000000000000000      0x298
 *(.debug_frame)
 .debug_frame   0x0000000000000000       0x54 .ca/build/Config_1/production/src/i2c.o
 .debug_frame   0x0000000000000054       0x9c .ca/build/Config_1/production/src/ledandcolor.o
 .debug_frame   0x00000000000000f0       0x34 .ca/build/Config_1/production/src/timer.o
 .debug_frame   0x0000000000000124       0x8c .ca/build/Config_1/production/_ext/282020558/i2cAlternative.o
 .debug_frame   0x00000000000001b0       0xb4 .ca/build/Config_1/production/main.o
 .debug_frame   0x0000000000000264       0x34 .ca/build/Config_1/production/_ext/282020558/debug.o

.debug_str      0x0000000000000000      0xd57
 *(.debug_str)
 .debug_str     0x0000000000000000      0xbdd C:/Program Files/Microchip/MPLABX/v6.05/packs/Microchip/ATtiny_DFP/3.0.151/xc8/avr/lib/avrxmega3/crtattiny1626.o
 .debug_str     0x0000000000000bdd        0x0 .ca/build/Config_1/production/src/i2c.o
 .debug_str     0x0000000000000bdd       0x28 .ca/build/Config_1/production/src/ledandcolor.o
 .debug_str     0x0000000000000c05       0x62 .ca/build/Config_1/production/src/timer.o
 .debug_str     0x0000000000000c67       0x19 .ca/build/Config_1/production/_ext/282020558/i2cAlternative.o
 .debug_str     0x0000000000000c80       0xd7 .ca/build/Config_1/production/main.o
 .debug_str     0x0000000000000d57        0x0 .ca/build/Config_1/production/_ext/282020558/debug.o

.debug_loc      0x0000000000000000      0x53a
 *(.debug_loc)
 .debug_loc     0x0000000000000000      0x277 .ca/build/Config_1/production/src/i2c.o
 .debug_loc     0x0000000000000277       0xd7 .ca/build/Config_1/production/src/ledandcolor.o
 .debug_loc     0x000000000000034e      0x121 .ca/build/Config_1/production/_ext/282020558/i2cAlternative.o
 .debug_loc     0x000000000000046f       0xcb .ca/build/Config_1/production/main.o

.debug_macinfo
 *(.debug_macinfo)

.debug_weaknames
 *(.debug_weaknames)

.debug_funcnames
 *(.debug_funcnames)

.debug_typenames
 *(.debug_typenames)

.debug_varnames
 *(.debug_varnames)

.debug_pubtypes
 *(.debug_pubtypes)

.debug_ranges   0x0000000000000000       0xf8
 *(.debug_ranges)
 .debug_ranges  0x0000000000000000       0x28 .ca/build/Config_1/production/src/i2c.o
 .debug_ranges  0x0000000000000028       0x40 .ca/build/Config_1/production/src/ledandcolor.o
 .debug_ranges  0x0000000000000068       0x18 .ca/build/Config_1/production/src/timer.o
 .debug_ranges  0x0000000000000080       0x20 .ca/build/Config_1/production/_ext/282020558/i2cAlternative.o
 .debug_ranges  0x00000000000000a0       0x40 .ca/build/Config_1/production/main.o
 .debug_ranges  0x00000000000000e0       0x18 .ca/build/Config_1/production/_ext/282020558/debug.o

.debug_macro
 *(.debug_macro)
OUTPUT(.ca/dist/Config_1/production/mocFullTest.X.production.elf elf32-avr)
LOAD linker stubs
LOAD data_init

.note.gnu.avr.deviceinfo
                0x0000000000000000       0x40
 .note.gnu.avr.deviceinfo
                0x0000000000000000       0x40 C:/Program Files/Microchip/MPLABX/v6.05/packs/Microchip/ATtiny_DFP/3.0.151/xc8/avr/lib/avrxmega3/crtattiny1626.o

.bss.orderBuffer
                0x000000000080386f       0x14
 .bss.orderBuffer
                0x000000000080386f       0x14 .ca/build/Config_1/production/src/i2c.o
                0x000000000080386f                orderBuffer

.bss.led_event_i
                0x000000000080388c        0x1
 .bss.led_event_i
                0x000000000080388c        0x1 .ca/build/Config_1/production/src/ledandcolor.o
                0x000000000080388c                led_event_i

.bss.led_events
                0x0000000000803800       0x27
 .bss.led_events
                0x0000000000803800       0x27 .ca/build/Config_1/production/src/ledandcolor.o
                0x0000000000803800                led_events

.bss.isNewLedEventReady
                0x000000000080388e        0x1
 .bss.isNewLedEventReady
                0x000000000080388e        0x1 .ca/build/Config_1/production/src/ledandcolor.o
                0x000000000080388e                isNewLedEventReady

.bss.leds_t     0x0000000000803827       0x18
 .bss.leds_t    0x0000000000803827       0x18 .ca/build/Config_1/production/src/ledandcolor.o
                0x0000000000803827                leds_t

.bss.leds       0x000000000080383f       0x18
 .bss.leds      0x000000000080383f       0x18 .ca/build/Config_1/production/src/ledandcolor.o
                0x000000000080383f                leds

.bss.rgbButtons
                0x0000000000803857       0x18
 .bss.rgbButtons
                0x0000000000803857       0x18 .ca/build/Config_1/production/src/ledandcolor.o
                0x0000000000803857                rgbButtons

.bss.receive_state
                0x000000000080388f        0x1
 .bss.receive_state
                0x000000000080388f        0x1 .ca/build/Config_1/production/_ext/282020558/i2cAlternative.o
                0x000000000080388f                receive_state

.bss.I2C_busy   0x0000000000803890        0x1
 .bss.I2C_busy  0x0000000000803890        0x1 .ca/build/Config_1/production/_ext/282020558/i2cAlternative.o
                0x0000000000803890                I2C_busy

.bss.I2C_REG_changed
                0x0000000000803891        0x1
 .bss.I2C_REG_changed
                0x0000000000803891        0x1 .ca/build/Config_1/production/_ext/282020558/i2cAlternative.o
                0x0000000000803891                I2C_REG_changed

.bss.led_color_buf
                0x0000000000803892        0x1
 .bss.led_color_buf
                0x0000000000803892        0x1 .ca/build/Config_1/production/_ext/282020558/i2cAlternative.o
                0x0000000000803892                led_color_buf

.bss.led_buttons
                0x0000000000803883        0x4
 .bss.led_buttons
                0x0000000000803883        0x4 .ca/build/Config_1/production/_ext/282020558/i2cAlternative.o
                0x0000000000803883                led_buttons

.bss.i2c_read_n
                0x0000000000803893        0x1
 .bss.i2c_read_n
                0x0000000000803893        0x1 .ca/build/Config_1/production/_ext/282020558/i2cAlternative.o
                0x0000000000803893                i2c_read_n

.bss.i2c_read_i
                0x0000000000803894        0x1
 .bss.i2c_read_i
                0x0000000000803894        0x1 .ca/build/Config_1/production/_ext/282020558/i2cAlternative.o
                0x0000000000803894                i2c_read_i

.bss.i2c_wrt_i  0x0000000000803895        0x1
 .bss.i2c_wrt_i
                0x0000000000803895        0x1 .ca/build/Config_1/production/_ext/282020558/i2cAlternative.o
                0x0000000000803895                i2c_wrt_i

.bss.event      0x0000000000803887        0x3
 .bss.event     0x0000000000803887        0x3 .ca/build/Config_1/production/main.o
                0x0000000000803887                event

.bss.tBCnt      0x000000000080388a        0x2
 .bss.tBCnt     0x000000000080388a        0x2 .ca/build/Config_1/production/main.o
                0x000000000080388a                tBCnt

.bss.led_cnt2   0x0000000000803896        0x1
 .bss.led_cnt2  0x0000000000803896        0x1 .ca/build/Config_1/production/main.o
                0x0000000000803896                led_cnt2

.bss.led_cnt1   0x0000000000803897        0x1
 .bss.led_cnt1  0x0000000000803897        0x1 .ca/build/Config_1/production/main.o
                0x0000000000803897                led_cnt1

.bss.tog_ch2    0x0000000000803898        0x1
 .bss.tog_ch2   0x0000000000803898        0x1 .ca/build/Config_1/production/_ext/282020558/debug.o
                0x0000000000803898                tog_ch2

.bss.tog_ch1    0x0000000000803899        0x1
 .bss.tog_ch1   0x0000000000803899        0x1 .ca/build/Config_1/production/_ext/282020558/debug.o
                0x0000000000803899                tog_ch1

.text.qsort     0x00000000000000de      0x22e
 .text.qsort    0x00000000000000de      0x22e c:/program files/microchip/xc8/v2.36/avr/bin/../lib/gcc/avr/5.4.0/../../../../avr/lib/avrxmega3\libc.a(qsort.o)
                0x00000000000000de                qsort

.text.__vector_14
                0x000000000000030c      0x19c
 .text.__vector_14
                0x000000000000030c      0x19c .ca/build/Config_1/production/_ext/282020558/i2cAlternative.o
                0x000000000000030c                __vector_14

.text.trinkle   0x00000000000004a8      0x14c
 .text.trinkle  0x00000000000004a8      0x14c c:/program files/microchip/xc8/v2.36/avr/bin/../lib/gcc/avr/5.4.0/../../../../avr/lib/avrxmega3\libc.a(qsort.o)

.text.led_updateColorSystem
                0x00000000000005f4      0x138
 .text.led_updateColorSystem
                0x00000000000005f4      0x138 .ca/build/Config_1/production/src/ledandcolor.o
                0x00000000000005f4                led_updateColorSystem

.text.sift      0x000000000000072c       0xda
 .text.sift     0x000000000000072c       0xda c:/program files/microchip/xc8/v2.36/avr/bin/../lib/gcc/avr/5.4.0/../../../../avr/lib/avrxmega3\libc.a(qsort.o)

.text.led_rgbInit
                0x0000000000000806       0xcc
 .text.led_rgbInit
                0x0000000000000806       0xcc .ca/build/Config_1/production/src/ledandcolor.o
                0x0000000000000806                led_rgbInit

.text.pntz      0x00000000000008d2       0xba
 .text.pntz     0x00000000000008d2       0xba c:/program files/microchip/xc8/v2.36/avr/bin/../lib/gcc/avr/5.4.0/../../../../avr/lib/avrxmega3\libc.a(qsort.o)

.text.main      0x000000000000098c       0xa8
 .text.main     0x000000000000098c       0xa8 .ca/build/Config_1/production/main.o
                0x000000000000098c                main

.text.cycle     0x0000000000000a34       0x88
 .text.cycle    0x0000000000000a34       0x88 c:/program files/microchip/xc8/v2.36/avr/bin/../lib/gcc/avr/5.4.0/../../../../avr/lib/avrxmega3\libc.a(qsort.o)

.text.led_init  0x0000000000000abc       0x60
 .text.led_init
                0x0000000000000abc       0x60 .ca/build/Config_1/production/src/ledandcolor.o
                0x0000000000000abc                led_init

.text.shl       0x0000000000000b1c       0x58
 .text.shl      0x0000000000000b1c       0x58 c:/program files/microchip/xc8/v2.36/avr/bin/../lib/gcc/avr/5.4.0/../../../../avr/lib/avrxmega3\libc.a(qsort.o)

.text.shr       0x0000000000000b74       0x58
 .text.shr      0x0000000000000b74       0x58 c:/program files/microchip/xc8/v2.36/avr/bin/../lib/gcc/avr/5.4.0/../../../../avr/lib/avrxmega3\libc.a(qsort.o)

.text.led_updateRGB
                0x0000000000000bcc       0x4c
 .text.led_updateRGB
                0x0000000000000bcc       0x4c .ca/build/Config_1/production/src/ledandcolor.o
                0x0000000000000bcc                led_updateRGB

.text.__vector_16
                0x0000000000000c18       0x46
 .text.__vector_16
                0x0000000000000c18       0x46 .ca/build/Config_1/production/main.o
                0x0000000000000c18                __vector_16

.text.__vector_8
                0x0000000000000c5e       0x3a
 .text.__vector_8
                0x0000000000000c5e       0x3a .ca/build/Config_1/production/main.o
                0x0000000000000c5e                __vector_8

.text.__vector_13
                0x0000000000000c98       0x36
 .text.__vector_13
                0x0000000000000c98       0x36 .ca/build/Config_1/production/main.o
                0x0000000000000c98                __vector_13

.text.libgcc.prologue
                0x0000000000000cce       0x32
 .text.libgcc.prologue
                0x0000000000000cce       0x32 c:/program files/microchip/xc8/v2.36/avr/bin/../lib/gcc/avr/5.4.0/avrxmega3\libgcc.a(_prologue.o)
                0x0000000000000cce                __prologue_saves__

.text.libgcc.prologue
                0x0000000000000d00       0x30
 .text.libgcc.prologue
                0x0000000000000d00       0x30 c:/program files/microchip/xc8/v2.36/avr/bin/../lib/gcc/avr/5.4.0/avrxmega3\libgcc.a(_epilogue.o)
                0x0000000000000d00                __epilogue_restores__

.text.toggleCh1
                0x0000000000000d30       0x2a
 .text.toggleCh1
                0x0000000000000d30       0x2a .ca/build/Config_1/production/_ext/282020558/debug.o
                0x0000000000000d30                toggleCh1

.text.toggleCh2
                0x0000000000000d5a       0x2a
 .text.toggleCh2
                0x0000000000000d5a       0x2a .ca/build/Config_1/production/_ext/282020558/debug.o
                0x0000000000000d5a                toggleCh2

.text.led_Compare
                0x0000000000000d84       0x28
 .text.led_Compare
                0x0000000000000d84       0x28 .ca/build/Config_1/production/src/ledandcolor.o
                0x0000000000000d84                led_Compare

.text.i2c_init  0x0000000000000dac       0x24
 .text.i2c_init
                0x0000000000000dac       0x24 .ca/build/Config_1/production/src/i2c.o
                0x0000000000000dac                i2c_init

.rodata.debruijn32.1434
                0x0000000000808dd0       0x20 load address 0x0000000000000dd0
 .rodata.debruijn32.1434
                0x0000000000808dd0       0x20 c:/program files/microchip/xc8/v2.36/avr/bin/../lib/gcc/avr/5.4.0/../../../../avr/lib/avrxmega3\libc.a(qsort.o)

.text.libgcc.mul
                0x0000000000000df0       0x20
 .text.libgcc.mul
                0x0000000000000df0       0x20 c:/program files/microchip/xc8/v2.36/avr/bin/../lib/gcc/avr/5.4.0/avrxmega3\libgcc.a(_mulsi3.o)
                0x0000000000000df0                __mulsi3

.text.libgcc.mul
                0x0000000000000e10       0x1e
 .text.libgcc.mul
                0x0000000000000e10       0x1e c:/program files/microchip/xc8/v2.36/avr/bin/../lib/gcc/avr/5.4.0/avrxmega3\libgcc.a(_umulhisi3.o)
                0x0000000000000e10                __umulhisi3

.text.time_t0Init
                0x0000000000000e2e       0x1a
 .text.time_t0Init
                0x0000000000000e2e       0x1a .ca/build/Config_1/production/src/timer.o
                0x0000000000000e2e                time_t0Init

.text.time_t1Init
                0x0000000000000e48       0x1a
 .text.time_t1Init
                0x0000000000000e48       0x1a .ca/build/Config_1/production/src/timer.o
                0x0000000000000e48                time_t1Init

.text.led_shiftSend
                0x0000000000000e62       0x16
 .text.led_shiftSend
                0x0000000000000e62       0x16 .ca/build/Config_1/production/src/ledandcolor.o
                0x0000000000000e62                led_shiftSend

.text.exit      0x0000000000000e78       0x16
 .text.exit     0x0000000000000e78       0x16 c:/program files/microchip/xc8/v2.36/avr/bin/../lib/gcc/avr/5.4.0/../../../../avr/lib/avrxmega3\libc.a(exit.o)
                0x0000000000000e78                exit

.text.memcpy    0x0000000000000e8e       0x16
 .text.memcpy   0x0000000000000e8e       0x16 c:/program files/microchip/xc8/v2.36/avr/bin/../lib/gcc/avr/5.4.0/../../../../avr/lib/avrxmega3\libc.a(memcpy.o)
                0x0000000000000e8e                memcpy

.text.libgcc.mul
                0x0000000000000ea4       0x16
 .text.libgcc.mul
                0x0000000000000ea4       0x16 c:/program files/microchip/xc8/v2.36/avr/bin/../lib/gcc/avr/5.4.0/avrxmega3\libgcc.a(_muluhisi3.o)
                0x0000000000000ea4                __muluhisi3

.text.reset_states
                0x0000000000000eba        0xe
 .text.reset_states
                0x0000000000000eba        0xe .ca/build/Config_1/production/_ext/282020558/i2cAlternative.o
                0x0000000000000eba                reset_states

.text.getSensorData
                0x0000000000000ec8        0xc
 .text.getSensorData
                0x0000000000000ec8        0xc .ca/build/Config_1/production/main.o
                0x0000000000000ec8                getSensorData

.text.avrlibc   0x0000000000000ed4        0xc
 .text.avrlibc  0x0000000000000ed4        0xc C:/Program Files/Microchip/MPLABX/v6.05/packs/Microchip/ATtiny_DFP/3.0.151/xc8/avr/lib/avrxmega3\libattiny1626.a(ccp_write.o)
                0x0000000000000ed4                ccp_write_io

.text.setLedData
                0x0000000000000ee0        0x6
 .text.setLedData
                0x0000000000000ee0        0x6 .ca/build/Config_1/production/main.o
                0x0000000000000ee0                setLedData

.text           0x0000000000000ee6        0x4
 .text          0x0000000000000ee6        0x4 C:/Program Files/Microchip/MPLABX/v6.05/packs/Microchip/ATtiny_DFP/3.0.151/xc8/avr/lib/avrxmega3/crtattiny1626.o
                0x0000000000000ee6                __vector_22
                0x0000000000000ee6                __vector_28
                0x0000000000000ee6                __vector_1
                0x0000000000000ee6                __vector_24
                0x0000000000000ee6                __vector_12
                0x0000000000000ee6                __bad_interrupt
                0x0000000000000ee6                __vector_6
                0x0000000000000ee6                __vector_3
                0x0000000000000ee6                __vector_23
                0x0000000000000ee6                __vector_25
                0x0000000000000ee6                __vector_11
                0x0000000000000ee6                __vector_17
                0x0000000000000ee6                __vector_19
                0x0000000000000ee6                __vector_7
                0x0000000000000ee6                __vector_27
                0x0000000000000ee6                __vector_5
                0x0000000000000ee6                __vector_4
                0x0000000000000ee6                __vector_9
                0x0000000000000ee6                __vector_2
                0x0000000000000ee6                __vector_21
                0x0000000000000ee6                __vector_15
                0x0000000000000ee6                __vector_29
                0x0000000000000ee6                __vector_26
                0x0000000000000ee6                __vector_10
                0x0000000000000ee6                __vector_18
                0x0000000000000ee6                __vector_20

.text._Exit     0x0000000000000eea        0x4
 .text._Exit    0x0000000000000eea        0x4 c:/program files/microchip/xc8/v2.36/avr/bin/../lib/gcc/avr/5.4.0/../../../../avr/lib/avrxmega3\libc.a(_Exit.o)
                0x0000000000000eea                _Exit

.text.__dummy_fini
                0x0000000000000eee        0x2
 .text.__dummy_fini
                0x0000000000000eee        0x2 c:/program files/microchip/xc8/v2.36/avr/bin/../lib/gcc/avr/5.4.0/../../../../avr/lib/avrxmega3\libc.a(exit.o)
                0x0000000000000eee                _fini

.text.__dummy_funcs_on_exit
                0x0000000000000ef0        0x2
 .text.__dummy_funcs_on_exit
                0x0000000000000ef0        0x2 c:/program files/microchip/xc8/v2.36/avr/bin/../lib/gcc/avr/5.4.0/../../../../avr/lib/avrxmega3\libc.a(exit.o)
                0x0000000000000ef0                __funcs_on_exit

.text.__dummy_simulator_exit
                0x0000000000000ef2        0x2
 .text.__dummy_simulator_exit
                0x0000000000000ef2        0x2 c:/program files/microchip/xc8/v2.36/avr/bin/../lib/gcc/avr/5.4.0/../../../../avr/lib/avrxmega3\libc.a(exit.o)
                0x0000000000000ef2                __simulator_exit

.data.led_event_n
                0x000000000080388d        0x1 load address 0x0000000000000ef4
 .data.led_event_n
                0x000000000080388d        0x1 .ca/build/Config_1/production/src/ledandcolor.o
                0x000000000080388d                led_event_n
