Archive member included to satisfy reference by file (symbol)

c:/program files (x86)/atmel/studio/7.0/toolchain/avr8/avr8-gnu-toolchain/bin/../lib/gcc/avr/5.4.0/avrxmega3\libgcc.a(_exit.o)
                              C:/Program Files/Microchip/MPLABX/v6.05/packs/Microchip/ATtiny_DFP/3.0.151/gcc/dev/attiny1626/avrxmega3/crtattiny1626.o (exit)
c:/program files (x86)/atmel/studio/7.0/toolchain/avr8/avr8-gnu-toolchain/bin/../lib/gcc/avr/5.4.0/avrxmega3\libgcc.a(_copy_data.o)
                              build/default/debug/src/ledandcolor.o (__do_copy_data)
c:/program files (x86)/atmel/studio/7.0/toolchain/avr8/avr8-gnu-toolchain/bin/../lib/gcc/avr/5.4.0/avrxmega3\libgcc.a(_clear_bss.o)
                              build/default/debug/src/adc.o (__do_clear_bss)
c:/program files (x86)/atmel/studio/7.0/toolchain/avr8/avr8-gnu-toolchain/bin/../lib/gcc/avr/5.4.0/../../../../avr/lib/avrxmega3\libc.a(qsort.o)
                              build/default/debug/src/ledandcolor.o (qsort)
C:/Program Files/Microchip/MPLABX/v6.05/packs/Microchip/ATtiny_DFP/3.0.151/gcc/dev/attiny1626/avrxmega3\libattiny1626.a(eerd_byte.o)
                              build/default/debug/_ext/797462307/eep.o (eeprom_read_byte)
C:/Program Files/Microchip/MPLABX/v6.05/packs/Microchip/ATtiny_DFP/3.0.151/gcc/dev/attiny1626/avrxmega3\libattiny1626.a(eerd_dword.o)
                              build/default/debug/_ext/797462307/eep.o (eeprom_read_dword)
C:/Program Files/Microchip/MPLABX/v6.05/packs/Microchip/ATtiny_DFP/3.0.151/gcc/dev/attiny1626/avrxmega3\libattiny1626.a(eeupd_byte.o)
                              build/default/debug/_ext/797462307/eep.o (eeprom_update_byte)
C:/Program Files/Microchip/MPLABX/v6.05/packs/Microchip/ATtiny_DFP/3.0.151/gcc/dev/attiny1626/avrxmega3\libattiny1626.a(eeupd_dword.o)
                              build/default/debug/_ext/797462307/eep.o (eeprom_update_dword)
C:/Program Files/Microchip/MPLABX/v6.05/packs/Microchip/ATtiny_DFP/3.0.151/gcc/dev/attiny1626/avrxmega3\libattiny1626.a(eewr_byte.o)
                              C:/Program Files/Microchip/MPLABX/v6.05/packs/Microchip/ATtiny_DFP/3.0.151/gcc/dev/attiny1626/avrxmega3\libattiny1626.a(eeupd_byte.o) (eeprom_write_r18)
C:/Program Files/Microchip/MPLABX/v6.05/packs/Microchip/ATtiny_DFP/3.0.151/gcc/dev/attiny1626/avrxmega3\libattiny1626.a(ccp_write.o)
                              build/default/debug/_ext/797462307/main.o (ccp_write_io)
c:/program files (x86)/atmel/studio/7.0/toolchain/avr8/avr8-gnu-toolchain/bin/../lib/gcc/avr/5.4.0/avrxmega3\libgcc.a(_udivmodhi4.o)
                              c:/program files (x86)/atmel/studio/7.0/toolchain/avr8/avr8-gnu-toolchain/bin/../lib/gcc/avr/5.4.0/../../../../avr/lib/avrxmega3\libc.a(qsort.o) (__udivmodhi4)
c:/program files (x86)/atmel/studio/7.0/toolchain/avr8/avr8-gnu-toolchain/bin/../lib/gcc/avr/5.4.0/avrxmega3\libgcc.a(_prologue.o)
                              c:/program files (x86)/atmel/studio/7.0/toolchain/avr8/avr8-gnu-toolchain/bin/../lib/gcc/avr/5.4.0/../../../../avr/lib/avrxmega3\libc.a(qsort.o) (__prologue_saves__)
c:/program files (x86)/atmel/studio/7.0/toolchain/avr8/avr8-gnu-toolchain/bin/../lib/gcc/avr/5.4.0/avrxmega3\libgcc.a(_epilogue.o)
                              c:/program files (x86)/atmel/studio/7.0/toolchain/avr8/avr8-gnu-toolchain/bin/../lib/gcc/avr/5.4.0/../../../../avr/lib/avrxmega3\libc.a(qsort.o) (__epilogue_restores__)

Allocating common symbols
Common symbol       size              file

leds                0x18              build/default/debug/src/ledandcolor.o
buttons             0x4               build/default/debug/src/button.o
event               0x3               build/default/debug/_ext/797462307/main.o
led_events          0x2a              build/default/debug/src/ledandcolor.o
enc_delta           0x1               build/default/debug/_ext/797462307/encoderAlternative.o
i2c_wrt_i           0x1               build/default/debug/_ext/797462307/i2cAlternative.o
rgbButtons          0x18              build/default/debug/src/ledandcolor.o
leds_t              0x18              build/default/debug/src/ledandcolor.o

Discarded input sections

 .data          0x00000000        0x0 C:/Program Files/Microchip/MPLABX/v6.05/packs/Microchip/ATtiny_DFP/3.0.151/gcc/dev/attiny1626/avrxmega3/crtattiny1626.o
 .bss           0x00000000        0x0 C:/Program Files/Microchip/MPLABX/v6.05/packs/Microchip/ATtiny_DFP/3.0.151/gcc/dev/attiny1626/avrxmega3/crtattiny1626.o
 .text          0x00000000        0x0 build/default/debug/src/adc.o
 .data          0x00000000        0x0 build/default/debug/src/adc.o
 .bss           0x00000000        0x0 build/default/debug/src/adc.o
 .text.adc_filterValues
                0x00000000        0x2 build/default/debug/src/adc.o
 .text.adc_updateHysteresis
                0x00000000       0x7e build/default/debug/src/adc.o
 .text.adc_filter
                0x00000000       0x64 build/default/debug/src/adc.o
 .text.adc_increaseBitDepth
                0x00000000      0x110 build/default/debug/src/adc.o
 .text          0x00000000        0x0 build/default/debug/src/button.o
 .data          0x00000000        0x0 build/default/debug/src/button.o
 .bss           0x00000000        0x0 build/default/debug/src/button.o
 .text          0x00000000        0x0 build/default/debug/_ext/797462307/eep.o
 .data          0x00000000        0x0 build/default/debug/_ext/797462307/eep.o
 .bss           0x00000000        0x0 build/default/debug/_ext/797462307/eep.o
 .text          0x00000000        0x0 build/default/debug/src/ledandcolor.o
 .data          0x00000000        0x0 build/default/debug/src/ledandcolor.o
 .bss           0x00000000        0x0 build/default/debug/src/ledandcolor.o
 .text.led_rgbInit
                0x00000000       0xcc build/default/debug/src/ledandcolor.o
 .text          0x00000000        0x0 build/default/debug/src/timer.o
 .data          0x00000000        0x0 build/default/debug/src/timer.o
 .bss           0x00000000        0x0 build/default/debug/src/timer.o
 .text.time_counter
                0x00000000       0x1a build/default/debug/src/timer.o
 .text          0x00000000        0x0 build/default/debug/_ext/797462307/main.o
 .data          0x00000000        0x0 build/default/debug/_ext/797462307/main.o
 .bss           0x00000000        0x0 build/default/debug/_ext/797462307/main.o
 .text          0x00000000        0x0 build/default/debug/_ext/797462307/encoderAlternative.o
 .data          0x00000000        0x0 build/default/debug/_ext/797462307/encoderAlternative.o
 .bss           0x00000000        0x0 build/default/debug/_ext/797462307/encoderAlternative.o
 .text          0x00000000        0x0 build/default/debug/_ext/797462307/i2cAlternative.o
 .data          0x00000000        0x0 build/default/debug/_ext/797462307/i2cAlternative.o
 .bss           0x00000000        0x0 build/default/debug/_ext/797462307/i2cAlternative.o
 .text.reset_states
                0x00000000        0xe build/default/debug/_ext/797462307/i2cAlternative.o
 .text          0x00000000        0x0 c:/program files (x86)/atmel/studio/7.0/toolchain/avr8/avr8-gnu-toolchain/bin/../lib/gcc/avr/5.4.0/avrxmega3\libgcc.a(_exit.o)
 .data          0x00000000        0x0 c:/program files (x86)/atmel/studio/7.0/toolchain/avr8/avr8-gnu-toolchain/bin/../lib/gcc/avr/5.4.0/avrxmega3\libgcc.a(_exit.o)
 .bss           0x00000000        0x0 c:/program files (x86)/atmel/studio/7.0/toolchain/avr8/avr8-gnu-toolchain/bin/../lib/gcc/avr/5.4.0/avrxmega3\libgcc.a(_exit.o)
 .text.libgcc.mul
                0x00000000        0x0 c:/program files (x86)/atmel/studio/7.0/toolchain/avr8/avr8-gnu-toolchain/bin/../lib/gcc/avr/5.4.0/avrxmega3\libgcc.a(_exit.o)
 .text.libgcc.div
                0x00000000        0x0 c:/program files (x86)/atmel/studio/7.0/toolchain/avr8/avr8-gnu-toolchain/bin/../lib/gcc/avr/5.4.0/avrxmega3\libgcc.a(_exit.o)
 .text.libgcc   0x00000000        0x0 c:/program files (x86)/atmel/studio/7.0/toolchain/avr8/avr8-gnu-toolchain/bin/../lib/gcc/avr/5.4.0/avrxmega3\libgcc.a(_exit.o)
 .text.libgcc.prologue
                0x00000000        0x0 c:/program files (x86)/atmel/studio/7.0/toolchain/avr8/avr8-gnu-toolchain/bin/../lib/gcc/avr/5.4.0/avrxmega3\libgcc.a(_exit.o)
 .text.libgcc.builtins
                0x00000000        0x0 c:/program files (x86)/atmel/studio/7.0/toolchain/avr8/avr8-gnu-toolchain/bin/../lib/gcc/avr/5.4.0/avrxmega3\libgcc.a(_exit.o)
 .text.libgcc.fmul
                0x00000000        0x0 c:/program files (x86)/atmel/studio/7.0/toolchain/avr8/avr8-gnu-toolchain/bin/../lib/gcc/avr/5.4.0/avrxmega3\libgcc.a(_exit.o)
 .text.libgcc.fixed
                0x00000000        0x0 c:/program files (x86)/atmel/studio/7.0/toolchain/avr8/avr8-gnu-toolchain/bin/../lib/gcc/avr/5.4.0/avrxmega3\libgcc.a(_exit.o)
 .text          0x00000000        0x0 c:/program files (x86)/atmel/studio/7.0/toolchain/avr8/avr8-gnu-toolchain/bin/../lib/gcc/avr/5.4.0/avrxmega3\libgcc.a(_copy_data.o)
 .data          0x00000000        0x0 c:/program files (x86)/atmel/studio/7.0/toolchain/avr8/avr8-gnu-toolchain/bin/../lib/gcc/avr/5.4.0/avrxmega3\libgcc.a(_copy_data.o)
 .bss           0x00000000        0x0 c:/program files (x86)/atmel/studio/7.0/toolchain/avr8/avr8-gnu-toolchain/bin/../lib/gcc/avr/5.4.0/avrxmega3\libgcc.a(_copy_data.o)
 .text.libgcc.mul
                0x00000000        0x0 c:/program files (x86)/atmel/studio/7.0/toolchain/avr8/avr8-gnu-toolchain/bin/../lib/gcc/avr/5.4.0/avrxmega3\libgcc.a(_copy_data.o)
 .text.libgcc.div
                0x00000000        0x0 c:/program files (x86)/atmel/studio/7.0/toolchain/avr8/avr8-gnu-toolchain/bin/../lib/gcc/avr/5.4.0/avrxmega3\libgcc.a(_copy_data.o)
 .text.libgcc   0x00000000        0x0 c:/program files (x86)/atmel/studio/7.0/toolchain/avr8/avr8-gnu-toolchain/bin/../lib/gcc/avr/5.4.0/avrxmega3\libgcc.a(_copy_data.o)
 .text.libgcc.prologue
                0x00000000        0x0 c:/program files (x86)/atmel/studio/7.0/toolchain/avr8/avr8-gnu-toolchain/bin/../lib/gcc/avr/5.4.0/avrxmega3\libgcc.a(_copy_data.o)
 .text.libgcc.builtins
                0x00000000        0x0 c:/program files (x86)/atmel/studio/7.0/toolchain/avr8/avr8-gnu-toolchain/bin/../lib/gcc/avr/5.4.0/avrxmega3\libgcc.a(_copy_data.o)
 .text.libgcc.fmul
                0x00000000        0x0 c:/program files (x86)/atmel/studio/7.0/toolchain/avr8/avr8-gnu-toolchain/bin/../lib/gcc/avr/5.4.0/avrxmega3\libgcc.a(_copy_data.o)
 .text.libgcc.fixed
                0x00000000        0x0 c:/program files (x86)/atmel/studio/7.0/toolchain/avr8/avr8-gnu-toolchain/bin/../lib/gcc/avr/5.4.0/avrxmega3\libgcc.a(_copy_data.o)
 .text          0x00000000        0x0 c:/program files (x86)/atmel/studio/7.0/toolchain/avr8/avr8-gnu-toolchain/bin/../lib/gcc/avr/5.4.0/avrxmega3\libgcc.a(_clear_bss.o)
 .data          0x00000000        0x0 c:/program files (x86)/atmel/studio/7.0/toolchain/avr8/avr8-gnu-toolchain/bin/../lib/gcc/avr/5.4.0/avrxmega3\libgcc.a(_clear_bss.o)
 .bss           0x00000000        0x0 c:/program files (x86)/atmel/studio/7.0/toolchain/avr8/avr8-gnu-toolchain/bin/../lib/gcc/avr/5.4.0/avrxmega3\libgcc.a(_clear_bss.o)
 .text.libgcc.mul
                0x00000000        0x0 c:/program files (x86)/atmel/studio/7.0/toolchain/avr8/avr8-gnu-toolchain/bin/../lib/gcc/avr/5.4.0/avrxmega3\libgcc.a(_clear_bss.o)
 .text.libgcc.div
                0x00000000        0x0 c:/program files (x86)/atmel/studio/7.0/toolchain/avr8/avr8-gnu-toolchain/bin/../lib/gcc/avr/5.4.0/avrxmega3\libgcc.a(_clear_bss.o)
 .text.libgcc   0x00000000        0x0 c:/program files (x86)/atmel/studio/7.0/toolchain/avr8/avr8-gnu-toolchain/bin/../lib/gcc/avr/5.4.0/avrxmega3\libgcc.a(_clear_bss.o)
 .text.libgcc.prologue
                0x00000000        0x0 c:/program files (x86)/atmel/studio/7.0/toolchain/avr8/avr8-gnu-toolchain/bin/../lib/gcc/avr/5.4.0/avrxmega3\libgcc.a(_clear_bss.o)
 .text.libgcc.builtins
                0x00000000        0x0 c:/program files (x86)/atmel/studio/7.0/toolchain/avr8/avr8-gnu-toolchain/bin/../lib/gcc/avr/5.4.0/avrxmega3\libgcc.a(_clear_bss.o)
 .text.libgcc.fmul
                0x00000000        0x0 c:/program files (x86)/atmel/studio/7.0/toolchain/avr8/avr8-gnu-toolchain/bin/../lib/gcc/avr/5.4.0/avrxmega3\libgcc.a(_clear_bss.o)
 .text.libgcc.fixed
                0x00000000        0x0 c:/program files (x86)/atmel/studio/7.0/toolchain/avr8/avr8-gnu-toolchain/bin/../lib/gcc/avr/5.4.0/avrxmega3\libgcc.a(_clear_bss.o)
 .text          0x00000000        0x0 c:/program files (x86)/atmel/studio/7.0/toolchain/avr8/avr8-gnu-toolchain/bin/../lib/gcc/avr/5.4.0/../../../../avr/lib/avrxmega3\libc.a(qsort.o)
 .data          0x00000000        0x0 c:/program files (x86)/atmel/studio/7.0/toolchain/avr8/avr8-gnu-toolchain/bin/../lib/gcc/avr/5.4.0/../../../../avr/lib/avrxmega3\libc.a(qsort.o)
 .bss           0x00000000        0x0 c:/program files (x86)/atmel/studio/7.0/toolchain/avr8/avr8-gnu-toolchain/bin/../lib/gcc/avr/5.4.0/../../../../avr/lib/avrxmega3\libc.a(qsort.o)
 .text          0x00000000        0x0 C:/Program Files/Microchip/MPLABX/v6.05/packs/Microchip/ATtiny_DFP/3.0.151/gcc/dev/attiny1626/avrxmega3\libattiny1626.a(eerd_byte.o)
 .data          0x00000000        0x0 C:/Program Files/Microchip/MPLABX/v6.05/packs/Microchip/ATtiny_DFP/3.0.151/gcc/dev/attiny1626/avrxmega3\libattiny1626.a(eerd_byte.o)
 .bss           0x00000000        0x0 C:/Program Files/Microchip/MPLABX/v6.05/packs/Microchip/ATtiny_DFP/3.0.151/gcc/dev/attiny1626/avrxmega3\libattiny1626.a(eerd_byte.o)
 .text          0x00000000        0x0 C:/Program Files/Microchip/MPLABX/v6.05/packs/Microchip/ATtiny_DFP/3.0.151/gcc/dev/attiny1626/avrxmega3\libattiny1626.a(eerd_dword.o)
 .data          0x00000000        0x0 C:/Program Files/Microchip/MPLABX/v6.05/packs/Microchip/ATtiny_DFP/3.0.151/gcc/dev/attiny1626/avrxmega3\libattiny1626.a(eerd_dword.o)
 .bss           0x00000000        0x0 C:/Program Files/Microchip/MPLABX/v6.05/packs/Microchip/ATtiny_DFP/3.0.151/gcc/dev/attiny1626/avrxmega3\libattiny1626.a(eerd_dword.o)
 .text          0x00000000        0x0 C:/Program Files/Microchip/MPLABX/v6.05/packs/Microchip/ATtiny_DFP/3.0.151/gcc/dev/attiny1626/avrxmega3\libattiny1626.a(eeupd_byte.o)
 .data          0x00000000        0x0 C:/Program Files/Microchip/MPLABX/v6.05/packs/Microchip/ATtiny_DFP/3.0.151/gcc/dev/attiny1626/avrxmega3\libattiny1626.a(eeupd_byte.o)
 .bss           0x00000000        0x0 C:/Program Files/Microchip/MPLABX/v6.05/packs/Microchip/ATtiny_DFP/3.0.151/gcc/dev/attiny1626/avrxmega3\libattiny1626.a(eeupd_byte.o)
 .text          0x00000000        0x0 C:/Program Files/Microchip/MPLABX/v6.05/packs/Microchip/ATtiny_DFP/3.0.151/gcc/dev/attiny1626/avrxmega3\libattiny1626.a(eeupd_dword.o)
 .data          0x00000000        0x0 C:/Program Files/Microchip/MPLABX/v6.05/packs/Microchip/ATtiny_DFP/3.0.151/gcc/dev/attiny1626/avrxmega3\libattiny1626.a(eeupd_dword.o)
 .bss           0x00000000        0x0 C:/Program Files/Microchip/MPLABX/v6.05/packs/Microchip/ATtiny_DFP/3.0.151/gcc/dev/attiny1626/avrxmega3\libattiny1626.a(eeupd_dword.o)
 .text          0x00000000        0x0 C:/Program Files/Microchip/MPLABX/v6.05/packs/Microchip/ATtiny_DFP/3.0.151/gcc/dev/attiny1626/avrxmega3\libattiny1626.a(eewr_byte.o)
 .data          0x00000000        0x0 C:/Program Files/Microchip/MPLABX/v6.05/packs/Microchip/ATtiny_DFP/3.0.151/gcc/dev/attiny1626/avrxmega3\libattiny1626.a(eewr_byte.o)
 .bss           0x00000000        0x0 C:/Program Files/Microchip/MPLABX/v6.05/packs/Microchip/ATtiny_DFP/3.0.151/gcc/dev/attiny1626/avrxmega3\libattiny1626.a(eewr_byte.o)
 .text          0x00000000        0x0 C:/Program Files/Microchip/MPLABX/v6.05/packs/Microchip/ATtiny_DFP/3.0.151/gcc/dev/attiny1626/avrxmega3\libattiny1626.a(ccp_write.o)
 .data          0x00000000        0x0 C:/Program Files/Microchip/MPLABX/v6.05/packs/Microchip/ATtiny_DFP/3.0.151/gcc/dev/attiny1626/avrxmega3\libattiny1626.a(ccp_write.o)
 .bss           0x00000000        0x0 C:/Program Files/Microchip/MPLABX/v6.05/packs/Microchip/ATtiny_DFP/3.0.151/gcc/dev/attiny1626/avrxmega3\libattiny1626.a(ccp_write.o)
 .text          0x00000000        0x0 c:/program files (x86)/atmel/studio/7.0/toolchain/avr8/avr8-gnu-toolchain/bin/../lib/gcc/avr/5.4.0/avrxmega3\libgcc.a(_udivmodhi4.o)
 .data          0x00000000        0x0 c:/program files (x86)/atmel/studio/7.0/toolchain/avr8/avr8-gnu-toolchain/bin/../lib/gcc/avr/5.4.0/avrxmega3\libgcc.a(_udivmodhi4.o)
 .bss           0x00000000        0x0 c:/program files (x86)/atmel/studio/7.0/toolchain/avr8/avr8-gnu-toolchain/bin/../lib/gcc/avr/5.4.0/avrxmega3\libgcc.a(_udivmodhi4.o)
 .text.libgcc.mul
                0x00000000        0x0 c:/program files (x86)/atmel/studio/7.0/toolchain/avr8/avr8-gnu-toolchain/bin/../lib/gcc/avr/5.4.0/avrxmega3\libgcc.a(_udivmodhi4.o)
 .text.libgcc   0x00000000        0x0 c:/program files (x86)/atmel/studio/7.0/toolchain/avr8/avr8-gnu-toolchain/bin/../lib/gcc/avr/5.4.0/avrxmega3\libgcc.a(_udivmodhi4.o)
 .text.libgcc.prologue
                0x00000000        0x0 c:/program files (x86)/atmel/studio/7.0/toolchain/avr8/avr8-gnu-toolchain/bin/../lib/gcc/avr/5.4.0/avrxmega3\libgcc.a(_udivmodhi4.o)
 .text.libgcc.builtins
                0x00000000        0x0 c:/program files (x86)/atmel/studio/7.0/toolchain/avr8/avr8-gnu-toolchain/bin/../lib/gcc/avr/5.4.0/avrxmega3\libgcc.a(_udivmodhi4.o)
 .text.libgcc.fmul
                0x00000000        0x0 c:/program files (x86)/atmel/studio/7.0/toolchain/avr8/avr8-gnu-toolchain/bin/../lib/gcc/avr/5.4.0/avrxmega3\libgcc.a(_udivmodhi4.o)
 .text.libgcc.fixed
                0x00000000        0x0 c:/program files (x86)/atmel/studio/7.0/toolchain/avr8/avr8-gnu-toolchain/bin/../lib/gcc/avr/5.4.0/avrxmega3\libgcc.a(_udivmodhi4.o)
 .text          0x00000000        0x0 c:/program files (x86)/atmel/studio/7.0/toolchain/avr8/avr8-gnu-toolchain/bin/../lib/gcc/avr/5.4.0/avrxmega3\libgcc.a(_prologue.o)
 .data          0x00000000        0x0 c:/program files (x86)/atmel/studio/7.0/toolchain/avr8/avr8-gnu-toolchain/bin/../lib/gcc/avr/5.4.0/avrxmega3\libgcc.a(_prologue.o)
 .bss           0x00000000        0x0 c:/program files (x86)/atmel/studio/7.0/toolchain/avr8/avr8-gnu-toolchain/bin/../lib/gcc/avr/5.4.0/avrxmega3\libgcc.a(_prologue.o)
 .text.libgcc.mul
                0x00000000        0x0 c:/program files (x86)/atmel/studio/7.0/toolchain/avr8/avr8-gnu-toolchain/bin/../lib/gcc/avr/5.4.0/avrxmega3\libgcc.a(_prologue.o)
 .text.libgcc.div
                0x00000000        0x0 c:/program files (x86)/atmel/studio/7.0/toolchain/avr8/avr8-gnu-toolchain/bin/../lib/gcc/avr/5.4.0/avrxmega3\libgcc.a(_prologue.o)
 .text.libgcc   0x00000000        0x0 c:/program files (x86)/atmel/studio/7.0/toolchain/avr8/avr8-gnu-toolchain/bin/../lib/gcc/avr/5.4.0/avrxmega3\libgcc.a(_prologue.o)
 .text.libgcc.builtins
                0x00000000        0x0 c:/program files (x86)/atmel/studio/7.0/toolchain/avr8/avr8-gnu-toolchain/bin/../lib/gcc/avr/5.4.0/avrxmega3\libgcc.a(_prologue.o)
 .text.libgcc.fmul
                0x00000000        0x0 c:/program files (x86)/atmel/studio/7.0/toolchain/avr8/avr8-gnu-toolchain/bin/../lib/gcc/avr/5.4.0/avrxmega3\libgcc.a(_prologue.o)
 .text.libgcc.fixed
                0x00000000        0x0 c:/program files (x86)/atmel/studio/7.0/toolchain/avr8/avr8-gnu-toolchain/bin/../lib/gcc/avr/5.4.0/avrxmega3\libgcc.a(_prologue.o)
 .text          0x00000000        0x0 c:/program files (x86)/atmel/studio/7.0/toolchain/avr8/avr8-gnu-toolchain/bin/../lib/gcc/avr/5.4.0/avrxmega3\libgcc.a(_epilogue.o)
 .data          0x00000000        0x0 c:/program files (x86)/atmel/studio/7.0/toolchain/avr8/avr8-gnu-toolchain/bin/../lib/gcc/avr/5.4.0/avrxmega3\libgcc.a(_epilogue.o)
 .bss           0x00000000        0x0 c:/program files (x86)/atmel/studio/7.0/toolchain/avr8/avr8-gnu-toolchain/bin/../lib/gcc/avr/5.4.0/avrxmega3\libgcc.a(_epilogue.o)
 .text.libgcc.mul
                0x00000000        0x0 c:/program files (x86)/atmel/studio/7.0/toolchain/avr8/avr8-gnu-toolchain/bin/../lib/gcc/avr/5.4.0/avrxmega3\libgcc.a(_epilogue.o)
 .text.libgcc.div
                0x00000000        0x0 c:/program files (x86)/atmel/studio/7.0/toolchain/avr8/avr8-gnu-toolchain/bin/../lib/gcc/avr/5.4.0/avrxmega3\libgcc.a(_epilogue.o)
 .text.libgcc   0x00000000        0x0 c:/program files (x86)/atmel/studio/7.0/toolchain/avr8/avr8-gnu-toolchain/bin/../lib/gcc/avr/5.4.0/avrxmega3\libgcc.a(_epilogue.o)
 .text.libgcc.builtins
                0x00000000        0x0 c:/program files (x86)/atmel/studio/7.0/toolchain/avr8/avr8-gnu-toolchain/bin/../lib/gcc/avr/5.4.0/avrxmega3\libgcc.a(_epilogue.o)
 .text.libgcc.fmul
                0x00000000        0x0 c:/program files (x86)/atmel/studio/7.0/toolchain/avr8/avr8-gnu-toolchain/bin/../lib/gcc/avr/5.4.0/avrxmega3\libgcc.a(_epilogue.o)
 .text.libgcc.fixed
                0x00000000        0x0 c:/program files (x86)/atmel/studio/7.0/toolchain/avr8/avr8-gnu-toolchain/bin/../lib/gcc/avr/5.4.0/avrxmega3\libgcc.a(_epilogue.o)

Memory Configuration

Name             Origin             Length             Attributes
text             0x00000000         0x00004000         xr
data             0x00803800         0x00000800         rw !x
eeprom           0x00810000         0x00000100         rw !x
fuse             0x00820000         0x0000000a         rw !x
lock             0x00830000         0x00000400         rw !x
signature        0x00840000         0x00000400         rw !x
user_signatures  0x00850000         0x00000400         rw !x
*default*        0x00000000         0xffffffff

Linker script and memory map

Address of section .data set to 0x803800
                0x00008000                __RODATA_PM_OFFSET__ = 0x8000
LOAD C:/Program Files/Microchip/MPLABX/v6.05/packs/Microchip/ATtiny_DFP/3.0.151/gcc/dev/attiny1626/avrxmega3/crtattiny1626.o
LOAD build/default/debug/src/adc.o
LOAD build/default/debug/src/button.o
LOAD build/default/debug/_ext/797462307/eep.o
LOAD build/default/debug/src/ledandcolor.o
LOAD build/default/debug/src/timer.o
LOAD build/default/debug/_ext/797462307/main.o
LOAD build/default/debug/_ext/797462307/encoderAlternative.o
LOAD build/default/debug/_ext/797462307/i2cAlternative.o
                0x00000001                __MPLAB_BUILD = 0x1
                0x00000001                __ICD2RAM = 0x1
                0x00000001                __MPLAB_DEBUG = 0x1
                0x00000001                __DEBUG = 0x1
START GROUP
LOAD c:/program files (x86)/atmel/studio/7.0/toolchain/avr8/avr8-gnu-toolchain/bin/../lib/gcc/avr/5.4.0/../../../../avr/lib/avrxmega3\libm.a
END GROUP
START GROUP
LOAD c:/program files (x86)/atmel/studio/7.0/toolchain/avr8/avr8-gnu-toolchain/bin/../lib/gcc/avr/5.4.0/avrxmega3\libgcc.a
LOAD c:/program files (x86)/atmel/studio/7.0/toolchain/avr8/avr8-gnu-toolchain/bin/../lib/gcc/avr/5.4.0/../../../../avr/lib/avrxmega3\libm.a
LOAD c:/program files (x86)/atmel/studio/7.0/toolchain/avr8/avr8-gnu-toolchain/bin/../lib/gcc/avr/5.4.0/../../../../avr/lib/avrxmega3\libc.a
LOAD C:/Program Files/Microchip/MPLABX/v6.05/packs/Microchip/ATtiny_DFP/3.0.151/gcc/dev/attiny1626/avrxmega3\libattiny1626.a
END GROUP
                [0x00000000]                __TEXT_REGION_ORIGIN__ = DEFINED (__TEXT_REGION_ORIGIN__)?__TEXT_REGION_ORIGIN__:0x0
                [0x00803800]                __DATA_REGION_ORIGIN__ = DEFINED (__DATA_REGION_ORIGIN__)?__DATA_REGION_ORIGIN__:0x802000
                [0x00004000]                __TEXT_REGION_LENGTH__ = DEFINED (__TEXT_REGION_LENGTH__)?__TEXT_REGION_LENGTH__:0x100000
                [0x00000800]                __DATA_REGION_LENGTH__ = DEFINED (__DATA_REGION_LENGTH__)?__DATA_REGION_LENGTH__:0xffa0
                [0x00000100]                __EEPROM_REGION_LENGTH__ = DEFINED (__EEPROM_REGION_LENGTH__)?__EEPROM_REGION_LENGTH__:0x10000
                [0x0000000a]                __FUSE_REGION_LENGTH__ = DEFINED (__FUSE_REGION_LENGTH__)?__FUSE_REGION_LENGTH__:0x400
                0x00000400                __LOCK_REGION_LENGTH__ = DEFINED (__LOCK_REGION_LENGTH__)?__LOCK_REGION_LENGTH__:0x400
                0x00000400                __SIGNATURE_REGION_LENGTH__ = DEFINED (__SIGNATURE_REGION_LENGTH__)?__SIGNATURE_REGION_LENGTH__:0x400
                0x00000400                __USER_SIGNATURE_REGION_LENGTH__ = DEFINED (__USER_SIGNATURE_REGION_LENGTH__)?__USER_SIGNATURE_REGION_LENGTH__:0x400
                0x00008000                __RODATA_PM_OFFSET__ = DEFINED (__RODATA_PM_OFFSET__)?__RODATA_PM_OFFSET__:0x8000

.hash
 *(.hash)

.dynsym
 *(.dynsym)

.dynstr
 *(.dynstr)

.gnu.version
 *(.gnu.version)

.gnu.version_d
 *(.gnu.version_d)

.gnu.version_r
 *(.gnu.version_r)

.rel.init
 *(.rel.init)

.rela.init
 *(.rela.init)

.rel.text
 *(.rel.text)
 *(.rel.text.*)
 *(.rel.gnu.linkonce.t*)

.rela.text
 *(.rela.text)
 *(.rela.text.*)
 *(.rela.gnu.linkonce.t*)

.rel.fini
 *(.rel.fini)

.rela.fini
 *(.rela.fini)

.rel.rodata
 *(.rel.rodata)
 *(.rel.rodata.*)
 *(.rel.gnu.linkonce.r*)

.rela.rodata
 *(.rela.rodata)
 *(.rela.rodata.*)
 *(.rela.gnu.linkonce.r*)

.rel.data
 *(.rel.data)
 *(.rel.data.*)
 *(.rel.gnu.linkonce.d*)

.rela.data
 *(.rela.data)
 *(.rela.data.*)
 *(.rela.gnu.linkonce.d*)

.rel.ctors
 *(.rel.ctors)

.rela.ctors
 *(.rela.ctors)

.rel.dtors
 *(.rel.dtors)

.rela.dtors
 *(.rela.dtors)

.rel.got
 *(.rel.got)

.rela.got
 *(.rela.got)

.rel.bss
 *(.rel.bss)

.rela.bss
 *(.rela.bss)

.rel.plt
 *(.rel.plt)

.rela.plt
 *(.rela.plt)

.text           0x00000000     0x172e
 *(.vectors)
 .vectors       0x00000000       0x78 C:/Program Files/Microchip/MPLABX/v6.05/packs/Microchip/ATtiny_DFP/3.0.151/gcc/dev/attiny1626/avrxmega3/crtattiny1626.o
                0x00000000                __vector_default
                0x00000000                __vectors
 *(.vectors)
 *(.progmem.gcc*)
                0x00000078                . = ALIGN (0x2)
                0x00000078                __trampolines_start = .
 *(.trampolines)
 .trampolines   0x00000078        0x0 linker stubs
 *(.trampolines*)
                0x00000078                __trampolines_end = .
 *libprintf_flt.a:*(.progmem.data)
 *libc.a:*(.progmem.data)
 *(.progmem*)
                0x00000078                . = ALIGN (0x2)
 *(.jumptables)
 *(.jumptables*)
 *(.lowtext)
 *(.lowtext*)
                0x00000078                __ctors_start = .
 *(.ctors)
                0x00000078                __ctors_end = .
                0x00000078                __dtors_start = .
 *(.dtors)
                0x00000078                __dtors_end = .
 SORT(*)(.ctors)
 SORT(*)(.dtors)
 *(.init0)
 .init0         0x00000078        0x0 C:/Program Files/Microchip/MPLABX/v6.05/packs/Microchip/ATtiny_DFP/3.0.151/gcc/dev/attiny1626/avrxmega3/crtattiny1626.o
                0x00000078                __init
 *(.init0)
 *(.init1)
 *(.init1)
 *(.init2)
 .init2         0x00000078        0xc C:/Program Files/Microchip/MPLABX/v6.05/packs/Microchip/ATtiny_DFP/3.0.151/gcc/dev/attiny1626/avrxmega3/crtattiny1626.o
 *(.init2)
 *(.init3)
 *(.init3)
 *(.init4)
 .init4         0x00000084       0x16 c:/program files (x86)/atmel/studio/7.0/toolchain/avr8/avr8-gnu-toolchain/bin/../lib/gcc/avr/5.4.0/avrxmega3\libgcc.a(_copy_data.o)
                0x00000084                __do_copy_data
 .init4         0x0000009a       0x10 c:/program files (x86)/atmel/studio/7.0/toolchain/avr8/avr8-gnu-toolchain/bin/../lib/gcc/avr/5.4.0/avrxmega3\libgcc.a(_clear_bss.o)
                0x0000009a                __do_clear_bss
 *(.init4)
 *(.init5)
 *(.init5)
 *(.init6)
 *(.init6)
 *(.init7)
 *(.init7)
 *(.init8)
 *(.init8)
 *(.init9)
 .init9         0x000000aa        0x8 C:/Program Files/Microchip/MPLABX/v6.05/packs/Microchip/ATtiny_DFP/3.0.151/gcc/dev/attiny1626/avrxmega3/crtattiny1626.o
 *(.init9)
 *(.text)
 .text          0x000000b2        0x4 C:/Program Files/Microchip/MPLABX/v6.05/packs/Microchip/ATtiny_DFP/3.0.151/gcc/dev/attiny1626/avrxmega3/crtattiny1626.o
                0x000000b2                __vector_22
                0x000000b2                __vector_28
                0x000000b2                __vector_1
                0x000000b2                __vector_24
                0x000000b2                __vector_12
                0x000000b2                __bad_interrupt
                0x000000b2                __vector_6
                0x000000b2                __vector_3
                0x000000b2                __vector_25
                0x000000b2                __vector_11
                0x000000b2                __vector_17
                0x000000b2                __vector_19
                0x000000b2                __vector_7
                0x000000b2                __vector_27
                0x000000b2                __vector_5
                0x000000b2                __vector_4
                0x000000b2                __vector_9
                0x000000b2                __vector_2
                0x000000b2                __vector_21
                0x000000b2                __vector_15
                0x000000b2                __vector_29
                0x000000b2                __vector_26
                0x000000b2                __vector_10
                0x000000b2                __vector_18
                0x000000b2                __vector_20
                0x000000b6                . = ALIGN (0x2)
 *(.text.*)
 .text.adc_start_prepare
                0x000000b6       0x18 build/default/debug/src/adc.o
                0x000000b6                adc_start_prepare
 .text.adc_start_go
                0x000000ce        0xc build/default/debug/src/adc.o
                0x000000ce                adc_start_go
 .text.adc_getValue
                0x000000da       0x12 build/default/debug/src/adc.o
                0x000000da                adc_getValue
 .text.adc_setValue
                0x000000ec       0x92 build/default/debug/src/adc.o
                0x000000ec                adc_setValue
 .text.adc_init
                0x0000017e       0x28 build/default/debug/src/adc.o
                0x0000017e                adc_init
 .text.but_getStates
                0x000001a6        0x6 build/default/debug/src/button.o
                0x000001a6                but_getStates
 .text.but_updateStates
                0x000001ac      0x140 build/default/debug/src/button.o
                0x000001ac                but_updateStates
 .text.but_init
                0x000002ec       0x76 build/default/debug/src/button.o
                0x000002ec                but_init
 .text.eep_init
                0x00000362       0x58 build/default/debug/_ext/797462307/eep.o
                0x00000362                eep_init
 .text.eep_set_i2c_addr
                0x000003ba       0x12 build/default/debug/_ext/797462307/eep.o
                0x000003ba                eep_set_i2c_addr
 .text.eep_get_i2c_addr
                0x000003cc       0x10 build/default/debug/_ext/797462307/eep.o
                0x000003cc                eep_get_i2c_addr
 .text.eep_set_enc_step
                0x000003dc       0x12 build/default/debug/_ext/797462307/eep.o
                0x000003dc                eep_set_enc_step
 .text.eep_get_enc_step
                0x000003ee       0x10 build/default/debug/_ext/797462307/eep.o
                0x000003ee                eep_get_enc_step
 .text.led_Compare
                0x000003fe       0x28 build/default/debug/src/ledandcolor.o
                0x000003fe                led_Compare
 .text.led_shiftSend
                0x00000426       0x18 build/default/debug/src/ledandcolor.o
                0x00000426                led_shiftSend
 .text.led_getNextEvent
                0x0000043e       0x26 build/default/debug/src/ledandcolor.o
                0x0000043e                led_getNextEvent
 .text.led_updateRGB
                0x00000464       0x30 build/default/debug/src/ledandcolor.o
                0x00000464                led_updateRGB
 .text.led_updateColorSystem
                0x00000494      0x69a build/default/debug/src/ledandcolor.o
                0x00000494                led_updateColorSystem
 .text.led_init
                0x00000b2e      0x152 build/default/debug/src/ledandcolor.o
                0x00000b2e                led_init
 .text.time_t0Init
                0x00000c80       0x1a build/default/debug/src/timer.o
                0x00000c80                time_t0Init
 .text.time_t1Init
                0x00000c9a       0x1a build/default/debug/src/timer.o
                0x00000c9a                time_t1Init
 .text.__vector_23
                0x00000cb4       0x7a build/default/debug/_ext/797462307/main.o
                0x00000cb4                __vector_23
 .text.__vector_16
                0x00000d2e       0x3e build/default/debug/_ext/797462307/main.o
                0x00000d2e                __vector_16
 .text.__vector_8
                0x00000d6c       0x38 build/default/debug/_ext/797462307/main.o
                0x00000d6c                __vector_8
 .text.__vector_13
                0x00000da4       0x56 build/default/debug/_ext/797462307/main.o
                0x00000da4                __vector_13
 .text.getSensorData
                0x00000dfa       0x56 build/default/debug/_ext/797462307/main.o
                0x00000dfa                getSensorData
 .text.i2c_setEncoder
                0x00000e50       0x10 build/default/debug/_ext/797462307/main.o
                0x00000e50                i2c_setEncoder
 .text.i2c_setLedData
                0x00000e60        0x4 build/default/debug/_ext/797462307/main.o
                0x00000e60                i2c_setLedData
 .text.i2c_setID
                0x00000e64        0x4 build/default/debug/_ext/797462307/main.o
                0x00000e64                i2c_setID
 .text.startup.main
                0x00000e68       0xfa build/default/debug/_ext/797462307/main.o
                0x00000e68                main
 .text.enc_set_step
                0x00000f62        0x6 build/default/debug/_ext/797462307/encoderAlternative.o
                0x00000f62                enc_set_step
 .text.enc_update
                0x00000f68       0x3e build/default/debug/_ext/797462307/encoderAlternative.o
                0x00000f68                enc_update
 .text.enc_getValue
                0x00000fa6        0xe build/default/debug/_ext/797462307/encoderAlternative.o
                0x00000fa6                enc_getValue
 .text.enc_init
                0x00000fb4       0x42 build/default/debug/_ext/797462307/encoderAlternative.o
                0x00000fb4                enc_init
 .text.i2c_init
                0x00000ff6        0xe build/default/debug/_ext/797462307/i2cAlternative.o
                0x00000ff6                i2c_init
 .text.__vector_14
                0x00001004      0x252 build/default/debug/_ext/797462307/i2cAlternative.o
                0x00001004                __vector_14
 .text.avr-libc
                0x00001256      0x3ca c:/program files (x86)/atmel/studio/7.0/toolchain/avr8/avr8-gnu-toolchain/bin/../lib/gcc/avr/5.4.0/../../../../avr/lib/avrxmega3\libc.a(qsort.o)
                0x000012d8                qsort
 .text.avr-libc
                0x00001620       0x10 C:/Program Files/Microchip/MPLABX/v6.05/packs/Microchip/ATtiny_DFP/3.0.151/gcc/dev/attiny1626/avrxmega3\libattiny1626.a(eerd_byte.o)
                0x00001620                eeprom_read_byte
                0x00001628                eeprom_mapen
 .text.avr-libc
                0x00001630        0xe C:/Program Files/Microchip/MPLABX/v6.05/packs/Microchip/ATtiny_DFP/3.0.151/gcc/dev/attiny1626/avrxmega3\libattiny1626.a(eerd_dword.o)
                0x00001630                eeprom_read_float
                0x00001630                eeprom_read_dword
 .text.avr-libc
                0x0000163e       0x16 C:/Program Files/Microchip/MPLABX/v6.05/packs/Microchip/ATtiny_DFP/3.0.151/gcc/dev/attiny1626/avrxmega3\libattiny1626.a(eeupd_byte.o)
                0x0000163e                eeprom_update_byte
                0x00001640                eeprom_update_r18
 .text.avr-libc
                0x00001654       0x18 C:/Program Files/Microchip/MPLABX/v6.05/packs/Microchip/ATtiny_DFP/3.0.151/gcc/dev/attiny1626/avrxmega3\libattiny1626.a(eeupd_dword.o)
                0x00001654                eeprom_update_float
                0x00001654                eeprom_update_dword
 .text.avr-libc
                0x0000166c       0x28 C:/Program Files/Microchip/MPLABX/v6.05/packs/Microchip/ATtiny_DFP/3.0.151/gcc/dev/attiny1626/avrxmega3\libattiny1626.a(eewr_byte.o)
                0x0000166c                eeprom_write_byte
                0x0000166e                eeprom_write_r18
 .text.avr-libc
                0x00001694        0xc C:/Program Files/Microchip/MPLABX/v6.05/packs/Microchip/ATtiny_DFP/3.0.151/gcc/dev/attiny1626/avrxmega3\libattiny1626.a(ccp_write.o)
                0x00001694                ccp_write_io
 .text.libgcc.div
                0x000016a0       0x28 c:/program files (x86)/atmel/studio/7.0/toolchain/avr8/avr8-gnu-toolchain/bin/../lib/gcc/avr/5.4.0/avrxmega3\libgcc.a(_udivmodhi4.o)
                0x000016a0                __udivmodhi4
 .text.libgcc.prologue
                0x000016c8       0x32 c:/program files (x86)/atmel/studio/7.0/toolchain/avr8/avr8-gnu-toolchain/bin/../lib/gcc/avr/5.4.0/avrxmega3\libgcc.a(_prologue.o)
                0x000016c8                __prologue_saves__
 .text.libgcc.prologue
                0x000016fa       0x30 c:/program files (x86)/atmel/studio/7.0/toolchain/avr8/avr8-gnu-toolchain/bin/../lib/gcc/avr/5.4.0/avrxmega3\libgcc.a(_epilogue.o)
                0x000016fa                __epilogue_restores__
                0x0000172a                . = ALIGN (0x2)
 *(.fini9)
 .fini9         0x0000172a        0x0 c:/program files (x86)/atmel/studio/7.0/toolchain/avr8/avr8-gnu-toolchain/bin/../lib/gcc/avr/5.4.0/avrxmega3\libgcc.a(_exit.o)
                0x0000172a                _exit
                0x0000172a                exit
 *(.fini9)
 *(.fini8)
 *(.fini8)
 *(.fini7)
 *(.fini7)
 *(.fini6)
 *(.fini6)
 *(.fini5)
 *(.fini5)
 *(.fini4)
 *(.fini4)
 *(.fini3)
 *(.fini3)
 *(.fini2)
 *(.fini2)
 *(.fini1)
 *(.fini1)
 *(.fini0)
 .fini0         0x0000172a        0x4 c:/program files (x86)/atmel/studio/7.0/toolchain/avr8/avr8-gnu-toolchain/bin/../lib/gcc/avr/5.4.0/avrxmega3\libgcc.a(_exit.o)
 *(.fini0)
                0x0000172e                _etext = .

.rodata
 *(.rodata)
 *(.rodata*)
 *(.gnu.linkonce.r*)

.data           0x00803800       0x1c load address 0x0000172e
                0x00803800                PROVIDE (__data_start, .)
 *(.data)
 *(.data*)
 .data.led_event_n
                0x00803800        0x1 build/default/debug/src/ledandcolor.o
                0x00803800                led_event_n
 .data.adc_finished
                0x00803801        0x1 build/default/debug/_ext/797462307/main.o
                0x00803801                adc_finished
 .data.sensor_data_ptr
                0x00803802        0x2 build/default/debug/_ext/797462307/main.o
                0x00803802                sensor_data_ptr
 .data.sensor_data
                0x00803804        0x6 build/default/debug/_ext/797462307/main.o
                0x00803804                sensor_data
 .data.sensor_cnt2
                0x0080380a        0x1 build/default/debug/_ext/797462307/main.o
                0x0080380a                sensor_cnt2
 .data.step     0x0080380b        0x1 build/default/debug/_ext/797462307/encoderAlternative.o
                0x0080380b                step
 .data.QEM      0x0080380c       0x10 build/default/debug/_ext/797462307/encoderAlternative.o
                0x0080380c                QEM
 *(.gnu.linkonce.d*)
                0x0080381c                . = ALIGN (0x2)
                0x0080381c                _edata = .
                0x0080381c                PROVIDE (__data_end, .)

.bss            0x0080381c       0x94
                0x0080381c                PROVIDE (__bss_start, .)
 *(.bss)
 *(.bss*)
 .bss.adcNumG   0x0080381c        0x1 build/default/debug/src/adc.o
                0x0080381c                adcNumG
 .bss.adcValuesNew
                0x0080381d        0x4 build/default/debug/src/adc.o
                0x0080381d                adcValuesNew
 .bss.buttonStates
                0x00803821        0x1 build/default/debug/src/button.o
                0x00803821                buttonStates
 .bss.buttonStatesNew
                0x00803822        0x1 build/default/debug/src/button.o
                0x00803822                buttonStatesNew
 .bss.butFilterCnt
                0x00803823        0x1 build/default/debug/src/button.o
                0x00803823                butFilterCnt
 .bss.led_event_i
                0x00803824        0x1 build/default/debug/src/ledandcolor.o
                0x00803824                led_event_i
 .bss.isNewLedEventReady
                0x00803825        0x1 build/default/debug/src/ledandcolor.o
                0x00803825                isNewLedEventReady
 .bss.adc_i     0x00803826        0x1 build/default/debug/_ext/797462307/main.o
                0x00803826                adc_i
 .bss.sensor_cnt1
                0x00803827        0x1 build/default/debug/_ext/797462307/main.o
                0x00803827                sensor_cnt1
 .bss.led_cnt2  0x00803828        0x1 build/default/debug/_ext/797462307/main.o
                0x00803828                led_cnt2
 .bss.led_cnt1  0x00803829        0x1 build/default/debug/_ext/797462307/main.o
                0x00803829                led_cnt1
 .bss.new       0x0080382a        0x1 build/default/debug/_ext/797462307/encoderAlternative.o
 .bss.receive_state
                0x0080382b        0x1 build/default/debug/_ext/797462307/i2cAlternative.o
                0x0080382b                receive_state
 .bss.I2C_busy  0x0080382c        0x1 build/default/debug/_ext/797462307/i2cAlternative.o
                0x0080382c                I2C_busy
 .bss.I2C_REG_changed
                0x0080382d        0x1 build/default/debug/_ext/797462307/i2cAlternative.o
                0x0080382d                I2C_REG_changed
 .bss.led_color_buf
                0x0080382e        0x1 build/default/debug/_ext/797462307/i2cAlternative.o
                0x0080382e                led_color_buf
 .bss.led_buttons
                0x0080382f        0x4 build/default/debug/_ext/797462307/i2cAlternative.o
                0x0080382f                led_buttons
 .bss.i2c_read_n
                0x00803833        0x1 build/default/debug/_ext/797462307/i2cAlternative.o
                0x00803833                i2c_read_n
 .bss.i2c_read_i
                0x00803834        0x1 build/default/debug/_ext/797462307/i2cAlternative.o
                0x00803834                i2c_read_i
 *(COMMON)
 COMMON         0x00803835        0x4 build/default/debug/src/button.o
                0x00803835                buttons
 COMMON         0x00803839       0x72 build/default/debug/src/ledandcolor.o
                0x00803839                leds
                0x00803851                led_events
                0x0080387b                rgbButtons
                0x00803893                leds_t
 COMMON         0x008038ab        0x3 build/default/debug/_ext/797462307/main.o
                0x008038ab                event
 COMMON         0x008038ae        0x1 build/default/debug/_ext/797462307/encoderAlternative.o
                0x008038ae                enc_delta
 COMMON         0x008038af        0x1 build/default/debug/_ext/797462307/i2cAlternative.o
                0x008038af                i2c_wrt_i
                0x008038b0                PROVIDE (__bss_end, .)
                0x0000172e                __data_load_start = LOADADDR (.data)
                0x0000174a                __data_load_end = (__data_load_start + SIZEOF (.data))

.noinit         0x008038b0        0x0
                [!provide]                PROVIDE (__noinit_start, .)
 *(.noinit*)
                [!provide]                PROVIDE (__noinit_end, .)
                0x008038b0                _end = .
                [!provide]                PROVIDE (__heap_start, .)

.eeprom         0x00810000        0x0
 *(.eeprom*)
                0x00810000                __eeprom_end = .

.fuse
 *(.fuse)
 *(.lfuse)
 *(.hfuse)
 *(.efuse)

.lock
 *(.lock*)

.signature
 *(.signature*)

.user_signatures
 *(.user_signatures*)

.stab
 *(.stab)

.stabstr
 *(.stabstr)

.stab.excl
 *(.stab.excl)

.stab.exclstr
 *(.stab.exclstr)

.stab.index
 *(.stab.index)

.stab.indexstr
 *(.stab.indexstr)

.comment        0x00000000       0x30
 *(.comment)
 .comment       0x00000000       0x30 build/default/debug/src/adc.o
                                 0x31 (size before relaxing)
 .comment       0x00000030       0x31 build/default/debug/src/button.o
 .comment       0x00000030       0x31 build/default/debug/_ext/797462307/eep.o
 .comment       0x00000030       0x31 build/default/debug/src/ledandcolor.o
 .comment       0x00000030       0x31 build/default/debug/src/timer.o
 .comment       0x00000030       0x31 build/default/debug/_ext/797462307/main.o
 .comment       0x00000030       0x31 build/default/debug/_ext/797462307/encoderAlternative.o
 .comment       0x00000030       0x31 build/default/debug/_ext/797462307/i2cAlternative.o
 .comment       0x00000030       0x31 c:/program files (x86)/atmel/studio/7.0/toolchain/avr8/avr8-gnu-toolchain/bin/../lib/gcc/avr/5.4.0/../../../../avr/lib/avrxmega3\libc.a(qsort.o)

.note.gnu.avr.deviceinfo
                0x00000000       0x40
 .note.gnu.avr.deviceinfo
                0x00000000       0x40 C:/Program Files/Microchip/MPLABX/v6.05/packs/Microchip/ATtiny_DFP/3.0.151/gcc/dev/attiny1626/avrxmega3/crtattiny1626.o

.note.gnu.build-id
 *(.note.gnu.build-id)

.debug
 *(.debug)

.line
 *(.line)

.debug_srcinfo
 *(.debug_srcinfo)

.debug_sfnames
 *(.debug_sfnames)

.debug_aranges  0x00000000      0x2d8
 *(.debug_aranges)
 .debug_aranges
                0x00000000       0x60 build/default/debug/src/adc.o
 .debug_aranges
                0x00000060       0x30 build/default/debug/src/button.o
 .debug_aranges
                0x00000090       0x40 build/default/debug/_ext/797462307/eep.o
 .debug_aranges
                0x000000d0       0x50 build/default/debug/src/ledandcolor.o
 .debug_aranges
                0x00000120       0x30 build/default/debug/src/timer.o
 .debug_aranges
                0x00000150       0x60 build/default/debug/_ext/797462307/main.o
 .debug_aranges
                0x000001b0       0x38 build/default/debug/_ext/797462307/encoderAlternative.o
 .debug_aranges
                0x000001e8       0x30 build/default/debug/_ext/797462307/i2cAlternative.o
 .debug_aranges
                0x00000218       0x20 C:/Program Files/Microchip/MPLABX/v6.05/packs/Microchip/ATtiny_DFP/3.0.151/gcc/dev/attiny1626/avrxmega3\libattiny1626.a(eerd_byte.o)
 .debug_aranges
                0x00000238       0x20 C:/Program Files/Microchip/MPLABX/v6.05/packs/Microchip/ATtiny_DFP/3.0.151/gcc/dev/attiny1626/avrxmega3\libattiny1626.a(eerd_dword.o)
 .debug_aranges
                0x00000258       0x20 C:/Program Files/Microchip/MPLABX/v6.05/packs/Microchip/ATtiny_DFP/3.0.151/gcc/dev/attiny1626/avrxmega3\libattiny1626.a(eeupd_byte.o)
 .debug_aranges
                0x00000278       0x20 C:/Program Files/Microchip/MPLABX/v6.05/packs/Microchip/ATtiny_DFP/3.0.151/gcc/dev/attiny1626/avrxmega3\libattiny1626.a(eeupd_dword.o)
 .debug_aranges
                0x00000298       0x20 C:/Program Files/Microchip/MPLABX/v6.05/packs/Microchip/ATtiny_DFP/3.0.151/gcc/dev/attiny1626/avrxmega3\libattiny1626.a(eewr_byte.o)
 .debug_aranges
                0x000002b8       0x20 C:/Program Files/Microchip/MPLABX/v6.05/packs/Microchip/ATtiny_DFP/3.0.151/gcc/dev/attiny1626/avrxmega3\libattiny1626.a(ccp_write.o)

.debug_pubnames
 *(.debug_pubnames)

.debug_info     0x00000000     0x5732
 *(.debug_info .gnu.linkonce.wi.*)
 .debug_info    0x00000000     0x1b97 C:/Program Files/Microchip/MPLABX/v6.05/packs/Microchip/ATtiny_DFP/3.0.151/gcc/dev/attiny1626/avrxmega3/crtattiny1626.o
 .debug_info    0x00001b97      0x82f build/default/debug/src/adc.o
 .debug_info    0x000023c6      0x2ec build/default/debug/src/button.o
 .debug_info    0x000026b2      0x2b1 build/default/debug/_ext/797462307/eep.o
 .debug_info    0x00002963      0x6f9 build/default/debug/src/ledandcolor.o
 .debug_info    0x0000305c      0x8cf build/default/debug/src/timer.o
 .debug_info    0x0000392b     0x1300 build/default/debug/_ext/797462307/main.o
 .debug_info    0x00004c2b      0x32c build/default/debug/_ext/797462307/encoderAlternative.o
 .debug_info    0x00004f57      0x41d build/default/debug/_ext/797462307/i2cAlternative.o
 .debug_info    0x00005374       0x9f C:/Program Files/Microchip/MPLABX/v6.05/packs/Microchip/ATtiny_DFP/3.0.151/gcc/dev/attiny1626/avrxmega3\libattiny1626.a(eerd_byte.o)
 .debug_info    0x00005413       0xa0 C:/Program Files/Microchip/MPLABX/v6.05/packs/Microchip/ATtiny_DFP/3.0.151/gcc/dev/attiny1626/avrxmega3\libattiny1626.a(eerd_dword.o)
 .debug_info    0x000054b3       0xa0 C:/Program Files/Microchip/MPLABX/v6.05/packs/Microchip/ATtiny_DFP/3.0.151/gcc/dev/attiny1626/avrxmega3\libattiny1626.a(eeupd_byte.o)
 .debug_info    0x00005553       0xa1 C:/Program Files/Microchip/MPLABX/v6.05/packs/Microchip/ATtiny_DFP/3.0.151/gcc/dev/attiny1626/avrxmega3\libattiny1626.a(eeupd_dword.o)
 .debug_info    0x000055f4       0x9f C:/Program Files/Microchip/MPLABX/v6.05/packs/Microchip/ATtiny_DFP/3.0.151/gcc/dev/attiny1626/avrxmega3\libattiny1626.a(eewr_byte.o)
 .debug_info    0x00005693       0x9f C:/Program Files/Microchip/MPLABX/v6.05/packs/Microchip/ATtiny_DFP/3.0.151/gcc/dev/attiny1626/avrxmega3\libattiny1626.a(ccp_write.o)

.debug_abbrev   0x00000000     0x275b
 *(.debug_abbrev)
 .debug_abbrev  0x00000000     0x1a20 C:/Program Files/Microchip/MPLABX/v6.05/packs/Microchip/ATtiny_DFP/3.0.151/gcc/dev/attiny1626/avrxmega3/crtattiny1626.o
 .debug_abbrev  0x00001a20      0x21d build/default/debug/src/adc.o
 .debug_abbrev  0x00001c3d      0x106 build/default/debug/src/button.o
 .debug_abbrev  0x00001d43      0x10f build/default/debug/_ext/797462307/eep.o
 .debug_abbrev  0x00001e52      0x285 build/default/debug/src/ledandcolor.o
 .debug_abbrev  0x000020d7      0x100 build/default/debug/src/timer.o
 .debug_abbrev  0x000021d7      0x230 build/default/debug/_ext/797462307/main.o
 .debug_abbrev  0x00002407      0x176 build/default/debug/_ext/797462307/encoderAlternative.o
 .debug_abbrev  0x0000257d      0x166 build/default/debug/_ext/797462307/i2cAlternative.o
 .debug_abbrev  0x000026e3       0x14 C:/Program Files/Microchip/MPLABX/v6.05/packs/Microchip/ATtiny_DFP/3.0.151/gcc/dev/attiny1626/avrxmega3\libattiny1626.a(eerd_byte.o)
 .debug_abbrev  0x000026f7       0x14 C:/Program Files/Microchip/MPLABX/v6.05/packs/Microchip/ATtiny_DFP/3.0.151/gcc/dev/attiny1626/avrxmega3\libattiny1626.a(eerd_dword.o)
 .debug_abbrev  0x0000270b       0x14 C:/Program Files/Microchip/MPLABX/v6.05/packs/Microchip/ATtiny_DFP/3.0.151/gcc/dev/attiny1626/avrxmega3\libattiny1626.a(eeupd_byte.o)
 .debug_abbrev  0x0000271f       0x14 C:/Program Files/Microchip/MPLABX/v6.05/packs/Microchip/ATtiny_DFP/3.0.151/gcc/dev/attiny1626/avrxmega3\libattiny1626.a(eeupd_dword.o)
 .debug_abbrev  0x00002733       0x14 C:/Program Files/Microchip/MPLABX/v6.05/packs/Microchip/ATtiny_DFP/3.0.151/gcc/dev/attiny1626/avrxmega3\libattiny1626.a(eewr_byte.o)
 .debug_abbrev  0x00002747       0x14 C:/Program Files/Microchip/MPLABX/v6.05/packs/Microchip/ATtiny_DFP/3.0.151/gcc/dev/attiny1626/avrxmega3\libattiny1626.a(ccp_write.o)

.debug_line     0x00000000     0x1cd9
 *(.debug_line .debug_line.* .debug_line_end)
 .debug_line    0x00000000      0x14b C:/Program Files/Microchip/MPLABX/v6.05/packs/Microchip/ATtiny_DFP/3.0.151/gcc/dev/attiny1626/avrxmega3/crtattiny1626.o
 .debug_line    0x0000014b      0x324 build/default/debug/src/adc.o
 .debug_line    0x0000046f      0x260 build/default/debug/src/button.o
 .debug_line    0x000006cf      0x203 build/default/debug/_ext/797462307/eep.o
 .debug_line    0x000008d2      0x615 build/default/debug/src/ledandcolor.o
 .debug_line    0x00000ee7      0x156 build/default/debug/src/timer.o
 .debug_line    0x0000103d      0x453 build/default/debug/_ext/797462307/main.o
 .debug_line    0x00001490      0x1fb build/default/debug/_ext/797462307/encoderAlternative.o
 .debug_line    0x0000168b      0x344 build/default/debug/_ext/797462307/i2cAlternative.o
 .debug_line    0x000019cf       0x79 C:/Program Files/Microchip/MPLABX/v6.05/packs/Microchip/ATtiny_DFP/3.0.151/gcc/dev/attiny1626/avrxmega3\libattiny1626.a(eerd_byte.o)
 .debug_line    0x00001a48       0x6e C:/Program Files/Microchip/MPLABX/v6.05/packs/Microchip/ATtiny_DFP/3.0.151/gcc/dev/attiny1626/avrxmega3\libattiny1626.a(eerd_dword.o)
 .debug_line    0x00001ab6       0x80 C:/Program Files/Microchip/MPLABX/v6.05/packs/Microchip/ATtiny_DFP/3.0.151/gcc/dev/attiny1626/avrxmega3\libattiny1626.a(eeupd_byte.o)
 .debug_line    0x00001b36       0x7b C:/Program Files/Microchip/MPLABX/v6.05/packs/Microchip/ATtiny_DFP/3.0.151/gcc/dev/attiny1626/avrxmega3\libattiny1626.a(eeupd_dword.o)
 .debug_line    0x00001bb1       0xc1 C:/Program Files/Microchip/MPLABX/v6.05/packs/Microchip/ATtiny_DFP/3.0.151/gcc/dev/attiny1626/avrxmega3\libattiny1626.a(eewr_byte.o)
 .debug_line    0x00001c72       0x67 C:/Program Files/Microchip/MPLABX/v6.05/packs/Microchip/ATtiny_DFP/3.0.151/gcc/dev/attiny1626/avrxmega3\libattiny1626.a(ccp_write.o)

.debug_frame    0x00000000      0x450
 *(.debug_frame)
 .debug_frame   0x00000000       0xc4 build/default/debug/src/adc.o
 .debug_frame   0x000000c4       0x44 build/default/debug/src/button.o
 .debug_frame   0x00000108       0x64 build/default/debug/_ext/797462307/eep.o
 .debug_frame   0x0000016c       0x90 build/default/debug/src/ledandcolor.o
 .debug_frame   0x000001fc       0x44 build/default/debug/src/timer.o
 .debug_frame   0x00000240      0x130 build/default/debug/_ext/797462307/main.o
 .debug_frame   0x00000370       0x54 build/default/debug/_ext/797462307/encoderAlternative.o
 .debug_frame   0x000003c4       0x8c build/default/debug/_ext/797462307/i2cAlternative.o

.debug_str      0x00000000     0x1d36
 *(.debug_str)
 .debug_str     0x00000000      0xbdd C:/Program Files/Microchip/MPLABX/v6.05/packs/Microchip/ATtiny_DFP/3.0.151/gcc/dev/attiny1626/avrxmega3/crtattiny1626.o
 .debug_str     0x00000bdd      0x67b build/default/debug/src/adc.o
                                0x6c9 (size before relaxing)
 .debug_str     0x00001258       0xed build/default/debug/src/button.o
                                0x28e (size before relaxing)
 .debug_str     0x00001345      0x104 build/default/debug/_ext/797462307/eep.o
                                0x24e (size before relaxing)
 .debug_str     0x00001449      0x16c build/default/debug/src/ledandcolor.o
                                0x3ba (size before relaxing)
 .debug_str     0x000015b5      0x312 build/default/debug/src/timer.o
                                0x515 (size before relaxing)
 .debug_str     0x000018c7      0x204 build/default/debug/_ext/797462307/main.o
                                0x809 (size before relaxing)
 .debug_str     0x00001acb       0x78 build/default/debug/_ext/797462307/encoderAlternative.o
                                0x29a (size before relaxing)
 .debug_str     0x00001b43      0x1f3 build/default/debug/_ext/797462307/i2cAlternative.o
                                0x39d (size before relaxing)

.debug_loc      0x00000000     0x1145
 *(.debug_loc)
 .debug_loc     0x00000000      0x7d4 build/default/debug/src/adc.o
 .debug_loc     0x000007d4       0x6c build/default/debug/src/button.o
 .debug_loc     0x00000840       0x8c build/default/debug/_ext/797462307/eep.o
 .debug_loc     0x000008cc      0x2d4 build/default/debug/src/ledandcolor.o
 .debug_loc     0x00000ba0      0x31a build/default/debug/_ext/797462307/main.o
 .debug_loc     0x00000eba       0x43 build/default/debug/_ext/797462307/encoderAlternative.o
 .debug_loc     0x00000efd      0x248 build/default/debug/_ext/797462307/i2cAlternative.o

.debug_macinfo
 *(.debug_macinfo)

.debug_weaknames
 *(.debug_weaknames)

.debug_funcnames
 *(.debug_funcnames)

.debug_typenames
 *(.debug_typenames)

.debug_varnames
 *(.debug_varnames)

.debug_pubtypes
 *(.debug_pubtypes)

.debug_ranges   0x00000000      0x248
 *(.debug_ranges)
 .debug_ranges  0x00000000       0xd0 build/default/debug/src/adc.o
 .debug_ranges  0x000000d0       0x20 build/default/debug/src/button.o
 .debug_ranges  0x000000f0       0x30 build/default/debug/_ext/797462307/eep.o
 .debug_ranges  0x00000120       0x58 build/default/debug/src/ledandcolor.o
 .debug_ranges  0x00000178       0x20 build/default/debug/src/timer.o
 .debug_ranges  0x00000198       0x50 build/default/debug/_ext/797462307/main.o
 .debug_ranges  0x000001e8       0x28 build/default/debug/_ext/797462307/encoderAlternative.o
 .debug_ranges  0x00000210       0x38 build/default/debug/_ext/797462307/i2cAlternative.o

.debug_macro
 *(.debug_macro)
OUTPUT(dist/default/debug/mocFullTest.X.debug.elf elf32-avr)
LOAD linker stubs
