Archive member included to satisfy reference by file (symbol)

c:/program files (x86)/atmel/studio/7.0/toolchain/avr8/avr8-gnu-toolchain/bin/../lib/gcc/avr/5.4.0/avrxmega3\libgcc.a(_udivmodqi4.o)
                              build/default/debug/src/ledandcolor.o (__udivmodqi4)
c:/program files (x86)/atmel/studio/7.0/toolchain/avr8/avr8-gnu-toolchain/bin/../lib/gcc/avr/5.4.0/avrxmega3\libgcc.a(_exit.o)
                              C:/Program Files/Microchip/MPLABX/v6.05/packs/Microchip/ATtiny_DFP/3.0.151/gcc/dev/attiny1626/avrxmega3/crtattiny1626.o (exit)
c:/program files (x86)/atmel/studio/7.0/toolchain/avr8/avr8-gnu-toolchain/bin/../lib/gcc/avr/5.4.0/avrxmega3\libgcc.a(_copy_data.o)
                              build/default/debug/src/ledandcolor.o (__do_copy_data)
c:/program files (x86)/atmel/studio/7.0/toolchain/avr8/avr8-gnu-toolchain/bin/../lib/gcc/avr/5.4.0/avrxmega3\libgcc.a(_clear_bss.o)
                              build/default/debug/src/adc.o (__do_clear_bss)
c:/program files (x86)/atmel/studio/7.0/toolchain/avr8/avr8-gnu-toolchain/bin/../lib/gcc/avr/5.4.0/../../../../avr/lib/avrxmega3\libc.a(qsort.o)
                              build/default/debug/src/ledandcolor.o (qsort)
C:/Program Files/Microchip/MPLABX/v6.05/packs/Microchip/ATtiny_DFP/3.0.151/gcc/dev/attiny1626/avrxmega3\libattiny1626.a(ccp_write.o)
                              build/default/debug/main.o (ccp_write_io)
c:/program files (x86)/atmel/studio/7.0/toolchain/avr8/avr8-gnu-toolchain/bin/../lib/gcc/avr/5.4.0/avrxmega3\libgcc.a(_udivmodhi4.o)
                              c:/program files (x86)/atmel/studio/7.0/toolchain/avr8/avr8-gnu-toolchain/bin/../lib/gcc/avr/5.4.0/../../../../avr/lib/avrxmega3\libc.a(qsort.o) (__udivmodhi4)
c:/program files (x86)/atmel/studio/7.0/toolchain/avr8/avr8-gnu-toolchain/bin/../lib/gcc/avr/5.4.0/avrxmega3\libgcc.a(_prologue.o)
                              c:/program files (x86)/atmel/studio/7.0/toolchain/avr8/avr8-gnu-toolchain/bin/../lib/gcc/avr/5.4.0/../../../../avr/lib/avrxmega3\libc.a(qsort.o) (__prologue_saves__)
c:/program files (x86)/atmel/studio/7.0/toolchain/avr8/avr8-gnu-toolchain/bin/../lib/gcc/avr/5.4.0/avrxmega3\libgcc.a(_epilogue.o)
                              c:/program files (x86)/atmel/studio/7.0/toolchain/avr8/avr8-gnu-toolchain/bin/../lib/gcc/avr/5.4.0/../../../../avr/lib/avrxmega3\libc.a(qsort.o) (__epilogue_restores__)

Allocating common symbols
Common symbol       size              file

adcTests            0x30              build/default/debug/main.o
I2C_REG             0x10              build/default/debug/_ext/282020558/i2cAlternative.o
leds                0x18              build/default/debug/src/ledandcolor.o
adcTest_i           0x1               build/default/debug/main.o
buttons             0x4               build/default/debug/src/button.o
event               0x3               build/default/debug/main.o
led_events          0x27              build/default/debug/src/ledandcolor.o
enc_delta           0x1               build/default/debug/_ext/282020558/encoderAlternative.o
i2c_wrt_i           0x1               build/default/debug/_ext/282020558/i2cAlternative.o
rgbButtons          0x18              build/default/debug/src/ledandcolor.o
leds_t              0x18              build/default/debug/src/ledandcolor.o

Discarded input sections

 .data          0x00000000        0x0 C:/Program Files/Microchip/MPLABX/v6.05/packs/Microchip/ATtiny_DFP/3.0.151/gcc/dev/attiny1626/avrxmega3/crtattiny1626.o
 .bss           0x00000000        0x0 C:/Program Files/Microchip/MPLABX/v6.05/packs/Microchip/ATtiny_DFP/3.0.151/gcc/dev/attiny1626/avrxmega3/crtattiny1626.o
 .text          0x00000000        0x0 build/default/debug/src/adc.o
 .data          0x00000000        0x0 build/default/debug/src/adc.o
 .bss           0x00000000        0x0 build/default/debug/src/adc.o
 .text.adc_filterValues
                0x00000000        0x2 build/default/debug/src/adc.o
 .text.adc_updateHysteresis
                0x00000000       0x9c build/default/debug/src/adc.o
 .text.adc_filter
                0x00000000        0x6 build/default/debug/src/adc.o
 .text.adc_increaseBitDepth
                0x00000000       0x5e build/default/debug/src/adc.o
 .text          0x00000000        0x0 build/default/debug/src/button.o
 .data          0x00000000        0x0 build/default/debug/src/button.o
 .bss           0x00000000        0x0 build/default/debug/src/button.o
 .text          0x00000000        0x0 build/default/debug/src/init.o
 .data          0x00000000        0x0 build/default/debug/src/init.o
 .bss           0x00000000        0x0 build/default/debug/src/init.o
 .debug_info    0x00000000       0x5d build/default/debug/src/init.o
 .debug_abbrev  0x00000000       0x26 build/default/debug/src/init.o
 .debug_aranges
                0x00000000       0x18 build/default/debug/src/init.o
 .debug_line    0x00000000       0x1a build/default/debug/src/init.o
 .debug_str     0x00000000      0x171 build/default/debug/src/init.o
 .comment       0x00000000       0x31 build/default/debug/src/init.o
 .text          0x00000000        0x0 build/default/debug/src/ledandcolor.o
 .data          0x00000000        0x0 build/default/debug/src/ledandcolor.o
 .bss           0x00000000        0x0 build/default/debug/src/ledandcolor.o
 .text.led_getNextEvent
                0x00000000       0x2c build/default/debug/src/ledandcolor.o
 .text          0x00000000        0x0 build/default/debug/src/timer.o
 .data          0x00000000        0x0 build/default/debug/src/timer.o
 .bss           0x00000000        0x0 build/default/debug/src/timer.o
 .text          0x00000000        0x0 build/default/debug/_ext/282020558/i2cAlternative.o
 .data          0x00000000        0x0 build/default/debug/_ext/282020558/i2cAlternative.o
 .bss           0x00000000        0x0 build/default/debug/_ext/282020558/i2cAlternative.o
 .text          0x00000000        0x0 build/default/debug/main.o
 .data          0x00000000        0x0 build/default/debug/main.o
 .bss           0x00000000        0x0 build/default/debug/main.o
 .bss.butStates
                0x00000000        0x1 build/default/debug/main.o
 .text          0x00000000        0x0 build/default/debug/_ext/282020558/debug.o
 .data          0x00000000        0x0 build/default/debug/_ext/282020558/debug.o
 .bss           0x00000000        0x0 build/default/debug/_ext/282020558/debug.o
 .text          0x00000000        0x0 build/default/debug/_ext/282020558/encoderAlternative.o
 .data          0x00000000        0x0 build/default/debug/_ext/282020558/encoderAlternative.o
 .bss           0x00000000        0x0 build/default/debug/_ext/282020558/encoderAlternative.o
 .text          0x00000000        0x0 c:/program files (x86)/atmel/studio/7.0/toolchain/avr8/avr8-gnu-toolchain/bin/../lib/gcc/avr/5.4.0/avrxmega3\libgcc.a(_udivmodqi4.o)
 .data          0x00000000        0x0 c:/program files (x86)/atmel/studio/7.0/toolchain/avr8/avr8-gnu-toolchain/bin/../lib/gcc/avr/5.4.0/avrxmega3\libgcc.a(_udivmodqi4.o)
 .bss           0x00000000        0x0 c:/program files (x86)/atmel/studio/7.0/toolchain/avr8/avr8-gnu-toolchain/bin/../lib/gcc/avr/5.4.0/avrxmega3\libgcc.a(_udivmodqi4.o)
 .text.libgcc.mul
                0x00000000        0x0 c:/program files (x86)/atmel/studio/7.0/toolchain/avr8/avr8-gnu-toolchain/bin/../lib/gcc/avr/5.4.0/avrxmega3\libgcc.a(_udivmodqi4.o)
 .text.libgcc.div
                0x00000000       0x18 c:/program files (x86)/atmel/studio/7.0/toolchain/avr8/avr8-gnu-toolchain/bin/../lib/gcc/avr/5.4.0/avrxmega3\libgcc.a(_udivmodqi4.o)
 .text.libgcc   0x00000000        0x0 c:/program files (x86)/atmel/studio/7.0/toolchain/avr8/avr8-gnu-toolchain/bin/../lib/gcc/avr/5.4.0/avrxmega3\libgcc.a(_udivmodqi4.o)
 .text.libgcc.prologue
                0x00000000        0x0 c:/program files (x86)/atmel/studio/7.0/toolchain/avr8/avr8-gnu-toolchain/bin/../lib/gcc/avr/5.4.0/avrxmega3\libgcc.a(_udivmodqi4.o)
 .text.libgcc.builtins
                0x00000000        0x0 c:/program files (x86)/atmel/studio/7.0/toolchain/avr8/avr8-gnu-toolchain/bin/../lib/gcc/avr/5.4.0/avrxmega3\libgcc.a(_udivmodqi4.o)
 .text.libgcc.fmul
                0x00000000        0x0 c:/program files (x86)/atmel/studio/7.0/toolchain/avr8/avr8-gnu-toolchain/bin/../lib/gcc/avr/5.4.0/avrxmega3\libgcc.a(_udivmodqi4.o)
 .text.libgcc.fixed
                0x00000000        0x0 c:/program files (x86)/atmel/studio/7.0/toolchain/avr8/avr8-gnu-toolchain/bin/../lib/gcc/avr/5.4.0/avrxmega3\libgcc.a(_udivmodqi4.o)
 .text          0x00000000        0x0 c:/program files (x86)/atmel/studio/7.0/toolchain/avr8/avr8-gnu-toolchain/bin/../lib/gcc/avr/5.4.0/avrxmega3\libgcc.a(_exit.o)
 .data          0x00000000        0x0 c:/program files (x86)/atmel/studio/7.0/toolchain/avr8/avr8-gnu-toolchain/bin/../lib/gcc/avr/5.4.0/avrxmega3\libgcc.a(_exit.o)
 .bss           0x00000000        0x0 c:/program files (x86)/atmel/studio/7.0/toolchain/avr8/avr8-gnu-toolchain/bin/../lib/gcc/avr/5.4.0/avrxmega3\libgcc.a(_exit.o)
 .text.libgcc.mul
                0x00000000        0x0 c:/program files (x86)/atmel/studio/7.0/toolchain/avr8/avr8-gnu-toolchain/bin/../lib/gcc/avr/5.4.0/avrxmega3\libgcc.a(_exit.o)
 .text.libgcc.div
                0x00000000        0x0 c:/program files (x86)/atmel/studio/7.0/toolchain/avr8/avr8-gnu-toolchain/bin/../lib/gcc/avr/5.4.0/avrxmega3\libgcc.a(_exit.o)
 .text.libgcc   0x00000000        0x0 c:/program files (x86)/atmel/studio/7.0/toolchain/avr8/avr8-gnu-toolchain/bin/../lib/gcc/avr/5.4.0/avrxmega3\libgcc.a(_exit.o)
 .text.libgcc.prologue
                0x00000000        0x0 c:/program files (x86)/atmel/studio/7.0/toolchain/avr8/avr8-gnu-toolchain/bin/../lib/gcc/avr/5.4.0/avrxmega3\libgcc.a(_exit.o)
 .text.libgcc.builtins
                0x00000000        0x0 c:/program files (x86)/atmel/studio/7.0/toolchain/avr8/avr8-gnu-toolchain/bin/../lib/gcc/avr/5.4.0/avrxmega3\libgcc.a(_exit.o)
 .text.libgcc.fmul
                0x00000000        0x0 c:/program files (x86)/atmel/studio/7.0/toolchain/avr8/avr8-gnu-toolchain/bin/../lib/gcc/avr/5.4.0/avrxmega3\libgcc.a(_exit.o)
 .text.libgcc.fixed
                0x00000000        0x0 c:/program files (x86)/atmel/studio/7.0/toolchain/avr8/avr8-gnu-toolchain/bin/../lib/gcc/avr/5.4.0/avrxmega3\libgcc.a(_exit.o)
 .text          0x00000000        0x0 c:/program files (x86)/atmel/studio/7.0/toolchain/avr8/avr8-gnu-toolchain/bin/../lib/gcc/avr/5.4.0/avrxmega3\libgcc.a(_copy_data.o)
 .data          0x00000000        0x0 c:/program files (x86)/atmel/studio/7.0/toolchain/avr8/avr8-gnu-toolchain/bin/../lib/gcc/avr/5.4.0/avrxmega3\libgcc.a(_copy_data.o)
 .bss           0x00000000        0x0 c:/program files (x86)/atmel/studio/7.0/toolchain/avr8/avr8-gnu-toolchain/bin/../lib/gcc/avr/5.4.0/avrxmega3\libgcc.a(_copy_data.o)
 .text.libgcc.mul
                0x00000000        0x0 c:/program files (x86)/atmel/studio/7.0/toolchain/avr8/avr8-gnu-toolchain/bin/../lib/gcc/avr/5.4.0/avrxmega3\libgcc.a(_copy_data.o)
 .text.libgcc.div
                0x00000000        0x0 c:/program files (x86)/atmel/studio/7.0/toolchain/avr8/avr8-gnu-toolchain/bin/../lib/gcc/avr/5.4.0/avrxmega3\libgcc.a(_copy_data.o)
 .text.libgcc   0x00000000        0x0 c:/program files (x86)/atmel/studio/7.0/toolchain/avr8/avr8-gnu-toolchain/bin/../lib/gcc/avr/5.4.0/avrxmega3\libgcc.a(_copy_data.o)
 .text.libgcc.prologue
                0x00000000        0x0 c:/program files (x86)/atmel/studio/7.0/toolchain/avr8/avr8-gnu-toolchain/bin/../lib/gcc/avr/5.4.0/avrxmega3\libgcc.a(_copy_data.o)
 .text.libgcc.builtins
                0x00000000        0x0 c:/program files (x86)/atmel/studio/7.0/toolchain/avr8/avr8-gnu-toolchain/bin/../lib/gcc/avr/5.4.0/avrxmega3\libgcc.a(_copy_data.o)
 .text.libgcc.fmul
                0x00000000        0x0 c:/program files (x86)/atmel/studio/7.0/toolchain/avr8/avr8-gnu-toolchain/bin/../lib/gcc/avr/5.4.0/avrxmega3\libgcc.a(_copy_data.o)
 .text.libgcc.fixed
                0x00000000        0x0 c:/program files (x86)/atmel/studio/7.0/toolchain/avr8/avr8-gnu-toolchain/bin/../lib/gcc/avr/5.4.0/avrxmega3\libgcc.a(_copy_data.o)
 .text          0x00000000        0x0 c:/program files (x86)/atmel/studio/7.0/toolchain/avr8/avr8-gnu-toolchain/bin/../lib/gcc/avr/5.4.0/avrxmega3\libgcc.a(_clear_bss.o)
 .data          0x00000000        0x0 c:/program files (x86)/atmel/studio/7.0/toolchain/avr8/avr8-gnu-toolchain/bin/../lib/gcc/avr/5.4.0/avrxmega3\libgcc.a(_clear_bss.o)
 .bss           0x00000000        0x0 c:/program files (x86)/atmel/studio/7.0/toolchain/avr8/avr8-gnu-toolchain/bin/../lib/gcc/avr/5.4.0/avrxmega3\libgcc.a(_clear_bss.o)
 .text.libgcc.mul
                0x00000000        0x0 c:/program files (x86)/atmel/studio/7.0/toolchain/avr8/avr8-gnu-toolchain/bin/../lib/gcc/avr/5.4.0/avrxmega3\libgcc.a(_clear_bss.o)
 .text.libgcc.div
                0x00000000        0x0 c:/program files (x86)/atmel/studio/7.0/toolchain/avr8/avr8-gnu-toolchain/bin/../lib/gcc/avr/5.4.0/avrxmega3\libgcc.a(_clear_bss.o)
 .text.libgcc   0x00000000        0x0 c:/program files (x86)/atmel/studio/7.0/toolchain/avr8/avr8-gnu-toolchain/bin/../lib/gcc/avr/5.4.0/avrxmega3\libgcc.a(_clear_bss.o)
 .text.libgcc.prologue
                0x00000000        0x0 c:/program files (x86)/atmel/studio/7.0/toolchain/avr8/avr8-gnu-toolchain/bin/../lib/gcc/avr/5.4.0/avrxmega3\libgcc.a(_clear_bss.o)
 .text.libgcc.builtins
                0x00000000        0x0 c:/program files (x86)/atmel/studio/7.0/toolchain/avr8/avr8-gnu-toolchain/bin/../lib/gcc/avr/5.4.0/avrxmega3\libgcc.a(_clear_bss.o)
 .text.libgcc.fmul
                0x00000000        0x0 c:/program files (x86)/atmel/studio/7.0/toolchain/avr8/avr8-gnu-toolchain/bin/../lib/gcc/avr/5.4.0/avrxmega3\libgcc.a(_clear_bss.o)
 .text.libgcc.fixed
                0x00000000        0x0 c:/program files (x86)/atmel/studio/7.0/toolchain/avr8/avr8-gnu-toolchain/bin/../lib/gcc/avr/5.4.0/avrxmega3\libgcc.a(_clear_bss.o)
 .text          0x00000000        0x0 c:/program files (x86)/atmel/studio/7.0/toolchain/avr8/avr8-gnu-toolchain/bin/../lib/gcc/avr/5.4.0/../../../../avr/lib/avrxmega3\libc.a(qsort.o)
 .data          0x00000000        0x0 c:/program files (x86)/atmel/studio/7.0/toolchain/avr8/avr8-gnu-toolchain/bin/../lib/gcc/avr/5.4.0/../../../../avr/lib/avrxmega3\libc.a(qsort.o)
 .bss           0x00000000        0x0 c:/program files (x86)/atmel/studio/7.0/toolchain/avr8/avr8-gnu-toolchain/bin/../lib/gcc/avr/5.4.0/../../../../avr/lib/avrxmega3\libc.a(qsort.o)
 .text          0x00000000        0x0 C:/Program Files/Microchip/MPLABX/v6.05/packs/Microchip/ATtiny_DFP/3.0.151/gcc/dev/attiny1626/avrxmega3\libattiny1626.a(ccp_write.o)
 .data          0x00000000        0x0 C:/Program Files/Microchip/MPLABX/v6.05/packs/Microchip/ATtiny_DFP/3.0.151/gcc/dev/attiny1626/avrxmega3\libattiny1626.a(ccp_write.o)
 .bss           0x00000000        0x0 C:/Program Files/Microchip/MPLABX/v6.05/packs/Microchip/ATtiny_DFP/3.0.151/gcc/dev/attiny1626/avrxmega3\libattiny1626.a(ccp_write.o)
 .text          0x00000000        0x0 c:/program files (x86)/atmel/studio/7.0/toolchain/avr8/avr8-gnu-toolchain/bin/../lib/gcc/avr/5.4.0/avrxmega3\libgcc.a(_udivmodhi4.o)
 .data          0x00000000        0x0 c:/program files (x86)/atmel/studio/7.0/toolchain/avr8/avr8-gnu-toolchain/bin/../lib/gcc/avr/5.4.0/avrxmega3\libgcc.a(_udivmodhi4.o)
 .bss           0x00000000        0x0 c:/program files (x86)/atmel/studio/7.0/toolchain/avr8/avr8-gnu-toolchain/bin/../lib/gcc/avr/5.4.0/avrxmega3\libgcc.a(_udivmodhi4.o)
 .text.libgcc.mul
                0x00000000        0x0 c:/program files (x86)/atmel/studio/7.0/toolchain/avr8/avr8-gnu-toolchain/bin/../lib/gcc/avr/5.4.0/avrxmega3\libgcc.a(_udivmodhi4.o)
 .text.libgcc   0x00000000        0x0 c:/program files (x86)/atmel/studio/7.0/toolchain/avr8/avr8-gnu-toolchain/bin/../lib/gcc/avr/5.4.0/avrxmega3\libgcc.a(_udivmodhi4.o)
 .text.libgcc.prologue
                0x00000000        0x0 c:/program files (x86)/atmel/studio/7.0/toolchain/avr8/avr8-gnu-toolchain/bin/../lib/gcc/avr/5.4.0/avrxmega3\libgcc.a(_udivmodhi4.o)
 .text.libgcc.builtins
                0x00000000        0x0 c:/program files (x86)/atmel/studio/7.0/toolchain/avr8/avr8-gnu-toolchain/bin/../lib/gcc/avr/5.4.0/avrxmega3\libgcc.a(_udivmodhi4.o)
 .text.libgcc.fmul
                0x00000000        0x0 c:/program files (x86)/atmel/studio/7.0/toolchain/avr8/avr8-gnu-toolchain/bin/../lib/gcc/avr/5.4.0/avrxmega3\libgcc.a(_udivmodhi4.o)
 .text.libgcc.fixed
                0x00000000        0x0 c:/program files (x86)/atmel/studio/7.0/toolchain/avr8/avr8-gnu-toolchain/bin/../lib/gcc/avr/5.4.0/avrxmega3\libgcc.a(_udivmodhi4.o)
 .text          0x00000000        0x0 c:/program files (x86)/atmel/studio/7.0/toolchain/avr8/avr8-gnu-toolchain/bin/../lib/gcc/avr/5.4.0/avrxmega3\libgcc.a(_prologue.o)
 .data          0x00000000        0x0 c:/program files (x86)/atmel/studio/7.0/toolchain/avr8/avr8-gnu-toolchain/bin/../lib/gcc/avr/5.4.0/avrxmega3\libgcc.a(_prologue.o)
 .bss           0x00000000        0x0 c:/program files (x86)/atmel/studio/7.0/toolchain/avr8/avr8-gnu-toolchain/bin/../lib/gcc/avr/5.4.0/avrxmega3\libgcc.a(_prologue.o)
 .text.libgcc.mul
                0x00000000        0x0 c:/program files (x86)/atmel/studio/7.0/toolchain/avr8/avr8-gnu-toolchain/bin/../lib/gcc/avr/5.4.0/avrxmega3\libgcc.a(_prologue.o)
 .text.libgcc.div
                0x00000000        0x0 c:/program files (x86)/atmel/studio/7.0/toolchain/avr8/avr8-gnu-toolchain/bin/../lib/gcc/avr/5.4.0/avrxmega3\libgcc.a(_prologue.o)
 .text.libgcc   0x00000000        0x0 c:/program files (x86)/atmel/studio/7.0/toolchain/avr8/avr8-gnu-toolchain/bin/../lib/gcc/avr/5.4.0/avrxmega3\libgcc.a(_prologue.o)
 .text.libgcc.builtins
                0x00000000        0x0 c:/program files (x86)/atmel/studio/7.0/toolchain/avr8/avr8-gnu-toolchain/bin/../lib/gcc/avr/5.4.0/avrxmega3\libgcc.a(_prologue.o)
 .text.libgcc.fmul
                0x00000000        0x0 c:/program files (x86)/atmel/studio/7.0/toolchain/avr8/avr8-gnu-toolchain/bin/../lib/gcc/avr/5.4.0/avrxmega3\libgcc.a(_prologue.o)
 .text.libgcc.fixed
                0x00000000        0x0 c:/program files (x86)/atmel/studio/7.0/toolchain/avr8/avr8-gnu-toolchain/bin/../lib/gcc/avr/5.4.0/avrxmega3\libgcc.a(_prologue.o)
 .text          0x00000000        0x0 c:/program files (x86)/atmel/studio/7.0/toolchain/avr8/avr8-gnu-toolchain/bin/../lib/gcc/avr/5.4.0/avrxmega3\libgcc.a(_epilogue.o)
 .data          0x00000000        0x0 c:/program files (x86)/atmel/studio/7.0/toolchain/avr8/avr8-gnu-toolchain/bin/../lib/gcc/avr/5.4.0/avrxmega3\libgcc.a(_epilogue.o)
 .bss           0x00000000        0x0 c:/program files (x86)/atmel/studio/7.0/toolchain/avr8/avr8-gnu-toolchain/bin/../lib/gcc/avr/5.4.0/avrxmega3\libgcc.a(_epilogue.o)
 .text.libgcc.mul
                0x00000000        0x0 c:/program files (x86)/atmel/studio/7.0/toolchain/avr8/avr8-gnu-toolchain/bin/../lib/gcc/avr/5.4.0/avrxmega3\libgcc.a(_epilogue.o)
 .text.libgcc.div
                0x00000000        0x0 c:/program files (x86)/atmel/studio/7.0/toolchain/avr8/avr8-gnu-toolchain/bin/../lib/gcc/avr/5.4.0/avrxmega3\libgcc.a(_epilogue.o)
 .text.libgcc   0x00000000        0x0 c:/program files (x86)/atmel/studio/7.0/toolchain/avr8/avr8-gnu-toolchain/bin/../lib/gcc/avr/5.4.0/avrxmega3\libgcc.a(_epilogue.o)
 .text.libgcc.builtins
                0x00000000        0x0 c:/program files (x86)/atmel/studio/7.0/toolchain/avr8/avr8-gnu-toolchain/bin/../lib/gcc/avr/5.4.0/avrxmega3\libgcc.a(_epilogue.o)
 .text.libgcc.fmul
                0x00000000        0x0 c:/program files (x86)/atmel/studio/7.0/toolchain/avr8/avr8-gnu-toolchain/bin/../lib/gcc/avr/5.4.0/avrxmega3\libgcc.a(_epilogue.o)
 .text.libgcc.fixed
                0x00000000        0x0 c:/program files (x86)/atmel/studio/7.0/toolchain/avr8/avr8-gnu-toolchain/bin/../lib/gcc/avr/5.4.0/avrxmega3\libgcc.a(_epilogue.o)

Memory Configuration

Name             Origin             Length             Attributes
text             0x00000000         0x00004000         xr
data             0x00803800         0x00000800         rw !x
eeprom           0x00810000         0x00000100         rw !x
fuse             0x00820000         0x0000000a         rw !x
lock             0x00830000         0x00000400         rw !x
signature        0x00840000         0x00000400         rw !x
user_signatures  0x00850000         0x00000400         rw !x
*default*        0x00000000         0xffffffff

Linker script and memory map

Address of section .data set to 0x803800
                0x00008000                __RODATA_PM_OFFSET__ = 0x8000
LOAD C:/Program Files/Microchip/MPLABX/v6.05/packs/Microchip/ATtiny_DFP/3.0.151/gcc/dev/attiny1626/avrxmega3/crtattiny1626.o
LOAD build/default/debug/src/adc.o
LOAD build/default/debug/src/button.o
LOAD build/default/debug/src/init.o
LOAD build/default/debug/src/ledandcolor.o
LOAD build/default/debug/src/timer.o
LOAD build/default/debug/_ext/282020558/i2cAlternative.o
LOAD build/default/debug/main.o
LOAD build/default/debug/_ext/282020558/debug.o
LOAD build/default/debug/_ext/282020558/encoderAlternative.o
                0x00000001                __MPLAB_BUILD = 0x1
                0x00000001                __ICD2RAM = 0x1
                0x00000001                __MPLAB_DEBUG = 0x1
                0x00000001                __DEBUG = 0x1
START GROUP
LOAD c:/program files (x86)/atmel/studio/7.0/toolchain/avr8/avr8-gnu-toolchain/bin/../lib/gcc/avr/5.4.0/../../../../avr/lib/avrxmega3\libm.a
END GROUP
START GROUP
LOAD c:/program files (x86)/atmel/studio/7.0/toolchain/avr8/avr8-gnu-toolchain/bin/../lib/gcc/avr/5.4.0/avrxmega3\libgcc.a
LOAD c:/program files (x86)/atmel/studio/7.0/toolchain/avr8/avr8-gnu-toolchain/bin/../lib/gcc/avr/5.4.0/../../../../avr/lib/avrxmega3\libm.a
LOAD c:/program files (x86)/atmel/studio/7.0/toolchain/avr8/avr8-gnu-toolchain/bin/../lib/gcc/avr/5.4.0/../../../../avr/lib/avrxmega3\libc.a
LOAD C:/Program Files/Microchip/MPLABX/v6.05/packs/Microchip/ATtiny_DFP/3.0.151/gcc/dev/attiny1626/avrxmega3\libattiny1626.a
END GROUP
                [0x00000000]                __TEXT_REGION_ORIGIN__ = DEFINED (__TEXT_REGION_ORIGIN__)?__TEXT_REGION_ORIGIN__:0x0
                [0x00803800]                __DATA_REGION_ORIGIN__ = DEFINED (__DATA_REGION_ORIGIN__)?__DATA_REGION_ORIGIN__:0x802000
                [0x00004000]                __TEXT_REGION_LENGTH__ = DEFINED (__TEXT_REGION_LENGTH__)?__TEXT_REGION_LENGTH__:0x100000
                [0x00000800]                __DATA_REGION_LENGTH__ = DEFINED (__DATA_REGION_LENGTH__)?__DATA_REGION_LENGTH__:0xffa0
                [0x00000100]                __EEPROM_REGION_LENGTH__ = DEFINED (__EEPROM_REGION_LENGTH__)?__EEPROM_REGION_LENGTH__:0x10000
                [0x0000000a]                __FUSE_REGION_LENGTH__ = DEFINED (__FUSE_REGION_LENGTH__)?__FUSE_REGION_LENGTH__:0x400
                0x00000400                __LOCK_REGION_LENGTH__ = DEFINED (__LOCK_REGION_LENGTH__)?__LOCK_REGION_LENGTH__:0x400
                0x00000400                __SIGNATURE_REGION_LENGTH__ = DEFINED (__SIGNATURE_REGION_LENGTH__)?__SIGNATURE_REGION_LENGTH__:0x400
                0x00000400                __USER_SIGNATURE_REGION_LENGTH__ = DEFINED (__USER_SIGNATURE_REGION_LENGTH__)?__USER_SIGNATURE_REGION_LENGTH__:0x400
                0x00008000                __RODATA_PM_OFFSET__ = DEFINED (__RODATA_PM_OFFSET__)?__RODATA_PM_OFFSET__:0x8000

.hash
 *(.hash)

.dynsym
 *(.dynsym)

.dynstr
 *(.dynstr)

.gnu.version
 *(.gnu.version)

.gnu.version_d
 *(.gnu.version_d)

.gnu.version_r
 *(.gnu.version_r)

.rel.init
 *(.rel.init)

.rela.init
 *(.rela.init)

.rel.text
 *(.rel.text)
 *(.rel.text.*)
 *(.rel.gnu.linkonce.t*)

.rela.text
 *(.rela.text)
 *(.rela.text.*)
 *(.rela.gnu.linkonce.t*)

.rel.fini
 *(.rel.fini)

.rela.fini
 *(.rela.fini)

.rel.rodata
 *(.rel.rodata)
 *(.rel.rodata.*)
 *(.rel.gnu.linkonce.r*)

.rela.rodata
 *(.rela.rodata)
 *(.rela.rodata.*)
 *(.rela.gnu.linkonce.r*)

.rel.data
 *(.rel.data)
 *(.rel.data.*)
 *(.rel.gnu.linkonce.d*)

.rela.data
 *(.rela.data)
 *(.rela.data.*)
 *(.rela.gnu.linkonce.d*)

.rel.ctors
 *(.rel.ctors)

.rela.ctors
 *(.rela.ctors)

.rel.dtors
 *(.rel.dtors)

.rela.dtors
 *(.rela.dtors)

.rel.got
 *(.rel.got)

.rela.got
 *(.rela.got)

.rel.bss
 *(.rel.bss)

.rela.bss
 *(.rela.bss)

.rel.plt
 *(.rel.plt)

.rela.plt
 *(.rela.plt)

.text           0x00000000     0x10c8
 *(.vectors)
 .vectors       0x00000000       0x78 C:/Program Files/Microchip/MPLABX/v6.05/packs/Microchip/ATtiny_DFP/3.0.151/gcc/dev/attiny1626/avrxmega3/crtattiny1626.o
                0x00000000                __vector_default
                0x00000000                __vectors
 *(.vectors)
 *(.progmem.gcc*)
                0x00000078                . = ALIGN (0x2)
                0x00000078                __trampolines_start = .
 *(.trampolines)
 .trampolines   0x00000078        0x0 linker stubs
 *(.trampolines*)
                0x00000078                __trampolines_end = .
 *libprintf_flt.a:*(.progmem.data)
 *libc.a:*(.progmem.data)
 *(.progmem*)
                0x00000078                . = ALIGN (0x2)
 *(.jumptables)
 *(.jumptables*)
 *(.lowtext)
 *(.lowtext*)
                0x00000078                __ctors_start = .
 *(.ctors)
                0x00000078                __ctors_end = .
                0x00000078                __dtors_start = .
 *(.dtors)
                0x00000078                __dtors_end = .
 SORT(*)(.ctors)
 SORT(*)(.dtors)
 *(.init0)
 .init0         0x00000078        0x0 C:/Program Files/Microchip/MPLABX/v6.05/packs/Microchip/ATtiny_DFP/3.0.151/gcc/dev/attiny1626/avrxmega3/crtattiny1626.o
                0x00000078                __init
 *(.init0)
 *(.init1)
 *(.init1)
 *(.init2)
 .init2         0x00000078        0xc C:/Program Files/Microchip/MPLABX/v6.05/packs/Microchip/ATtiny_DFP/3.0.151/gcc/dev/attiny1626/avrxmega3/crtattiny1626.o
 *(.init2)
 *(.init3)
 *(.init3)
 *(.init4)
 .init4         0x00000084       0x16 c:/program files (x86)/atmel/studio/7.0/toolchain/avr8/avr8-gnu-toolchain/bin/../lib/gcc/avr/5.4.0/avrxmega3\libgcc.a(_copy_data.o)
                0x00000084                __do_copy_data
 .init4         0x0000009a       0x10 c:/program files (x86)/atmel/studio/7.0/toolchain/avr8/avr8-gnu-toolchain/bin/../lib/gcc/avr/5.4.0/avrxmega3\libgcc.a(_clear_bss.o)
                0x0000009a                __do_clear_bss
 *(.init4)
 *(.init5)
 *(.init5)
 *(.init6)
 *(.init6)
 *(.init7)
 *(.init7)
 *(.init8)
 *(.init8)
 *(.init9)
 .init9         0x000000aa        0x8 C:/Program Files/Microchip/MPLABX/v6.05/packs/Microchip/ATtiny_DFP/3.0.151/gcc/dev/attiny1626/avrxmega3/crtattiny1626.o
 *(.init9)
 *(.text)
 .text          0x000000b2        0x4 C:/Program Files/Microchip/MPLABX/v6.05/packs/Microchip/ATtiny_DFP/3.0.151/gcc/dev/attiny1626/avrxmega3/crtattiny1626.o
                0x000000b2                __vector_22
                0x000000b2                __vector_28
                0x000000b2                __vector_1
                0x000000b2                __vector_24
                0x000000b2                __vector_12
                0x000000b2                __bad_interrupt
                0x000000b2                __vector_6
                0x000000b2                __vector_3
                0x000000b2                __vector_25
                0x000000b2                __vector_11
                0x000000b2                __vector_17
                0x000000b2                __vector_19
                0x000000b2                __vector_7
                0x000000b2                __vector_27
                0x000000b2                __vector_5
                0x000000b2                __vector_4
                0x000000b2                __vector_9
                0x000000b2                __vector_2
                0x000000b2                __vector_21
                0x000000b2                __vector_15
                0x000000b2                __vector_29
                0x000000b2                __vector_26
                0x000000b2                __vector_10
                0x000000b2                __vector_18
                0x000000b2                __vector_20
                0x000000b6                . = ALIGN (0x2)
 *(.text.*)
 .text.adc_start_prepare
                0x000000b6       0x14 build/default/debug/src/adc.o
                0x000000b6                adc_start_prepare
 .text.adc_start_go
                0x000000ca        0xc build/default/debug/src/adc.o
                0x000000ca                adc_start_go
 .text.adc_getValue
                0x000000d6       0x12 build/default/debug/src/adc.o
                0x000000d6                adc_getValue
 .text.adc_setValue
                0x000000e8       0x18 build/default/debug/src/adc.o
                0x000000e8                adc_setValue
 .text.adc_init
                0x00000100       0x28 build/default/debug/src/adc.o
                0x00000100                adc_init
 .text.but_getStates
                0x00000128        0x6 build/default/debug/src/button.o
                0x00000128                but_getStates
 .text.but_updateStates
                0x0000012e      0x1b2 build/default/debug/src/button.o
                0x0000012e                but_updateStates
 .text.but_init
                0x000002e0       0x5c build/default/debug/src/button.o
                0x000002e0                but_init
 .text.led_Compare
                0x0000033c       0x28 build/default/debug/src/ledandcolor.o
                0x0000033c                led_Compare
 .text.led_shiftSend
                0x00000364       0x16 build/default/debug/src/ledandcolor.o
                0x00000364                led_shiftSend
 .text.led_updateRGB
                0x0000037a       0x4c build/default/debug/src/ledandcolor.o
                0x0000037a                led_updateRGB
 .text.led_rgbInit
                0x000003c6       0xcc build/default/debug/src/ledandcolor.o
                0x000003c6                led_rgbInit
 .text.led_updateColorSystem
                0x00000492      0x128 build/default/debug/src/ledandcolor.o
                0x00000492                led_updateColorSystem
 .text.led_init
                0x000005ba       0x60 build/default/debug/src/ledandcolor.o
                0x000005ba                led_init
 .text.time_t0Init
                0x0000061a       0x1a build/default/debug/src/timer.o
                0x0000061a                time_t0Init
 .text.time_t1Init
                0x00000634       0x1a build/default/debug/src/timer.o
                0x00000634                time_t1Init
 .text.i2c_init
                0x0000064e        0xe build/default/debug/_ext/282020558/i2cAlternative.o
                0x0000064e                i2c_init
 .text.reset_states
                0x0000065c        0xe build/default/debug/_ext/282020558/i2cAlternative.o
                0x0000065c                reset_states
 .text.__vector_14
                0x0000066a      0x1d4 build/default/debug/_ext/282020558/i2cAlternative.o
                0x0000066a                __vector_14
 .text.adcTest  0x0000083e       0x2c build/default/debug/main.o
                0x0000083e                adcTest
 .text.__vector_23
                0x0000086a       0x72 build/default/debug/main.o
                0x0000086a                __vector_23
 .text.__vector_16
                0x000008dc       0x70 build/default/debug/main.o
                0x000008dc                __vector_16
 .text.__vector_8
                0x0000094c       0x40 build/default/debug/main.o
                0x0000094c                __vector_8
 .text.__vector_13
                0x0000098c       0x50 build/default/debug/main.o
                0x0000098c                __vector_13
 .text.getSensorData
                0x000009dc       0x58 build/default/debug/main.o
                0x000009dc                getSensorData
 .text.i2c_setEncoder
                0x00000a34        0x6 build/default/debug/main.o
                0x00000a34                i2c_setEncoder
 .text.i2c_setLedData
                0x00000a3a        0x6 build/default/debug/main.o
                0x00000a3a                i2c_setLedData
 .text.main     0x00000a40      0x114 build/default/debug/main.o
                0x00000a40                main
 .text.toggleCh1
                0x00000b54       0x2a build/default/debug/_ext/282020558/debug.o
                0x00000b54                toggleCh1
 .text.toggleCh2
                0x00000b7e       0x2a build/default/debug/_ext/282020558/debug.o
                0x00000b7e                toggleCh2
 .text.enc_setStep
                0x00000ba8        0x6 build/default/debug/_ext/282020558/encoderAlternative.o
                0x00000ba8                enc_setStep
 .text.enc_update
                0x00000bae       0x38 build/default/debug/_ext/282020558/encoderAlternative.o
                0x00000bae                enc_update
 .text.enc_getValue
                0x00000be6       0x36 build/default/debug/_ext/282020558/encoderAlternative.o
                0x00000be6                enc_getValue
 .text.enc_init
                0x00000c1c       0x48 build/default/debug/_ext/282020558/encoderAlternative.o
                0x00000c1c                enc_init
 .text.avr-libc
                0x00000c64      0x3ca c:/program files (x86)/atmel/studio/7.0/toolchain/avr8/avr8-gnu-toolchain/bin/../lib/gcc/avr/5.4.0/../../../../avr/lib/avrxmega3\libc.a(qsort.o)
                0x00000ce6                qsort
 .text.avr-libc
                0x0000102e        0xc C:/Program Files/Microchip/MPLABX/v6.05/packs/Microchip/ATtiny_DFP/3.0.151/gcc/dev/attiny1626/avrxmega3\libattiny1626.a(ccp_write.o)
                0x0000102e                ccp_write_io
 .text.libgcc.div
                0x0000103a       0x28 c:/program files (x86)/atmel/studio/7.0/toolchain/avr8/avr8-gnu-toolchain/bin/../lib/gcc/avr/5.4.0/avrxmega3\libgcc.a(_udivmodhi4.o)
                0x0000103a                __udivmodhi4
 .text.libgcc.prologue
                0x00001062       0x32 c:/program files (x86)/atmel/studio/7.0/toolchain/avr8/avr8-gnu-toolchain/bin/../lib/gcc/avr/5.4.0/avrxmega3\libgcc.a(_prologue.o)
                0x00001062                __prologue_saves__
 .text.libgcc.prologue
                0x00001094       0x30 c:/program files (x86)/atmel/studio/7.0/toolchain/avr8/avr8-gnu-toolchain/bin/../lib/gcc/avr/5.4.0/avrxmega3\libgcc.a(_epilogue.o)
                0x00001094                __epilogue_restores__
                0x000010c4                . = ALIGN (0x2)
 *(.fini9)
 .fini9         0x000010c4        0x0 c:/program files (x86)/atmel/studio/7.0/toolchain/avr8/avr8-gnu-toolchain/bin/../lib/gcc/avr/5.4.0/avrxmega3\libgcc.a(_exit.o)
                0x000010c4                _exit
                0x000010c4                exit
 *(.fini9)
 *(.fini8)
 *(.fini8)
 *(.fini7)
 *(.fini7)
 *(.fini6)
 *(.fini6)
 *(.fini5)
 *(.fini5)
 *(.fini4)
 *(.fini4)
 *(.fini3)
 *(.fini3)
 *(.fini2)
 *(.fini2)
 *(.fini1)
 *(.fini1)
 *(.fini0)
 .fini0         0x000010c4        0x4 c:/program files (x86)/atmel/studio/7.0/toolchain/avr8/avr8-gnu-toolchain/bin/../lib/gcc/avr/5.4.0/avrxmega3\libgcc.a(_exit.o)
 *(.fini0)
                0x000010c8                _etext = .

.rodata
 *(.rodata)
 *(.rodata*)
 *(.gnu.linkonce.r*)

.data           0x00803800        0xc load address 0x000010c8
                0x00803800                PROVIDE (__data_start, .)
 *(.data)
 *(.data*)
 .data.led_event_n
                0x00803800        0x1 build/default/debug/src/ledandcolor.o
                0x00803800                led_event_n
 .data.adc_finished
                0x00803801        0x1 build/default/debug/main.o
                0x00803801                adc_finished
 .data.sensor_data_ptr
                0x00803802        0x2 build/default/debug/main.o
                0x00803802                sensor_data_ptr
 .data.sensor_data
                0x00803804        0x6 build/default/debug/main.o
                0x00803804                sensor_data
 .data.sensor_cnt2
                0x0080380a        0x1 build/default/debug/main.o
                0x0080380a                sensor_cnt2
 .data.step     0x0080380b        0x1 build/default/debug/_ext/282020558/encoderAlternative.o
                0x0080380b                step
 *(.gnu.linkonce.d*)
                0x0080380c                . = ALIGN (0x2)
                0x0080380c                _edata = .
                0x0080380c                PROVIDE (__data_end, .)

.bss            0x0080380c       0xd6
                0x0080380c                PROVIDE (__bss_start, .)
 *(.bss)
 *(.bss*)
 .bss.adcNumG   0x0080380c        0x1 build/default/debug/src/adc.o
                0x0080380c                adcNumG
 .bss.adcValuesNew
                0x0080380d        0x4 build/default/debug/src/adc.o
                0x0080380d                adcValuesNew
 .bss.buttonStates
                0x00803811        0x1 build/default/debug/src/button.o
                0x00803811                buttonStates
 .bss.buttonStatesNew
                0x00803812        0x1 build/default/debug/src/button.o
                0x00803812                buttonStatesNew
 .bss.butFilterCnt
                0x00803813        0x1 build/default/debug/src/button.o
                0x00803813                butFilterCnt
 .bss.led_event_i
                0x00803814        0x1 build/default/debug/src/ledandcolor.o
                0x00803814                led_event_i
 .bss.isNewLedEventReady
                0x00803815        0x1 build/default/debug/src/ledandcolor.o
                0x00803815                isNewLedEventReady
 .bss.receive_state
                0x00803816        0x1 build/default/debug/_ext/282020558/i2cAlternative.o
                0x00803816                receive_state
 .bss.I2C_busy  0x00803817        0x1 build/default/debug/_ext/282020558/i2cAlternative.o
                0x00803817                I2C_busy
 .bss.I2C_REG_changed
                0x00803818        0x1 build/default/debug/_ext/282020558/i2cAlternative.o
                0x00803818                I2C_REG_changed
 .bss.led_color_buf
                0x00803819        0x1 build/default/debug/_ext/282020558/i2cAlternative.o
                0x00803819                led_color_buf
 .bss.led_buttons
                0x0080381a        0x4 build/default/debug/_ext/282020558/i2cAlternative.o
                0x0080381a                led_buttons
 .bss.i2c_read_n
                0x0080381e        0x1 build/default/debug/_ext/282020558/i2cAlternative.o
                0x0080381e                i2c_read_n
 .bss.i2c_read_i
                0x0080381f        0x1 build/default/debug/_ext/282020558/i2cAlternative.o
                0x0080381f                i2c_read_i
 .bss.ty        0x00803820        0x2 build/default/debug/main.o
                0x00803820                ty
 .bss.adc_i     0x00803822        0x1 build/default/debug/main.o
                0x00803822                adc_i
 .bss.sensor_cnt1
                0x00803823        0x1 build/default/debug/main.o
                0x00803823                sensor_cnt1
 .bss.led_cnt2  0x00803824        0x1 build/default/debug/main.o
                0x00803824                led_cnt2
 .bss.led_cnt1  0x00803825        0x1 build/default/debug/main.o
                0x00803825                led_cnt1
 .bss.tog_ch2   0x00803826        0x1 build/default/debug/_ext/282020558/debug.o
                0x00803826                tog_ch2
 .bss.tog_ch1   0x00803827        0x1 build/default/debug/_ext/282020558/debug.o
                0x00803827                tog_ch1
 .bss.last      0x00803828        0x1 build/default/debug/_ext/282020558/encoderAlternative.o
 *(COMMON)
 COMMON         0x00803829        0x4 build/default/debug/src/button.o
                0x00803829                buttons
 COMMON         0x0080382d       0x6f build/default/debug/src/ledandcolor.o
                0x0080382d                leds
                0x00803845                led_events
                0x0080386c                rgbButtons
                0x00803884                leds_t
 COMMON         0x0080389c       0x11 build/default/debug/_ext/282020558/i2cAlternative.o
                0x0080389c                I2C_REG
                0x008038ac                i2c_wrt_i
 COMMON         0x008038ad       0x34 build/default/debug/main.o
                0x008038ad                adcTests
                0x008038dd                adcTest_i
                0x008038de                event
 COMMON         0x008038e1        0x1 build/default/debug/_ext/282020558/encoderAlternative.o
                0x008038e1                enc_delta
                0x008038e2                PROVIDE (__bss_end, .)
                0x000010c8                __data_load_start = LOADADDR (.data)
                0x000010d4                __data_load_end = (__data_load_start + SIZEOF (.data))

.noinit         0x008038e2        0x0
                [!provide]                PROVIDE (__noinit_start, .)
 *(.noinit*)
                [!provide]                PROVIDE (__noinit_end, .)
                0x008038e2                _end = .
                [!provide]                PROVIDE (__heap_start, .)

.eeprom         0x00810000        0x0
 *(.eeprom*)
                0x00810000                __eeprom_end = .

.fuse
 *(.fuse)
 *(.lfuse)
 *(.hfuse)
 *(.efuse)

.lock
 *(.lock*)

.signature
 *(.signature*)

.user_signatures
 *(.user_signatures*)

.stab
 *(.stab)

.stabstr
 *(.stabstr)

.stab.excl
 *(.stab.excl)

.stab.exclstr
 *(.stab.exclstr)

.stab.index
 *(.stab.index)

.stab.indexstr
 *(.stab.indexstr)

.comment        0x00000000       0x30
 *(.comment)
 .comment       0x00000000       0x30 build/default/debug/src/adc.o
                                 0x31 (size before relaxing)
 .comment       0x00000030       0x31 build/default/debug/src/button.o
 .comment       0x00000030       0x31 build/default/debug/src/ledandcolor.o
 .comment       0x00000030       0x31 build/default/debug/src/timer.o
 .comment       0x00000030       0x31 build/default/debug/_ext/282020558/i2cAlternative.o
 .comment       0x00000030       0x31 build/default/debug/main.o
 .comment       0x00000030       0x31 build/default/debug/_ext/282020558/debug.o
 .comment       0x00000030       0x31 build/default/debug/_ext/282020558/encoderAlternative.o
 .comment       0x00000030       0x31 c:/program files (x86)/atmel/studio/7.0/toolchain/avr8/avr8-gnu-toolchain/bin/../lib/gcc/avr/5.4.0/../../../../avr/lib/avrxmega3\libc.a(qsort.o)

.note.gnu.avr.deviceinfo
                0x00000000       0x40
 .note.gnu.avr.deviceinfo
                0x00000000       0x40 C:/Program Files/Microchip/MPLABX/v6.05/packs/Microchip/ATtiny_DFP/3.0.151/gcc/dev/attiny1626/avrxmega3/crtattiny1626.o

.note.gnu.build-id
 *(.note.gnu.build-id)

.debug
 *(.debug)

.line
 *(.line)

.debug_srcinfo
 *(.debug_srcinfo)

.debug_sfnames
 *(.debug_sfnames)

.debug_aranges  0x00000000      0x218
 *(.debug_aranges)
 .debug_aranges
                0x00000000       0x60 build/default/debug/src/adc.o
 .debug_aranges
                0x00000060       0x30 build/default/debug/src/button.o
 .debug_aranges
                0x00000090       0x50 build/default/debug/src/ledandcolor.o
 .debug_aranges
                0x000000e0       0x28 build/default/debug/src/timer.o
 .debug_aranges
                0x00000108       0x30 build/default/debug/_ext/282020558/i2cAlternative.o
 .debug_aranges
                0x00000138       0x60 build/default/debug/main.o
 .debug_aranges
                0x00000198       0x28 build/default/debug/_ext/282020558/debug.o
 .debug_aranges
                0x000001c0       0x38 build/default/debug/_ext/282020558/encoderAlternative.o
 .debug_aranges
                0x000001f8       0x20 C:/Program Files/Microchip/MPLABX/v6.05/packs/Microchip/ATtiny_DFP/3.0.151/gcc/dev/attiny1626/avrxmega3\libattiny1626.a(ccp_write.o)

.debug_pubnames
 *(.debug_pubnames)

.debug_info     0x00000000     0x508d
 *(.debug_info .gnu.linkonce.wi.*)
 .debug_info    0x00000000     0x1b97 C:/Program Files/Microchip/MPLABX/v6.05/packs/Microchip/ATtiny_DFP/3.0.151/gcc/dev/attiny1626/avrxmega3/crtattiny1626.o
 .debug_info    0x00001b97      0x6d2 build/default/debug/src/adc.o
 .debug_info    0x00002269      0x33d build/default/debug/src/button.o
 .debug_info    0x000025a6      0x67b build/default/debug/src/ledandcolor.o
 .debug_info    0x00002c21      0x8ba build/default/debug/src/timer.o
 .debug_info    0x000034db      0x40e build/default/debug/_ext/282020558/i2cAlternative.o
 .debug_info    0x000038e9     0x134f build/default/debug/main.o
 .debug_info    0x00004c38       0xbe build/default/debug/_ext/282020558/debug.o
 .debug_info    0x00004cf6      0x2f8 build/default/debug/_ext/282020558/encoderAlternative.o
 .debug_info    0x00004fee       0x9f C:/Program Files/Microchip/MPLABX/v6.05/packs/Microchip/ATtiny_DFP/3.0.151/gcc/dev/attiny1626/avrxmega3\libattiny1626.a(ccp_write.o)

.debug_abbrev   0x00000000     0x25a1
 *(.debug_abbrev)
 .debug_abbrev  0x00000000     0x1a20 C:/Program Files/Microchip/MPLABX/v6.05/packs/Microchip/ATtiny_DFP/3.0.151/gcc/dev/attiny1626/avrxmega3/crtattiny1626.o
 .debug_abbrev  0x00001a20      0x1a9 build/default/debug/src/adc.o
 .debug_abbrev  0x00001bc9      0x163 build/default/debug/src/button.o
 .debug_abbrev  0x00001d2c      0x255 build/default/debug/src/ledandcolor.o
 .debug_abbrev  0x00001f81      0x100 build/default/debug/src/timer.o
 .debug_abbrev  0x00002081      0x145 build/default/debug/_ext/282020558/i2cAlternative.o
 .debug_abbrev  0x000021c6      0x235 build/default/debug/main.o
 .debug_abbrev  0x000023fb       0x5e build/default/debug/_ext/282020558/debug.o
 .debug_abbrev  0x00002459      0x134 build/default/debug/_ext/282020558/encoderAlternative.o
 .debug_abbrev  0x0000258d       0x14 C:/Program Files/Microchip/MPLABX/v6.05/packs/Microchip/ATtiny_DFP/3.0.151/gcc/dev/attiny1626/avrxmega3\libattiny1626.a(ccp_write.o)

.debug_line     0x00000000     0x161d
 *(.debug_line .debug_line.* .debug_line_end)
 .debug_line    0x00000000      0x14b C:/Program Files/Microchip/MPLABX/v6.05/packs/Microchip/ATtiny_DFP/3.0.151/gcc/dev/attiny1626/avrxmega3/crtattiny1626.o
 .debug_line    0x0000014b      0x2d1 build/default/debug/src/adc.o
 .debug_line    0x0000041c      0x28d build/default/debug/src/button.o
 .debug_line    0x000006a9      0x35e build/default/debug/src/ledandcolor.o
 .debug_line    0x00000a07      0x134 build/default/debug/src/timer.o
 .debug_line    0x00000b3b      0x2ed build/default/debug/_ext/282020558/i2cAlternative.o
 .debug_line    0x00000e28      0x41e build/default/debug/main.o
 .debug_line    0x00001246      0x129 build/default/debug/_ext/282020558/debug.o
 .debug_line    0x0000136f      0x247 build/default/debug/_ext/282020558/encoderAlternative.o
 .debug_line    0x000015b6       0x67 C:/Program Files/Microchip/MPLABX/v6.05/packs/Microchip/ATtiny_DFP/3.0.151/gcc/dev/attiny1626/avrxmega3\libattiny1626.a(ccp_write.o)

.debug_frame    0x00000000      0x450
 *(.debug_frame)
 .debug_frame   0x00000000       0xb0 build/default/debug/src/adc.o
 .debug_frame   0x000000b0       0x44 build/default/debug/src/button.o
 .debug_frame   0x000000f4       0x9c build/default/debug/src/ledandcolor.o
 .debug_frame   0x00000190       0x34 build/default/debug/src/timer.o
 .debug_frame   0x000001c4       0x8c build/default/debug/_ext/282020558/i2cAlternative.o
 .debug_frame   0x00000250      0x178 build/default/debug/main.o
 .debug_frame   0x000003c8       0x34 build/default/debug/_ext/282020558/debug.o
 .debug_frame   0x000003fc       0x54 build/default/debug/_ext/282020558/encoderAlternative.o

.debug_str      0x00000000     0x1cb2
 *(.debug_str)
 .debug_str     0x00000000      0xbdd C:/Program Files/Microchip/MPLABX/v6.05/packs/Microchip/ATtiny_DFP/3.0.151/gcc/dev/attiny1626/avrxmega3/crtattiny1626.o
 .debug_str     0x00000bdd      0x674 build/default/debug/src/adc.o
                                0x6c2 (size before relaxing)
 .debug_str     0x00001251      0x12f build/default/debug/src/button.o
                                0x2d9 (size before relaxing)
 .debug_str     0x00001380      0x173 build/default/debug/src/ledandcolor.o
                                0x3c1 (size before relaxing)
 .debug_str     0x000014f3      0x305 build/default/debug/src/timer.o
                                0x508 (size before relaxing)
 .debug_str     0x000017f8      0x22b build/default/debug/_ext/282020558/i2cAlternative.o
                                0x396 (size before relaxing)
 .debug_str     0x00001a23      0x1b1 build/default/debug/main.o
                                0x7c9 (size before relaxing)
 .debug_str     0x00001bd4       0x60 build/default/debug/_ext/282020558/debug.o
                                0x19a (size before relaxing)
 .debug_str     0x00001c34       0x7e build/default/debug/_ext/282020558/encoderAlternative.o
                                0x291 (size before relaxing)

.debug_loc      0x00000000      0xacb
 *(.debug_loc)
 .debug_loc     0x00000000      0x2e4 build/default/debug/src/adc.o
 .debug_loc     0x000002e4       0x8a build/default/debug/src/button.o
 .debug_loc     0x0000036e      0x135 build/default/debug/src/ledandcolor.o
 .debug_loc     0x000004a3      0x21c build/default/debug/_ext/282020558/i2cAlternative.o
 .debug_loc     0x000006bf      0x3ac build/default/debug/main.o
 .debug_loc     0x00000a6b       0x60 build/default/debug/_ext/282020558/encoderAlternative.o

.debug_macinfo
 *(.debug_macinfo)

.debug_weaknames
 *(.debug_weaknames)

.debug_funcnames
 *(.debug_funcnames)

.debug_typenames
 *(.debug_typenames)

.debug_varnames
 *(.debug_varnames)

.debug_pubtypes
 *(.debug_pubtypes)

.debug_ranges   0x00000000      0x178
 *(.debug_ranges)
 .debug_ranges  0x00000000       0x50 build/default/debug/src/adc.o
 .debug_ranges  0x00000050       0x20 build/default/debug/src/button.o
 .debug_ranges  0x00000070       0x40 build/default/debug/src/ledandcolor.o
 .debug_ranges  0x000000b0       0x18 build/default/debug/src/timer.o
 .debug_ranges  0x000000c8       0x20 build/default/debug/_ext/282020558/i2cAlternative.o
 .debug_ranges  0x000000e8       0x50 build/default/debug/main.o
 .debug_ranges  0x00000138       0x18 build/default/debug/_ext/282020558/debug.o
 .debug_ranges  0x00000150       0x28 build/default/debug/_ext/282020558/encoderAlternative.o

.debug_macro
 *(.debug_macro)
OUTPUT(dist/default/debug/mocFullTest.X.debug.elf elf32-avr)
LOAD linker stubs
