Archive member included to satisfy reference by file (symbol)

c:/program files/microchip/xc8/v2.36/avr/bin/../lib/gcc/avr/5.4.0/avrxmega3\libgcc.a(_udivmodqi4.o)
                              build/xc8/production/src/ledandcolor.o (__udivmodqi4)
c:/program files/microchip/xc8/v2.36/avr/bin/../lib/gcc/avr/5.4.0/avrxmega3\libgcc.a(_tablejump2.o)
                              build/xc8/production/src/i2c.o (__tablejump2__)
c:/program files/microchip/xc8/v2.36/avr/bin/../lib/gcc/avr/5.4.0/avrxmega3\libgcc.a(_copy_data.o)
                              build/xc8/production/src/i2c.o (__do_copy_data)
c:/program files/microchip/xc8/v2.36/avr/bin/../lib/gcc/avr/5.4.0/../../../../avr/lib/avrxmega3\libc.a(exit.o)
                              C:/Program Files/Microchip/MPLABX/v6.05/packs/Microchip/ATtiny_DFP/3.0.151/xc8/avr/lib/avrxmega3/crtattiny1626.o (exit)
c:/program files/microchip/xc8/v2.36/avr/bin/../lib/gcc/avr/5.4.0/../../../../avr/lib/avrxmega3\libc.a(qsort.o)
                              build/xc8/production/src/ledandcolor.o (qsort)
c:/program files/microchip/xc8/v2.36/avr/bin/../lib/gcc/avr/5.4.0/../../../../avr/lib/avrxmega3\libc.a(memcpy.o)
                              c:/program files/microchip/xc8/v2.36/avr/bin/../lib/gcc/avr/5.4.0/../../../../avr/lib/avrxmega3\libc.a(qsort.o) (memcpy)
c:/program files/microchip/xc8/v2.36/avr/bin/../lib/gcc/avr/5.4.0/../../../../avr/lib/avrxmega3\libc.a(_Exit.o)
                              c:/program files/microchip/xc8/v2.36/avr/bin/../lib/gcc/avr/5.4.0/../../../../avr/lib/avrxmega3\libc.a(exit.o) (_Exit)
C:/Program Files/Microchip/MPLABX/v6.05/packs/Microchip/ATtiny_DFP/3.0.151/xc8/avr/lib/avrxmega3\libattiny1626.a(ccp_write.o)
                              build/xc8/production/main.o (ccp_write_io)
c:/program files/microchip/xc8/v2.36/avr/bin/../lib/gcc/avr/5.4.0/avrxmega3\libgcc.a(_mulsi3.o)
                              c:/program files/microchip/xc8/v2.36/avr/bin/../lib/gcc/avr/5.4.0/../../../../avr/lib/avrxmega3\libc.a(qsort.o) (__mulsi3)
c:/program files/microchip/xc8/v2.36/avr/bin/../lib/gcc/avr/5.4.0/avrxmega3\libgcc.a(_exit.o)
                              c:/program files/microchip/xc8/v2.36/avr/bin/../lib/gcc/avr/5.4.0/../../../../avr/lib/avrxmega3\libc.a(_Exit.o) (_exit)
c:/program files/microchip/xc8/v2.36/avr/bin/../lib/gcc/avr/5.4.0/avrxmega3\libgcc.a(_muluhisi3.o)
                              c:/program files/microchip/xc8/v2.36/avr/bin/../lib/gcc/avr/5.4.0/avrxmega3\libgcc.a(_mulsi3.o) (__muluhisi3)
c:/program files/microchip/xc8/v2.36/avr/bin/../lib/gcc/avr/5.4.0/avrxmega3\libgcc.a(_prologue.o)
                              c:/program files/microchip/xc8/v2.36/avr/bin/../lib/gcc/avr/5.4.0/../../../../avr/lib/avrxmega3\libc.a(qsort.o) (__prologue_saves__)
c:/program files/microchip/xc8/v2.36/avr/bin/../lib/gcc/avr/5.4.0/avrxmega3\libgcc.a(_epilogue.o)
                              c:/program files/microchip/xc8/v2.36/avr/bin/../lib/gcc/avr/5.4.0/../../../../avr/lib/avrxmega3\libc.a(qsort.o) (__epilogue_restores__)
c:/program files/microchip/xc8/v2.36/avr/bin/../lib/gcc/avr/5.4.0/avrxmega3\libgcc.a(_umulhisi3.o)
                              c:/program files/microchip/xc8/v2.36/avr/bin/../lib/gcc/avr/5.4.0/avrxmega3\libgcc.a(_muluhisi3.o) (__umulhisi3)

Discarded input sections

 .data          0x0000000000000000        0x0 C:/Program Files/Microchip/MPLABX/v6.05/packs/Microchip/ATtiny_DFP/3.0.151/xc8/avr/lib/avrxmega3/crtattiny1626.o
 .bss           0x0000000000000000        0x0 C:/Program Files/Microchip/MPLABX/v6.05/packs/Microchip/ATtiny_DFP/3.0.151/xc8/avr/lib/avrxmega3/crtattiny1626.o
 .text          0x0000000000000000        0x0 build/xc8/production/src/adc.o
 .data          0x0000000000000000        0x0 build/xc8/production/src/adc.o
 .bss           0x0000000000000000        0x0 build/xc8/production/src/adc.o
 .text.adc_start
                0x0000000000000000       0x26 build/xc8/production/src/adc.o
 .text.adc_getValue
                0x0000000000000000       0x12 build/xc8/production/src/adc.o
 .text.adc_setValue
                0x0000000000000000       0x14 build/xc8/production/src/adc.o
 .text.adc_filterValues
                0x0000000000000000       0x1c build/xc8/production/src/adc.o
 .text.adc_updateHysteresis
                0x0000000000000000       0x6a build/xc8/production/src/adc.o
 .text.adc_filter
                0x0000000000000000       0x5a build/xc8/production/src/adc.o
 .text.adc_increaseBitDepth
                0x0000000000000000       0x62 build/xc8/production/src/adc.o
 .text.adc_init
                0x0000000000000000       0x28 build/xc8/production/src/adc.o
 .bss.adcNumG   0x0000000000000000        0x1 build/xc8/production/src/adc.o
 .bss.filtered  0x0000000000000000        0x8 build/xc8/production/src/adc.o
 .bss.adcValues
                0x0000000000000000        0x4 build/xc8/production/src/adc.o
 .bss.adcValuesNew
                0x0000000000000000        0x4 build/xc8/production/src/adc.o
 .debug_info    0x0000000000000000      0xd10 build/xc8/production/src/adc.o
 .debug_abbrev  0x0000000000000000      0x213 build/xc8/production/src/adc.o
 .debug_loc     0x0000000000000000      0x2ed build/xc8/production/src/adc.o
 .debug_aranges
                0x0000000000000000       0x58 build/xc8/production/src/adc.o
 .debug_ranges  0x0000000000000000       0x48 build/xc8/production/src/adc.o
 .debug_line    0x0000000000000000      0x2c3 build/xc8/production/src/adc.o
 .debug_str     0x0000000000000000        0x7 build/xc8/production/src/adc.o
 .comment       0x0000000000000000       0x30 build/xc8/production/src/adc.o
 .debug_frame   0x0000000000000000       0xac build/xc8/production/src/adc.o
 .text          0x0000000000000000        0x0 build/xc8/production/src/button.o
 .data          0x0000000000000000        0x0 build/xc8/production/src/button.o
 .bss           0x0000000000000000        0x0 build/xc8/production/src/button.o
 .text.but_getStates
                0x0000000000000000        0x6 build/xc8/production/src/button.o
 .text.but_updateStates
                0x0000000000000000      0x140 build/xc8/production/src/button.o
 .text.but_init
                0x0000000000000000       0x5c build/xc8/production/src/button.o
 .bss.buttonStates
                0x0000000000000000        0x1 build/xc8/production/src/button.o
 .bss.buttonStatesNew
                0x0000000000000000        0x1 build/xc8/production/src/button.o
 .bss.butFilterCnt
                0x0000000000000000        0x1 build/xc8/production/src/button.o
 .bss.buttons   0x0000000000000000        0x4 build/xc8/production/src/button.o
 .debug_info    0x0000000000000000      0x5f2 build/xc8/production/src/button.o
 .debug_abbrev  0x0000000000000000      0x149 build/xc8/production/src/button.o
 .debug_loc     0x0000000000000000       0x8a build/xc8/production/src/button.o
 .debug_aranges
                0x0000000000000000       0x30 build/xc8/production/src/button.o
 .debug_ranges  0x0000000000000000       0x20 build/xc8/production/src/button.o
 .debug_line    0x0000000000000000      0x278 build/xc8/production/src/button.o
 .debug_str     0x0000000000000000        0x0 build/xc8/production/src/button.o
 .comment       0x0000000000000000       0x30 build/xc8/production/src/button.o
 .debug_frame   0x0000000000000000       0x44 build/xc8/production/src/button.o
 .text          0x0000000000000000        0x0 build/xc8/production/src/encoder.o
 .data          0x0000000000000000        0x0 build/xc8/production/src/encoder.o
 .bss           0x0000000000000000        0x0 build/xc8/production/src/encoder.o
 .text.enc_getValue
                0x0000000000000000       0x56 build/xc8/production/src/encoder.o
 .text.enc_start
                0x0000000000000000       0x74 build/xc8/production/src/encoder.o
 .text.enc_init
                0x0000000000000000       0x4c build/xc8/production/src/encoder.o
 .bss.last      0x0000000000000000        0x1 build/xc8/production/src/encoder.o
 .bss.enc_val   0x0000000000000000        0x2 build/xc8/production/src/encoder.o
 .bss.enc_valNew
                0x0000000000000000        0x2 build/xc8/production/src/encoder.o
 .bss.enc_delta
                0x0000000000000000        0x1 build/xc8/production/src/encoder.o
 .debug_info    0x0000000000000000      0x570 build/xc8/production/src/encoder.o
 .debug_abbrev  0x0000000000000000       0xd3 build/xc8/production/src/encoder.o
 .debug_loc     0x0000000000000000       0xe0 build/xc8/production/src/encoder.o
 .debug_aranges
                0x0000000000000000       0x30 build/xc8/production/src/encoder.o
 .debug_ranges  0x0000000000000000       0x20 build/xc8/production/src/encoder.o
 .debug_line    0x0000000000000000      0x1e8 build/xc8/production/src/encoder.o
 .debug_str     0x0000000000000000        0x0 build/xc8/production/src/encoder.o
 .comment       0x0000000000000000       0x30 build/xc8/production/src/encoder.o
 .debug_frame   0x0000000000000000       0x44 build/xc8/production/src/encoder.o
 .text          0x0000000000000000        0x0 build/xc8/production/src/i2c.o
 .data          0x0000000000000000        0x0 build/xc8/production/src/i2c.o
 .bss           0x0000000000000000        0x0 build/xc8/production/src/i2c.o
 .text.i2c_set_message
                0x0000000000000000       0xfa build/xc8/production/src/i2c.o
 .progmem.gcc_sw_table.i2c_set_message
                0x0000000000000000       0x9c build/xc8/production/src/i2c.o
 .text.i2c_get_response
                0x0000000000000000       0x8e build/xc8/production/src/i2c.o
 .text.i2c_get_order
                0x0000000000000000       0x3e build/xc8/production/src/i2c.o
 .bss.i_txBuffer
                0x0000000000000000        0x1 build/xc8/production/src/i2c.o
 .bss.n_rxBuffer
                0x0000000000000000        0x1 build/xc8/production/src/i2c.o
 .bss.rxBuffer  0x0000000000000000        0x3 build/xc8/production/src/i2c.o
 .bss.n_orders  0x0000000000000000        0x1 build/xc8/production/src/i2c.o
 .data.s_orderBuffer
                0x0000000000000000        0x1 build/xc8/production/src/i2c.o
 .bss.state     0x0000000000000000        0x1 build/xc8/production/src/i2c.o
 .text          0x0000000000000000        0x0 build/xc8/production/src/init.o
 .data          0x0000000000000000        0x0 build/xc8/production/src/init.o
 .bss           0x0000000000000000        0x0 build/xc8/production/src/init.o
 .debug_info    0x0000000000000000      0x273 build/xc8/production/src/init.o
 .debug_abbrev  0x0000000000000000       0x1b build/xc8/production/src/init.o
 .debug_aranges
                0x0000000000000000       0x18 build/xc8/production/src/init.o
 .debug_line    0x0000000000000000       0x1a build/xc8/production/src/init.o
 .debug_str     0x0000000000000000        0x0 build/xc8/production/src/init.o
 .comment       0x0000000000000000       0x30 build/xc8/production/src/init.o
 .text          0x0000000000000000        0x0 build/xc8/production/src/ledandcolor.o
 .data          0x0000000000000000        0x0 build/xc8/production/src/ledandcolor.o
 .bss           0x0000000000000000        0x0 build/xc8/production/src/ledandcolor.o
 .text.led_getNextEvent
                0x0000000000000000       0x2c build/xc8/production/src/ledandcolor.o
 .text          0x0000000000000000        0x0 build/xc8/production/src/timer.o
 .data          0x0000000000000000        0x0 build/xc8/production/src/timer.o
 .bss           0x0000000000000000        0x0 build/xc8/production/src/timer.o
 .text          0x0000000000000000        0x0 build/xc8/production/_ext/282020558/i2cAlternative.o
 .data          0x0000000000000000        0x0 build/xc8/production/_ext/282020558/i2cAlternative.o
 .bss           0x0000000000000000        0x0 build/xc8/production/_ext/282020558/i2cAlternative.o
 .text.I2C_init
                0x0000000000000000        0xe build/xc8/production/_ext/282020558/i2cAlternative.o
 .text.reset_states
                0x0000000000000000        0xe build/xc8/production/_ext/282020558/i2cAlternative.o
 .bss.I2C_REG   0x0000000000000000       0x10 build/xc8/production/_ext/282020558/i2cAlternative.o
 .text          0x0000000000000000        0x0 build/xc8/production/main.o
 .data          0x0000000000000000        0x0 build/xc8/production/main.o
 .bss           0x0000000000000000        0x0 build/xc8/production/main.o
 .text.sendLedAndIncrement
                0x0000000000000000       0x22 build/xc8/production/main.o
 .bss.testCnt   0x0000000000000000        0x1 build/xc8/production/main.o
 .bss.test      0x0000000000000000        0x2 build/xc8/production/main.o
 .bss.secondsCounter
                0x0000000000000000        0x2 build/xc8/production/main.o
 .bss.counterNew
                0x0000000000000000        0x1 build/xc8/production/main.o
 .bss.counter   0x0000000000000000        0x1 build/xc8/production/main.o
 .rodata.STATES
                0x0000000000000000        0x4 build/xc8/production/main.o
 .bss.ledStates
                0x0000000000000000        0x4 build/xc8/production/main.o
 .bss.butStates
                0x0000000000000000        0x1 build/xc8/production/main.o
 .text          0x0000000000000000        0x0 build/xc8/production/_ext/282020558/debug.o
 .data          0x0000000000000000        0x0 build/xc8/production/_ext/282020558/debug.o
 .bss           0x0000000000000000        0x0 build/xc8/production/_ext/282020558/debug.o
 .text          0x0000000000000000        0x0 c:/program files/microchip/xc8/v2.36/avr/bin/../lib/gcc/avr/5.4.0/avrxmega3\libgcc.a(_udivmodqi4.o)
 .data          0x0000000000000000        0x0 c:/program files/microchip/xc8/v2.36/avr/bin/../lib/gcc/avr/5.4.0/avrxmega3\libgcc.a(_udivmodqi4.o)
 .bss           0x0000000000000000        0x0 c:/program files/microchip/xc8/v2.36/avr/bin/../lib/gcc/avr/5.4.0/avrxmega3\libgcc.a(_udivmodqi4.o)
 .text.libgcc.mul
                0x0000000000000000        0x0 c:/program files/microchip/xc8/v2.36/avr/bin/../lib/gcc/avr/5.4.0/avrxmega3\libgcc.a(_udivmodqi4.o)
 .text.libgcc.div
                0x0000000000000000       0x18 c:/program files/microchip/xc8/v2.36/avr/bin/../lib/gcc/avr/5.4.0/avrxmega3\libgcc.a(_udivmodqi4.o)
 .stack.descriptors.hdr
                0x0000000000000000        0xe c:/program files/microchip/xc8/v2.36/avr/bin/../lib/gcc/avr/5.4.0/avrxmega3\libgcc.a(_udivmodqi4.o)
 .stack.descriptors
                0x0000000000000000       0x1a c:/program files/microchip/xc8/v2.36/avr/bin/../lib/gcc/avr/5.4.0/avrxmega3\libgcc.a(_udivmodqi4.o)
 .text.libgcc   0x0000000000000000        0x0 c:/program files/microchip/xc8/v2.36/avr/bin/../lib/gcc/avr/5.4.0/avrxmega3\libgcc.a(_udivmodqi4.o)
 .text.libgcc.prologue
                0x0000000000000000        0x0 c:/program files/microchip/xc8/v2.36/avr/bin/../lib/gcc/avr/5.4.0/avrxmega3\libgcc.a(_udivmodqi4.o)
 .text.libgcc.builtins
                0x0000000000000000        0x0 c:/program files/microchip/xc8/v2.36/avr/bin/../lib/gcc/avr/5.4.0/avrxmega3\libgcc.a(_udivmodqi4.o)
 .text.libgcc.fmul
                0x0000000000000000        0x0 c:/program files/microchip/xc8/v2.36/avr/bin/../lib/gcc/avr/5.4.0/avrxmega3\libgcc.a(_udivmodqi4.o)
 .text.libgcc.fixed
                0x0000000000000000        0x0 c:/program files/microchip/xc8/v2.36/avr/bin/../lib/gcc/avr/5.4.0/avrxmega3\libgcc.a(_udivmodqi4.o)
 .text          0x0000000000000000        0x0 c:/program files/microchip/xc8/v2.36/avr/bin/../lib/gcc/avr/5.4.0/avrxmega3\libgcc.a(_tablejump2.o)
 .data          0x0000000000000000        0x0 c:/program files/microchip/xc8/v2.36/avr/bin/../lib/gcc/avr/5.4.0/avrxmega3\libgcc.a(_tablejump2.o)
 .bss           0x0000000000000000        0x0 c:/program files/microchip/xc8/v2.36/avr/bin/../lib/gcc/avr/5.4.0/avrxmega3\libgcc.a(_tablejump2.o)
 .text.libgcc.mul
                0x0000000000000000        0x0 c:/program files/microchip/xc8/v2.36/avr/bin/../lib/gcc/avr/5.4.0/avrxmega3\libgcc.a(_tablejump2.o)
 .text.libgcc.div
                0x0000000000000000        0x0 c:/program files/microchip/xc8/v2.36/avr/bin/../lib/gcc/avr/5.4.0/avrxmega3\libgcc.a(_tablejump2.o)
 .text.libgcc   0x0000000000000000        0xc c:/program files/microchip/xc8/v2.36/avr/bin/../lib/gcc/avr/5.4.0/avrxmega3\libgcc.a(_tablejump2.o)
 .text.libgcc.prologue
                0x0000000000000000        0x0 c:/program files/microchip/xc8/v2.36/avr/bin/../lib/gcc/avr/5.4.0/avrxmega3\libgcc.a(_tablejump2.o)
 .stack.descriptors.hdr
                0x0000000000000000        0xe c:/program files/microchip/xc8/v2.36/avr/bin/../lib/gcc/avr/5.4.0/avrxmega3\libgcc.a(_tablejump2.o)
 .stack.descriptors
                0x0000000000000000       0x1c c:/program files/microchip/xc8/v2.36/avr/bin/../lib/gcc/avr/5.4.0/avrxmega3\libgcc.a(_tablejump2.o)
 .text.libgcc.builtins
                0x0000000000000000        0x0 c:/program files/microchip/xc8/v2.36/avr/bin/../lib/gcc/avr/5.4.0/avrxmega3\libgcc.a(_tablejump2.o)
 .text.libgcc.fmul
                0x0000000000000000        0x0 c:/program files/microchip/xc8/v2.36/avr/bin/../lib/gcc/avr/5.4.0/avrxmega3\libgcc.a(_tablejump2.o)
 .text.libgcc.fixed
                0x0000000000000000        0x0 c:/program files/microchip/xc8/v2.36/avr/bin/../lib/gcc/avr/5.4.0/avrxmega3\libgcc.a(_tablejump2.o)
 .text          0x0000000000000000        0x0 c:/program files/microchip/xc8/v2.36/avr/bin/../lib/gcc/avr/5.4.0/avrxmega3\libgcc.a(_copy_data.o)
 .data          0x0000000000000000        0x0 c:/program files/microchip/xc8/v2.36/avr/bin/../lib/gcc/avr/5.4.0/avrxmega3\libgcc.a(_copy_data.o)
 .bss           0x0000000000000000        0x0 c:/program files/microchip/xc8/v2.36/avr/bin/../lib/gcc/avr/5.4.0/avrxmega3\libgcc.a(_copy_data.o)
 .text.libgcc.mul
                0x0000000000000000        0x0 c:/program files/microchip/xc8/v2.36/avr/bin/../lib/gcc/avr/5.4.0/avrxmega3\libgcc.a(_copy_data.o)
 .text.libgcc.div
                0x0000000000000000        0x0 c:/program files/microchip/xc8/v2.36/avr/bin/../lib/gcc/avr/5.4.0/avrxmega3\libgcc.a(_copy_data.o)
 .text.libgcc   0x0000000000000000        0x0 c:/program files/microchip/xc8/v2.36/avr/bin/../lib/gcc/avr/5.4.0/avrxmega3\libgcc.a(_copy_data.o)
 .text.libgcc.prologue
                0x0000000000000000        0x0 c:/program files/microchip/xc8/v2.36/avr/bin/../lib/gcc/avr/5.4.0/avrxmega3\libgcc.a(_copy_data.o)
 .text.libgcc.builtins
                0x0000000000000000        0x0 c:/program files/microchip/xc8/v2.36/avr/bin/../lib/gcc/avr/5.4.0/avrxmega3\libgcc.a(_copy_data.o)
 .text.libgcc.fmul
                0x0000000000000000        0x0 c:/program files/microchip/xc8/v2.36/avr/bin/../lib/gcc/avr/5.4.0/avrxmega3\libgcc.a(_copy_data.o)
 .text.libgcc.fixed
                0x0000000000000000        0x0 c:/program files/microchip/xc8/v2.36/avr/bin/../lib/gcc/avr/5.4.0/avrxmega3\libgcc.a(_copy_data.o)
 .text          0x0000000000000000        0x0 c:/program files/microchip/xc8/v2.36/avr/bin/../lib/gcc/avr/5.4.0/../../../../avr/lib/avrxmega3\libc.a(exit.o)
 .data          0x0000000000000000        0x0 c:/program files/microchip/xc8/v2.36/avr/bin/../lib/gcc/avr/5.4.0/../../../../avr/lib/avrxmega3\libc.a(exit.o)
 .bss           0x0000000000000000        0x0 c:/program files/microchip/xc8/v2.36/avr/bin/../lib/gcc/avr/5.4.0/../../../../avr/lib/avrxmega3\libc.a(exit.o)
 .text          0x0000000000000000        0x0 c:/program files/microchip/xc8/v2.36/avr/bin/../lib/gcc/avr/5.4.0/../../../../avr/lib/avrxmega3\libc.a(qsort.o)
 .data          0x0000000000000000        0x0 c:/program files/microchip/xc8/v2.36/avr/bin/../lib/gcc/avr/5.4.0/../../../../avr/lib/avrxmega3\libc.a(qsort.o)
 .bss           0x0000000000000000        0x0 c:/program files/microchip/xc8/v2.36/avr/bin/../lib/gcc/avr/5.4.0/../../../../avr/lib/avrxmega3\libc.a(qsort.o)
 .text          0x0000000000000000        0x0 c:/program files/microchip/xc8/v2.36/avr/bin/../lib/gcc/avr/5.4.0/../../../../avr/lib/avrxmega3\libc.a(memcpy.o)
 .data          0x0000000000000000        0x0 c:/program files/microchip/xc8/v2.36/avr/bin/../lib/gcc/avr/5.4.0/../../../../avr/lib/avrxmega3\libc.a(memcpy.o)
 .bss           0x0000000000000000        0x0 c:/program files/microchip/xc8/v2.36/avr/bin/../lib/gcc/avr/5.4.0/../../../../avr/lib/avrxmega3\libc.a(memcpy.o)
 .text          0x0000000000000000        0x0 c:/program files/microchip/xc8/v2.36/avr/bin/../lib/gcc/avr/5.4.0/../../../../avr/lib/avrxmega3\libc.a(_Exit.o)
 .data          0x0000000000000000        0x0 c:/program files/microchip/xc8/v2.36/avr/bin/../lib/gcc/avr/5.4.0/../../../../avr/lib/avrxmega3\libc.a(_Exit.o)
 .bss           0x0000000000000000        0x0 c:/program files/microchip/xc8/v2.36/avr/bin/../lib/gcc/avr/5.4.0/../../../../avr/lib/avrxmega3\libc.a(_Exit.o)
 .text          0x0000000000000000        0x0 C:/Program Files/Microchip/MPLABX/v6.05/packs/Microchip/ATtiny_DFP/3.0.151/xc8/avr/lib/avrxmega3\libattiny1626.a(ccp_write.o)
 .data          0x0000000000000000        0x0 C:/Program Files/Microchip/MPLABX/v6.05/packs/Microchip/ATtiny_DFP/3.0.151/xc8/avr/lib/avrxmega3\libattiny1626.a(ccp_write.o)
 .bss           0x0000000000000000        0x0 C:/Program Files/Microchip/MPLABX/v6.05/packs/Microchip/ATtiny_DFP/3.0.151/xc8/avr/lib/avrxmega3\libattiny1626.a(ccp_write.o)
 .stack.descriptors
                0x0000000000000000       0x1a C:/Program Files/Microchip/MPLABX/v6.05/packs/Microchip/ATtiny_DFP/3.0.151/xc8/avr/lib/avrxmega3\libattiny1626.a(ccp_write.o)
 .text          0x0000000000000000        0x0 c:/program files/microchip/xc8/v2.36/avr/bin/../lib/gcc/avr/5.4.0/avrxmega3\libgcc.a(_mulsi3.o)
 .data          0x0000000000000000        0x0 c:/program files/microchip/xc8/v2.36/avr/bin/../lib/gcc/avr/5.4.0/avrxmega3\libgcc.a(_mulsi3.o)
 .bss           0x0000000000000000        0x0 c:/program files/microchip/xc8/v2.36/avr/bin/../lib/gcc/avr/5.4.0/avrxmega3\libgcc.a(_mulsi3.o)
 .stack.descriptors
                0x0000000000000000       0x16 c:/program files/microchip/xc8/v2.36/avr/bin/../lib/gcc/avr/5.4.0/avrxmega3\libgcc.a(_mulsi3.o)
 .text.libgcc.div
                0x0000000000000000        0x0 c:/program files/microchip/xc8/v2.36/avr/bin/../lib/gcc/avr/5.4.0/avrxmega3\libgcc.a(_mulsi3.o)
 .text.libgcc   0x0000000000000000        0x0 c:/program files/microchip/xc8/v2.36/avr/bin/../lib/gcc/avr/5.4.0/avrxmega3\libgcc.a(_mulsi3.o)
 .text.libgcc.prologue
                0x0000000000000000        0x0 c:/program files/microchip/xc8/v2.36/avr/bin/../lib/gcc/avr/5.4.0/avrxmega3\libgcc.a(_mulsi3.o)
 .text.libgcc.builtins
                0x0000000000000000        0x0 c:/program files/microchip/xc8/v2.36/avr/bin/../lib/gcc/avr/5.4.0/avrxmega3\libgcc.a(_mulsi3.o)
 .text.libgcc.fmul
                0x0000000000000000        0x0 c:/program files/microchip/xc8/v2.36/avr/bin/../lib/gcc/avr/5.4.0/avrxmega3\libgcc.a(_mulsi3.o)
 .text.libgcc.fixed
                0x0000000000000000        0x0 c:/program files/microchip/xc8/v2.36/avr/bin/../lib/gcc/avr/5.4.0/avrxmega3\libgcc.a(_mulsi3.o)
 .text          0x0000000000000000        0x0 c:/program files/microchip/xc8/v2.36/avr/bin/../lib/gcc/avr/5.4.0/avrxmega3\libgcc.a(_exit.o)
 .data          0x0000000000000000        0x0 c:/program files/microchip/xc8/v2.36/avr/bin/../lib/gcc/avr/5.4.0/avrxmega3\libgcc.a(_exit.o)
 .bss           0x0000000000000000        0x0 c:/program files/microchip/xc8/v2.36/avr/bin/../lib/gcc/avr/5.4.0/avrxmega3\libgcc.a(_exit.o)
 .text.libgcc.mul
                0x0000000000000000        0x0 c:/program files/microchip/xc8/v2.36/avr/bin/../lib/gcc/avr/5.4.0/avrxmega3\libgcc.a(_exit.o)
 .text.libgcc.div
                0x0000000000000000        0x0 c:/program files/microchip/xc8/v2.36/avr/bin/../lib/gcc/avr/5.4.0/avrxmega3\libgcc.a(_exit.o)
 .text.libgcc   0x0000000000000000        0x0 c:/program files/microchip/xc8/v2.36/avr/bin/../lib/gcc/avr/5.4.0/avrxmega3\libgcc.a(_exit.o)
 .text.libgcc.prologue
                0x0000000000000000        0x0 c:/program files/microchip/xc8/v2.36/avr/bin/../lib/gcc/avr/5.4.0/avrxmega3\libgcc.a(_exit.o)
 .stack.descriptors
                0x0000000000000000       0x13 c:/program files/microchip/xc8/v2.36/avr/bin/../lib/gcc/avr/5.4.0/avrxmega3\libgcc.a(_exit.o)
 .text.libgcc.builtins
                0x0000000000000000        0x0 c:/program files/microchip/xc8/v2.36/avr/bin/../lib/gcc/avr/5.4.0/avrxmega3\libgcc.a(_exit.o)
 .text.libgcc.fmul
                0x0000000000000000        0x0 c:/program files/microchip/xc8/v2.36/avr/bin/../lib/gcc/avr/5.4.0/avrxmega3\libgcc.a(_exit.o)
 .text.libgcc.fixed
                0x0000000000000000        0x0 c:/program files/microchip/xc8/v2.36/avr/bin/../lib/gcc/avr/5.4.0/avrxmega3\libgcc.a(_exit.o)
 .text          0x0000000000000000        0x0 c:/program files/microchip/xc8/v2.36/avr/bin/../lib/gcc/avr/5.4.0/avrxmega3\libgcc.a(_muluhisi3.o)
 .data          0x0000000000000000        0x0 c:/program files/microchip/xc8/v2.36/avr/bin/../lib/gcc/avr/5.4.0/avrxmega3\libgcc.a(_muluhisi3.o)
 .bss           0x0000000000000000        0x0 c:/program files/microchip/xc8/v2.36/avr/bin/../lib/gcc/avr/5.4.0/avrxmega3\libgcc.a(_muluhisi3.o)
 .stack.descriptors
                0x0000000000000000       0x19 c:/program files/microchip/xc8/v2.36/avr/bin/../lib/gcc/avr/5.4.0/avrxmega3\libgcc.a(_muluhisi3.o)
 .text.libgcc.div
                0x0000000000000000        0x0 c:/program files/microchip/xc8/v2.36/avr/bin/../lib/gcc/avr/5.4.0/avrxmega3\libgcc.a(_muluhisi3.o)
 .text.libgcc   0x0000000000000000        0x0 c:/program files/microchip/xc8/v2.36/avr/bin/../lib/gcc/avr/5.4.0/avrxmega3\libgcc.a(_muluhisi3.o)
 .text.libgcc.prologue
                0x0000000000000000        0x0 c:/program files/microchip/xc8/v2.36/avr/bin/../lib/gcc/avr/5.4.0/avrxmega3\libgcc.a(_muluhisi3.o)
 .text.libgcc.builtins
                0x0000000000000000        0x0 c:/program files/microchip/xc8/v2.36/avr/bin/../lib/gcc/avr/5.4.0/avrxmega3\libgcc.a(_muluhisi3.o)
 .text.libgcc.fmul
                0x0000000000000000        0x0 c:/program files/microchip/xc8/v2.36/avr/bin/../lib/gcc/avr/5.4.0/avrxmega3\libgcc.a(_muluhisi3.o)
 .text.libgcc.fixed
                0x0000000000000000        0x0 c:/program files/microchip/xc8/v2.36/avr/bin/../lib/gcc/avr/5.4.0/avrxmega3\libgcc.a(_muluhisi3.o)
 .text          0x0000000000000000        0x0 c:/program files/microchip/xc8/v2.36/avr/bin/../lib/gcc/avr/5.4.0/avrxmega3\libgcc.a(_prologue.o)
 .data          0x0000000000000000        0x0 c:/program files/microchip/xc8/v2.36/avr/bin/../lib/gcc/avr/5.4.0/avrxmega3\libgcc.a(_prologue.o)
 .bss           0x0000000000000000        0x0 c:/program files/microchip/xc8/v2.36/avr/bin/../lib/gcc/avr/5.4.0/avrxmega3\libgcc.a(_prologue.o)
 .text.libgcc.mul
                0x0000000000000000        0x0 c:/program files/microchip/xc8/v2.36/avr/bin/../lib/gcc/avr/5.4.0/avrxmega3\libgcc.a(_prologue.o)
 .text.libgcc.div
                0x0000000000000000        0x0 c:/program files/microchip/xc8/v2.36/avr/bin/../lib/gcc/avr/5.4.0/avrxmega3\libgcc.a(_prologue.o)
 .text.libgcc   0x0000000000000000        0x0 c:/program files/microchip/xc8/v2.36/avr/bin/../lib/gcc/avr/5.4.0/avrxmega3\libgcc.a(_prologue.o)
 .text.libgcc.builtins
                0x0000000000000000        0x0 c:/program files/microchip/xc8/v2.36/avr/bin/../lib/gcc/avr/5.4.0/avrxmega3\libgcc.a(_prologue.o)
 .text.libgcc.fmul
                0x0000000000000000        0x0 c:/program files/microchip/xc8/v2.36/avr/bin/../lib/gcc/avr/5.4.0/avrxmega3\libgcc.a(_prologue.o)
 .text.libgcc.fixed
                0x0000000000000000        0x0 c:/program files/microchip/xc8/v2.36/avr/bin/../lib/gcc/avr/5.4.0/avrxmega3\libgcc.a(_prologue.o)
 .text          0x0000000000000000        0x0 c:/program files/microchip/xc8/v2.36/avr/bin/../lib/gcc/avr/5.4.0/avrxmega3\libgcc.a(_epilogue.o)
 .data          0x0000000000000000        0x0 c:/program files/microchip/xc8/v2.36/avr/bin/../lib/gcc/avr/5.4.0/avrxmega3\libgcc.a(_epilogue.o)
 .bss           0x0000000000000000        0x0 c:/program files/microchip/xc8/v2.36/avr/bin/../lib/gcc/avr/5.4.0/avrxmega3\libgcc.a(_epilogue.o)
 .text.libgcc.mul
                0x0000000000000000        0x0 c:/program files/microchip/xc8/v2.36/avr/bin/../lib/gcc/avr/5.4.0/avrxmega3\libgcc.a(_epilogue.o)
 .text.libgcc.div
                0x0000000000000000        0x0 c:/program files/microchip/xc8/v2.36/avr/bin/../lib/gcc/avr/5.4.0/avrxmega3\libgcc.a(_epilogue.o)
 .text.libgcc   0x0000000000000000        0x0 c:/program files/microchip/xc8/v2.36/avr/bin/../lib/gcc/avr/5.4.0/avrxmega3\libgcc.a(_epilogue.o)
 .text.libgcc.builtins
                0x0000000000000000        0x0 c:/program files/microchip/xc8/v2.36/avr/bin/../lib/gcc/avr/5.4.0/avrxmega3\libgcc.a(_epilogue.o)
 .text.libgcc.fmul
                0x0000000000000000        0x0 c:/program files/microchip/xc8/v2.36/avr/bin/../lib/gcc/avr/5.4.0/avrxmega3\libgcc.a(_epilogue.o)
 .text.libgcc.fixed
                0x0000000000000000        0x0 c:/program files/microchip/xc8/v2.36/avr/bin/../lib/gcc/avr/5.4.0/avrxmega3\libgcc.a(_epilogue.o)
 .text          0x0000000000000000        0x0 c:/program files/microchip/xc8/v2.36/avr/bin/../lib/gcc/avr/5.4.0/avrxmega3\libgcc.a(_umulhisi3.o)
 .data          0x0000000000000000        0x0 c:/program files/microchip/xc8/v2.36/avr/bin/../lib/gcc/avr/5.4.0/avrxmega3\libgcc.a(_umulhisi3.o)
 .bss           0x0000000000000000        0x0 c:/program files/microchip/xc8/v2.36/avr/bin/../lib/gcc/avr/5.4.0/avrxmega3\libgcc.a(_umulhisi3.o)
 .stack.descriptors
                0x0000000000000000       0x19 c:/program files/microchip/xc8/v2.36/avr/bin/../lib/gcc/avr/5.4.0/avrxmega3\libgcc.a(_umulhisi3.o)
 .text.libgcc.div
                0x0000000000000000        0x0 c:/program files/microchip/xc8/v2.36/avr/bin/../lib/gcc/avr/5.4.0/avrxmega3\libgcc.a(_umulhisi3.o)
 .text.libgcc   0x0000000000000000        0x0 c:/program files/microchip/xc8/v2.36/avr/bin/../lib/gcc/avr/5.4.0/avrxmega3\libgcc.a(_umulhisi3.o)
 .text.libgcc.prologue
                0x0000000000000000        0x0 c:/program files/microchip/xc8/v2.36/avr/bin/../lib/gcc/avr/5.4.0/avrxmega3\libgcc.a(_umulhisi3.o)
 .text.libgcc.builtins
                0x0000000000000000        0x0 c:/program files/microchip/xc8/v2.36/avr/bin/../lib/gcc/avr/5.4.0/avrxmega3\libgcc.a(_umulhisi3.o)
 .text.libgcc.fmul
                0x0000000000000000        0x0 c:/program files/microchip/xc8/v2.36/avr/bin/../lib/gcc/avr/5.4.0/avrxmega3\libgcc.a(_umulhisi3.o)
 .text.libgcc.fixed
                0x0000000000000000        0x0 c:/program files/microchip/xc8/v2.36/avr/bin/../lib/gcc/avr/5.4.0/avrxmega3\libgcc.a(_umulhisi3.o)

Memory Configuration

Name             Origin             Length             Attributes
text             0x0000000000000000 0x0000000000004000 xr
data             0x0000000000803800 0x0000000000000800 rw !x
eeprom           0x0000000000810000 0x0000000000000100 rw !x
fuse             0x0000000000820000 0x000000000000000a rw !x
lock             0x0000000000830000 0x0000000000000400 rw !x
signature        0x0000000000840000 0x0000000000000400 rw !x
user_signatures  0x0000000000850000 0x0000000000000400 rw !x
*default*        0x0000000000000000 0xffffffffffffffff

Linker script and memory map

Address of section .data set to 0x803800
                0x0000000000008000                __RODATA_PM_OFFSET__ = 0x8000
LOAD C:/Program Files/Microchip/MPLABX/v6.05/packs/Microchip/ATtiny_DFP/3.0.151/xc8/avr/lib/avrxmega3/crtattiny1626.o
                0x0000000000000001                __MPLAB_BUILD = 0x1
LOAD build/xc8/production/src/adc.o
LOAD build/xc8/production/src/button.o
LOAD build/xc8/production/src/encoder.o
LOAD build/xc8/production/src/i2c.o
LOAD build/xc8/production/src/init.o
LOAD build/xc8/production/src/ledandcolor.o
LOAD build/xc8/production/src/timer.o
LOAD build/xc8/production/_ext/282020558/i2cAlternative.o
LOAD build/xc8/production/main.o
LOAD build/xc8/production/_ext/282020558/debug.o
START GROUP
LOAD c:/program files/microchip/xc8/v2.36/avr/bin/../lib/gcc/avr/5.4.0/../../../../avr/lib/avrxmega3\libm.a
END GROUP
START GROUP
LOAD c:/program files/microchip/xc8/v2.36/avr/bin/../lib/gcc/avr/5.4.0/avrxmega3\libgcc.a
LOAD c:/program files/microchip/xc8/v2.36/avr/bin/../lib/gcc/avr/5.4.0/../../../../avr/lib/avrxmega3\libm.a
LOAD c:/program files/microchip/xc8/v2.36/avr/bin/../lib/gcc/avr/5.4.0/../../../../avr/lib/avrxmega3\libc.a
LOAD C:/Program Files/Microchip/MPLABX/v6.05/packs/Microchip/ATtiny_DFP/3.0.151/xc8/avr/lib/avrxmega3\libattiny1626.a
END GROUP
                [0x0000000000000000]                __TEXT_REGION_ORIGIN__ = DEFINED (__TEXT_REGION_ORIGIN__)?__TEXT_REGION_ORIGIN__:0x0
                [0x0000000000803800]                __DATA_REGION_ORIGIN__ = DEFINED (__DATA_REGION_ORIGIN__)?__DATA_REGION_ORIGIN__:0x802000
                [0x0000000000004000]                __TEXT_REGION_LENGTH__ = DEFINED (__TEXT_REGION_LENGTH__)?__TEXT_REGION_LENGTH__:0x100000
                [0x0000000000000800]                __DATA_REGION_LENGTH__ = DEFINED (__DATA_REGION_LENGTH__)?__DATA_REGION_LENGTH__:0xffa0
                [0x0000000000000100]                __EEPROM_REGION_LENGTH__ = DEFINED (__EEPROM_REGION_LENGTH__)?__EEPROM_REGION_LENGTH__:0x10000
                [0x000000000000000a]                __FUSE_REGION_LENGTH__ = DEFINED (__FUSE_REGION_LENGTH__)?__FUSE_REGION_LENGTH__:0x400
                0x0000000000000400                __LOCK_REGION_LENGTH__ = DEFINED (__LOCK_REGION_LENGTH__)?__LOCK_REGION_LENGTH__:0x400
                0x0000000000000400                __SIGNATURE_REGION_LENGTH__ = DEFINED (__SIGNATURE_REGION_LENGTH__)?__SIGNATURE_REGION_LENGTH__:0x400
                0x0000000000000400                __USER_SIGNATURE_REGION_LENGTH__ = DEFINED (__USER_SIGNATURE_REGION_LENGTH__)?__USER_SIGNATURE_REGION_LENGTH__:0x400
                0x0000000000008000                __RODATA_PM_OFFSET__ = DEFINED (__RODATA_PM_OFFSET__)?__RODATA_PM_OFFSET__:0x8000

.hash
 *(.hash)

.dynsym
 *(.dynsym)

.dynstr
 *(.dynstr)

.gnu.version
 *(.gnu.version)

.gnu.version_d
 *(.gnu.version_d)

.gnu.version_r
 *(.gnu.version_r)

.rel.init
 *(.rel.init)

.rela.init
 *(.rela.init)

.rel.text
 *(.rel.text)
 *(.rel.text.*)
 *(.rel.gnu.linkonce.t*)

.rela.text
 *(.rela.text)
 *(.rela.text.*)
 *(.rela.gnu.linkonce.t*)

.rel.fini
 *(.rel.fini)

.rela.fini
 *(.rela.fini)

.rel.rodata
 *(.rel.rodata)
 *(.rel.rodata.*)
 *(.rel.gnu.linkonce.r*)

.rela.rodata
 *(.rela.rodata)
 *(.rela.rodata.*)
 *(.rela.gnu.linkonce.r*)

.rel.data
 *(.rel.data)
 *(.rel.data.*)
 *(.rel.gnu.linkonce.d*)

.rela.data
 *(.rela.data)
 *(.rela.data.*)
 *(.rela.gnu.linkonce.d*)

.rel.ctors
 *(.rel.ctors)

.rela.ctors
 *(.rela.ctors)

.rel.dtors
 *(.rel.dtors)

.rela.dtors
 *(.rela.dtors)

.rel.got
 *(.rel.got)

.rela.got
 *(.rela.got)

.rel.bss
 *(.rel.bss)

.rela.bss
 *(.rela.bss)

.rel.plt
 *(.rel.plt)

.rela.plt
 *(.rela.plt)

.text           0x0000000000000000       0xde
 *(.vectors)
 .vectors       0x0000000000000000       0x78 C:/Program Files/Microchip/MPLABX/v6.05/packs/Microchip/ATtiny_DFP/3.0.151/xc8/avr/lib/avrxmega3/crtattiny1626.o
                0x0000000000000000                __vector_default
                0x0000000000000000                __vectors
 *(.vectors)
 *(.progmem.gcc*)
 *(.dinit)
 .dinit         0x0000000000000078       0x11 data_init
                0x000000000000008a                . = ALIGN (0x2)
 *fill*         0x0000000000000089        0x1 
                0x000000000000008a                __trampolines_start = .
 *(.trampolines)
 .trampolines   0x000000000000008a        0x0 linker stubs
 *(.trampolines*)
                0x000000000000008a                __trampolines_end = .
 *libprintf_flt.a:*(.progmem.data)
 *libc.a:*(.progmem.data)
                0x000000000000008a                . = ALIGN (0x2)
 *(.jumptables)
 *(.jumptables*)
 *(.lowtext)
 *(.lowtext*)
                0x000000000000008a                __ctors_start = .
 *(.ctors)
                0x000000000000008a                __ctors_end = .
                0x000000000000008a                __dtors_start = .
 *(.dtors)
                0x000000000000008a                __dtors_end = .
 SORT(*)(.ctors)
 SORT(*)(.dtors)
 *(.init0)
 .init0         0x000000000000008a        0x0 C:/Program Files/Microchip/MPLABX/v6.05/packs/Microchip/ATtiny_DFP/3.0.151/xc8/avr/lib/avrxmega3/crtattiny1626.o
                0x000000000000008a                __init
 *(.init0)
 *(.init1)
 *(.init1)
 *(.init2)
 .init2         0x000000000000008a        0xc C:/Program Files/Microchip/MPLABX/v6.05/packs/Microchip/ATtiny_DFP/3.0.151/xc8/avr/lib/avrxmega3/crtattiny1626.o
 *(.init2)
 *(.init3)
 *(.init3)
 *(.init4)
 .init4         0x0000000000000096       0x3c c:/program files/microchip/xc8/v2.36/avr/bin/../lib/gcc/avr/5.4.0/avrxmega3\libgcc.a(_copy_data.o)
                0x0000000000000096                __do_copy_data
                0x00000000000000c4                __do_clear_bss
 *(.init4)
 *(.init5)
 *(.init5)
 *(.init6)
 *(.init6)
 *(.init7)
 *(.init7)
 *(.init8)
 *(.init8)
 *(.init9)
 .init9         0x00000000000000d2        0x8 C:/Program Files/Microchip/MPLABX/v6.05/packs/Microchip/ATtiny_DFP/3.0.151/xc8/avr/lib/avrxmega3/crtattiny1626.o
 *(.init9)
                0x00000000000000da                . = ALIGN (0x2)
 *(.fini9)
 .fini9         0x00000000000000da        0x0 c:/program files/microchip/xc8/v2.36/avr/bin/../lib/gcc/avr/5.4.0/avrxmega3\libgcc.a(_exit.o)
                0x00000000000000da                _exit
 *(.fini9)
 *(.fini8)
 *(.fini8)
 *(.fini7)
 *(.fini7)
 *(.fini6)
 *(.fini6)
 *(.fini5)
 *(.fini5)
 *(.fini4)
 *(.fini4)
 *(.fini3)
 *(.fini3)
 *(.fini2)
 *(.fini2)
 *(.fini1)
 *(.fini1)
 *(.fini0)
 .fini0         0x00000000000000da        0x4 c:/program files/microchip/xc8/v2.36/avr/bin/../lib/gcc/avr/5.4.0/avrxmega3\libgcc.a(_exit.o)
 *(.fini0)
                0x00000000000000de                _etext = .

.data           0x0000000000803800        0x0 load address 0x00000000000000de
                [!provide]                        PROVIDE (__data_start, .)
 *(.gnu.linkonce.d*)
                0x0000000000803800                . = ALIGN (0x2)
                0x0000000000803800                _edata = .
                [!provide]                        PROVIDE (__data_end, .)

.bss            0x0000000000803800        0x0
                [!provide]                        PROVIDE (__bss_start, .)
 *(COMMON)
                [!provide]                        PROVIDE (__bss_end, .)
                0x00000000000000de                __data_load_start = LOADADDR (.data)
                0x00000000000000de                __data_load_end = (__data_load_start + SIZEOF (.data))

.noinit         0x0000000000803800        0x0
                [!provide]                        PROVIDE (__noinit_start, .)
 *(.noinit*)
                [!provide]                        PROVIDE (__noinit_end, .)
                0x0000000000803800                _end = .

.eeprom         0x0000000000810000        0x0
 *(.eeprom*)
                0x0000000000810000                __eeprom_end = .

.fuse
 *(.fuse)
 *(.lfuse)
 *(.hfuse)
 *(.efuse)

.lock
 *(.lock*)

.signature
 *(.signature*)

.user_signatures
 *(.user_signatures*)

.stab
 *(.stab)

.stabstr
 *(.stabstr)

.stab.excl
 *(.stab.excl)

.stab.exclstr
 *(.stab.exclstr)

.stab.index
 *(.stab.index)

.stab.indexstr
 *(.stab.indexstr)

.comment        0x0000000000000000       0x2f
 *(.comment)
 .comment       0x0000000000000000       0x2f build/xc8/production/src/i2c.o
                                         0x30 (size before relaxing)
 .comment       0x000000000000002f       0x30 build/xc8/production/src/ledandcolor.o
 .comment       0x000000000000002f       0x30 build/xc8/production/src/timer.o
 .comment       0x000000000000002f       0x30 build/xc8/production/_ext/282020558/i2cAlternative.o
 .comment       0x000000000000002f       0x30 build/xc8/production/main.o
 .comment       0x000000000000002f       0x30 build/xc8/production/_ext/282020558/debug.o
 .comment       0x000000000000002f       0x30 c:/program files/microchip/xc8/v2.36/avr/bin/../lib/gcc/avr/5.4.0/../../../../avr/lib/avrxmega3\libc.a(exit.o)
 .comment       0x000000000000002f       0x30 c:/program files/microchip/xc8/v2.36/avr/bin/../lib/gcc/avr/5.4.0/../../../../avr/lib/avrxmega3\libc.a(qsort.o)
 .comment       0x000000000000002f       0x30 c:/program files/microchip/xc8/v2.36/avr/bin/../lib/gcc/avr/5.4.0/../../../../avr/lib/avrxmega3\libc.a(memcpy.o)
 .comment       0x000000000000002f       0x30 c:/program files/microchip/xc8/v2.36/avr/bin/../lib/gcc/avr/5.4.0/../../../../avr/lib/avrxmega3\libc.a(_Exit.o)

.note.GNU-stack
                0x0000000000000000        0x0
 .note.GNU-stack
                0x0000000000000000        0x0 c:/program files/microchip/xc8/v2.36/avr/bin/../lib/gcc/avr/5.4.0/../../../../avr/lib/avrxmega3\libc.a(exit.o)
 .note.GNU-stack
                0x0000000000000000        0x0 c:/program files/microchip/xc8/v2.36/avr/bin/../lib/gcc/avr/5.4.0/../../../../avr/lib/avrxmega3\libc.a(qsort.o)
 .note.GNU-stack
                0x0000000000000000        0x0 c:/program files/microchip/xc8/v2.36/avr/bin/../lib/gcc/avr/5.4.0/../../../../avr/lib/avrxmega3\libc.a(memcpy.o)
 .note.GNU-stack
                0x0000000000000000        0x0 c:/program files/microchip/xc8/v2.36/avr/bin/../lib/gcc/avr/5.4.0/../../../../avr/lib/avrxmega3\libc.a(_Exit.o)

.stack.descriptors.hdr
                0x0000000000000000       0x46
 .stack.descriptors.hdr
                0x0000000000000000        0xe C:/Program Files/Microchip/MPLABX/v6.05/packs/Microchip/ATtiny_DFP/3.0.151/xc8/avr/lib/avrxmega3\libattiny1626.a(ccp_write.o)
 .stack.descriptors.hdr
                0x000000000000000e        0xe c:/program files/microchip/xc8/v2.36/avr/bin/../lib/gcc/avr/5.4.0/avrxmega3\libgcc.a(_mulsi3.o)
 .stack.descriptors.hdr
                0x000000000000001c        0xe c:/program files/microchip/xc8/v2.36/avr/bin/../lib/gcc/avr/5.4.0/avrxmega3\libgcc.a(_exit.o)
 .stack.descriptors.hdr
                0x000000000000002a        0xe c:/program files/microchip/xc8/v2.36/avr/bin/../lib/gcc/avr/5.4.0/avrxmega3\libgcc.a(_muluhisi3.o)
 .stack.descriptors.hdr
                0x0000000000000038        0xe c:/program files/microchip/xc8/v2.36/avr/bin/../lib/gcc/avr/5.4.0/avrxmega3\libgcc.a(_umulhisi3.o)

.note.gnu.build-id
 *(.note.gnu.build-id)

.debug
 *(.debug)

.line
 *(.line)

.debug_srcinfo
 *(.debug_srcinfo)

.debug_sfnames
 *(.debug_sfnames)

.debug_aranges  0x0000000000000000      0x178
 *(.debug_aranges)
 .debug_aranges
                0x0000000000000000       0x38 build/xc8/production/src/i2c.o
 .debug_aranges
                0x0000000000000038       0x50 build/xc8/production/src/ledandcolor.o
 .debug_aranges
                0x0000000000000088       0x28 build/xc8/production/src/timer.o
 .debug_aranges
                0x00000000000000b0       0x30 build/xc8/production/_ext/282020558/i2cAlternative.o
 .debug_aranges
                0x00000000000000e0       0x50 build/xc8/production/main.o
 .debug_aranges
                0x0000000000000130       0x28 build/xc8/production/_ext/282020558/debug.o
 .debug_aranges
                0x0000000000000158       0x20 C:/Program Files/Microchip/MPLABX/v6.05/packs/Microchip/ATtiny_DFP/3.0.151/xc8/avr/lib/avrxmega3\libattiny1626.a(ccp_write.o)

.debug_pubnames
 *(.debug_pubnames)

.debug_info     0x0000000000000000     0x5669
 *(.debug_info .gnu.linkonce.wi.*)
 .debug_info    0x0000000000000000     0x1b97 C:/Program Files/Microchip/MPLABX/v6.05/packs/Microchip/ATtiny_DFP/3.0.151/xc8/avr/lib/avrxmega3/crtattiny1626.o
 .debug_info    0x0000000000001b97      0x7a5 build/xc8/production/src/i2c.o
 .debug_info    0x000000000000233c      0xa58 build/xc8/production/src/ledandcolor.o
 .debug_info    0x0000000000002d94      0xc2f build/xc8/production/src/timer.o
 .debug_info    0x00000000000039c3      0x71d build/xc8/production/_ext/282020558/i2cAlternative.o
 .debug_info    0x00000000000040e0     0x11fe build/xc8/production/main.o
 .debug_info    0x00000000000052de      0x2e9 build/xc8/production/_ext/282020558/debug.o
 .debug_info    0x00000000000055c7       0xa2 C:/Program Files/Microchip/MPLABX/v6.05/packs/Microchip/ATtiny_DFP/3.0.151/xc8/avr/lib/avrxmega3\libattiny1626.a(ccp_write.o)

.debug_abbrev   0x0000000000000000     0x21cf
 *(.debug_abbrev)
 .debug_abbrev  0x0000000000000000     0x1a20 C:/Program Files/Microchip/MPLABX/v6.05/packs/Microchip/ATtiny_DFP/3.0.151/xc8/avr/lib/avrxmega3/crtattiny1626.o
 .debug_abbrev  0x0000000000001a20      0x110 build/xc8/production/src/i2c.o
 .debug_abbrev  0x0000000000001b30      0x237 build/xc8/production/src/ledandcolor.o
 .debug_abbrev  0x0000000000001d67       0xf7 build/xc8/production/src/timer.o
 .debug_abbrev  0x0000000000001e5e      0x141 build/xc8/production/_ext/282020558/i2cAlternative.o
 .debug_abbrev  0x0000000000001f9f      0x1c9 build/xc8/production/main.o
 .debug_abbrev  0x0000000000002168       0x53 build/xc8/production/_ext/282020558/debug.o
 .debug_abbrev  0x00000000000021bb       0x14 C:/Program Files/Microchip/MPLABX/v6.05/packs/Microchip/ATtiny_DFP/3.0.151/xc8/avr/lib/avrxmega3\libattiny1626.a(ccp_write.o)

.debug_line     0x0000000000000000     0x105b
 *(.debug_line .debug_line.* .debug_line_end)
 .debug_line    0x0000000000000000      0x14b C:/Program Files/Microchip/MPLABX/v6.05/packs/Microchip/ATtiny_DFP/3.0.151/xc8/avr/lib/avrxmega3/crtattiny1626.o
 .debug_line    0x000000000000014b      0x32d build/xc8/production/src/i2c.o
 .debug_line    0x0000000000000478      0x3ca build/xc8/production/src/ledandcolor.o
 .debug_line    0x0000000000000842      0x122 build/xc8/production/src/timer.o
 .debug_line    0x0000000000000964      0x2c0 build/xc8/production/_ext/282020558/i2cAlternative.o
 .debug_line    0x0000000000000c24      0x2c1 build/xc8/production/main.o
 .debug_line    0x0000000000000ee5      0x10f build/xc8/production/_ext/282020558/debug.o
 .debug_line    0x0000000000000ff4       0x67 C:/Program Files/Microchip/MPLABX/v6.05/packs/Microchip/ATtiny_DFP/3.0.151/xc8/avr/lib/avrxmega3\libattiny1626.a(ccp_write.o)

.debug_frame    0x0000000000000000      0x280
 *(.debug_frame)
 .debug_frame   0x0000000000000000       0x60 build/xc8/production/src/i2c.o
 .debug_frame   0x0000000000000060       0x98 build/xc8/production/src/ledandcolor.o
 .debug_frame   0x00000000000000f8       0x34 build/xc8/production/src/timer.o
 .debug_frame   0x000000000000012c       0x8c build/xc8/production/_ext/282020558/i2cAlternative.o
 .debug_frame   0x00000000000001b8       0x94 build/xc8/production/main.o
 .debug_frame   0x000000000000024c       0x34 build/xc8/production/_ext/282020558/debug.o

.debug_str      0x0000000000000000      0xd57
 *(.debug_str)
 .debug_str     0x0000000000000000      0xbdd C:/Program Files/Microchip/MPLABX/v6.05/packs/Microchip/ATtiny_DFP/3.0.151/xc8/avr/lib/avrxmega3/crtattiny1626.o
 .debug_str     0x0000000000000bdd        0x0 build/xc8/production/src/i2c.o
 .debug_str     0x0000000000000bdd       0x28 build/xc8/production/src/ledandcolor.o
 .debug_str     0x0000000000000c05       0x62 build/xc8/production/src/timer.o
 .debug_str     0x0000000000000c67       0x19 build/xc8/production/_ext/282020558/i2cAlternative.o
 .debug_str     0x0000000000000c80       0xd7 build/xc8/production/main.o
 .debug_str     0x0000000000000d57        0x0 build/xc8/production/_ext/282020558/debug.o

.debug_loc      0x0000000000000000      0x5b8
 *(.debug_loc)
 .debug_loc     0x0000000000000000      0x24f build/xc8/production/src/i2c.o
 .debug_loc     0x000000000000024f      0x163 build/xc8/production/src/ledandcolor.o
 .debug_loc     0x00000000000003b2      0x13b build/xc8/production/_ext/282020558/i2cAlternative.o
 .debug_loc     0x00000000000004ed       0xcb build/xc8/production/main.o

.debug_macinfo
 *(.debug_macinfo)

.debug_weaknames
 *(.debug_weaknames)

.debug_funcnames
 *(.debug_funcnames)

.debug_typenames
 *(.debug_typenames)

.debug_varnames
 *(.debug_varnames)

.debug_pubtypes
 *(.debug_pubtypes)

.debug_ranges   0x0000000000000000      0x140
 *(.debug_ranges)
 .debug_ranges  0x0000000000000000       0x40 build/xc8/production/src/i2c.o
 .debug_ranges  0x0000000000000040       0x40 build/xc8/production/src/ledandcolor.o
 .debug_ranges  0x0000000000000080       0x18 build/xc8/production/src/timer.o
 .debug_ranges  0x0000000000000098       0x50 build/xc8/production/_ext/282020558/i2cAlternative.o
 .debug_ranges  0x00000000000000e8       0x40 build/xc8/production/main.o
 .debug_ranges  0x0000000000000128       0x18 build/xc8/production/_ext/282020558/debug.o

.debug_macro
 *(.debug_macro)
OUTPUT(dist/xc8/production/mocFullTest.X.production.elf elf32-avr)
LOAD linker stubs
LOAD data_init

.note.gnu.avr.deviceinfo
                0x0000000000000000       0x40
 .note.gnu.avr.deviceinfo
                0x0000000000000000       0x40 C:/Program Files/Microchip/MPLABX/v6.05/packs/Microchip/ATtiny_DFP/3.0.151/xc8/avr/lib/avrxmega3/crtattiny1626.o

.bss.orderBuffer
                0x000000000080386f       0x14
 .bss.orderBuffer
                0x000000000080386f       0x14 build/xc8/production/src/i2c.o
                0x000000000080386f                orderBuffer

.bss.led_event_i
                0x000000000080388c        0x1
 .bss.led_event_i
                0x000000000080388c        0x1 build/xc8/production/src/ledandcolor.o
                0x000000000080388c                led_event_i

.bss.led_events
                0x0000000000803800       0x27
 .bss.led_events
                0x0000000000803800       0x27 build/xc8/production/src/ledandcolor.o
                0x0000000000803800                led_events

.bss.isNewLedEventReady
                0x000000000080388e        0x1
 .bss.isNewLedEventReady
                0x000000000080388e        0x1 build/xc8/production/src/ledandcolor.o
                0x000000000080388e                isNewLedEventReady

.bss.leds_t     0x0000000000803827       0x18
 .bss.leds_t    0x0000000000803827       0x18 build/xc8/production/src/ledandcolor.o
                0x0000000000803827                leds_t

.bss.leds       0x000000000080383f       0x18
 .bss.leds      0x000000000080383f       0x18 build/xc8/production/src/ledandcolor.o
                0x000000000080383f                leds

.bss.rgbButtons
                0x0000000000803857       0x18
 .bss.rgbButtons
                0x0000000000803857       0x18 build/xc8/production/src/ledandcolor.o
                0x0000000000803857                rgbButtons

.bss.receive_state
                0x000000000080388f        0x1
 .bss.receive_state
                0x000000000080388f        0x1 build/xc8/production/_ext/282020558/i2cAlternative.o
                0x000000000080388f                receive_state

.bss.I2C_busy   0x0000000000803890        0x1
 .bss.I2C_busy  0x0000000000803890        0x1 build/xc8/production/_ext/282020558/i2cAlternative.o
                0x0000000000803890                I2C_busy

.bss.I2C_REG_changed
                0x0000000000803891        0x1
 .bss.I2C_REG_changed
                0x0000000000803891        0x1 build/xc8/production/_ext/282020558/i2cAlternative.o
                0x0000000000803891                I2C_REG_changed

.bss.led_color_buf
                0x0000000000803892        0x1
 .bss.led_color_buf
                0x0000000000803892        0x1 build/xc8/production/_ext/282020558/i2cAlternative.o
                0x0000000000803892                led_color_buf

.bss.led_buttons
                0x0000000000803883        0x4
 .bss.led_buttons
                0x0000000000803883        0x4 build/xc8/production/_ext/282020558/i2cAlternative.o
                0x0000000000803883                led_buttons

.bss.i2c_read_n
                0x0000000000803893        0x1
 .bss.i2c_read_n
                0x0000000000803893        0x1 build/xc8/production/_ext/282020558/i2cAlternative.o
                0x0000000000803893                i2c_read_n

.bss.i2c_read_i
                0x0000000000803894        0x1
 .bss.i2c_read_i
                0x0000000000803894        0x1 build/xc8/production/_ext/282020558/i2cAlternative.o
                0x0000000000803894                i2c_read_i

.bss.i2c_wrt_i  0x0000000000803895        0x1
 .bss.i2c_wrt_i
                0x0000000000803895        0x1 build/xc8/production/_ext/282020558/i2cAlternative.o
                0x0000000000803895                i2c_wrt_i

.bss.event      0x0000000000803887        0x3
 .bss.event     0x0000000000803887        0x3 build/xc8/production/main.o
                0x0000000000803887                event

.bss.tBCnt      0x000000000080388a        0x2
 .bss.tBCnt     0x000000000080388a        0x2 build/xc8/production/main.o
                0x000000000080388a                tBCnt

.bss.led_cnt2   0x0000000000803896        0x1
 .bss.led_cnt2  0x0000000000803896        0x1 build/xc8/production/main.o
                0x0000000000803896                led_cnt2

.bss.led_cnt1   0x0000000000803897        0x1
 .bss.led_cnt1  0x0000000000803897        0x1 build/xc8/production/main.o
                0x0000000000803897                led_cnt1

.bss.tog_ch2    0x0000000000803898        0x1
 .bss.tog_ch2   0x0000000000803898        0x1 build/xc8/production/_ext/282020558/debug.o
                0x0000000000803898                tog_ch2

.bss.tog_ch1    0x0000000000803899        0x1
 .bss.tog_ch1   0x0000000000803899        0x1 build/xc8/production/_ext/282020558/debug.o
                0x0000000000803899                tog_ch1

.text.qsort     0x00000000000000de      0x22e
 .text.qsort    0x00000000000000de      0x22e c:/program files/microchip/xc8/v2.36/avr/bin/../lib/gcc/avr/5.4.0/../../../../avr/lib/avrxmega3\libc.a(qsort.o)
                0x00000000000000de                qsort

.text.__vector_14
                0x000000000000030c      0x1b6
 .text.__vector_14
                0x000000000000030c      0x1b6 build/xc8/production/_ext/282020558/i2cAlternative.o
                0x000000000000030c                __vector_14

.text.trinkle   0x00000000000004c2      0x14c
 .text.trinkle  0x00000000000004c2      0x14c c:/program files/microchip/xc8/v2.36/avr/bin/../lib/gcc/avr/5.4.0/../../../../avr/lib/avrxmega3\libc.a(qsort.o)

.text.led_updateColorSystem
                0x000000000000060e      0x128
 .text.led_updateColorSystem
                0x000000000000060e      0x128 build/xc8/production/src/ledandcolor.o
                0x000000000000060e                led_updateColorSystem

.text.sift      0x0000000000000736       0xda
 .text.sift     0x0000000000000736       0xda c:/program files/microchip/xc8/v2.36/avr/bin/../lib/gcc/avr/5.4.0/../../../../avr/lib/avrxmega3\libc.a(qsort.o)

.text.led_rgbInit
                0x0000000000000810       0xcc
 .text.led_rgbInit
                0x0000000000000810       0xcc build/xc8/production/src/ledandcolor.o
                0x0000000000000810                led_rgbInit

.text.startup.main
                0x00000000000008dc       0xbe
 .text.startup.main
                0x00000000000008dc       0xbe build/xc8/production/main.o
                0x00000000000008dc                main

.text.pntz      0x000000000000099a       0xba
 .text.pntz     0x000000000000099a       0xba c:/program files/microchip/xc8/v2.36/avr/bin/../lib/gcc/avr/5.4.0/../../../../avr/lib/avrxmega3\libc.a(qsort.o)

.text.cycle     0x0000000000000a54       0x88
 .text.cycle    0x0000000000000a54       0x88 c:/program files/microchip/xc8/v2.36/avr/bin/../lib/gcc/avr/5.4.0/../../../../avr/lib/avrxmega3\libc.a(qsort.o)

.text.led_init  0x0000000000000adc       0x82
 .text.led_init
                0x0000000000000adc       0x82 build/xc8/production/src/ledandcolor.o
                0x0000000000000adc                led_init

.text.shl       0x0000000000000b5e       0x58
 .text.shl      0x0000000000000b5e       0x58 c:/program files/microchip/xc8/v2.36/avr/bin/../lib/gcc/avr/5.4.0/../../../../avr/lib/avrxmega3\libc.a(qsort.o)

.text.shr       0x0000000000000bb6       0x58
 .text.shr      0x0000000000000bb6       0x58 c:/program files/microchip/xc8/v2.36/avr/bin/../lib/gcc/avr/5.4.0/../../../../avr/lib/avrxmega3\libc.a(qsort.o)

.text.__vector_8
                0x0000000000000c0e       0x3a
 .text.__vector_8
                0x0000000000000c0e       0x3a build/xc8/production/main.o
                0x0000000000000c0e                __vector_8

.text.__vector_13
                0x0000000000000c48       0x36
 .text.__vector_13
                0x0000000000000c48       0x36 build/xc8/production/main.o
                0x0000000000000c48                __vector_13

.text.__vector_16
                0x0000000000000c7e       0x34
 .text.__vector_16
                0x0000000000000c7e       0x34 build/xc8/production/main.o
                0x0000000000000c7e                __vector_16

.text.libgcc.prologue
                0x0000000000000cb2       0x32
 .text.libgcc.prologue
                0x0000000000000cb2       0x32 c:/program files/microchip/xc8/v2.36/avr/bin/../lib/gcc/avr/5.4.0/avrxmega3\libgcc.a(_prologue.o)
                0x0000000000000cb2                __prologue_saves__

.text.led_updateRGB
                0x0000000000000ce4       0x30
 .text.led_updateRGB
                0x0000000000000ce4       0x30 build/xc8/production/src/ledandcolor.o
                0x0000000000000ce4                led_updateRGB

.text.libgcc.prologue
                0x0000000000000d14       0x30
 .text.libgcc.prologue
                0x0000000000000d14       0x30 c:/program files/microchip/xc8/v2.36/avr/bin/../lib/gcc/avr/5.4.0/avrxmega3\libgcc.a(_epilogue.o)
                0x0000000000000d14                __epilogue_restores__

.text.toggleCh1
                0x0000000000000d44       0x2a
 .text.toggleCh1
                0x0000000000000d44       0x2a build/xc8/production/_ext/282020558/debug.o
                0x0000000000000d44                toggleCh1

.text.toggleCh2
                0x0000000000000d6e       0x2a
 .text.toggleCh2
                0x0000000000000d6e       0x2a build/xc8/production/_ext/282020558/debug.o
                0x0000000000000d6e                toggleCh2

.text.led_Compare
                0x0000000000000d98       0x28
 .text.led_Compare
                0x0000000000000d98       0x28 build/xc8/production/src/ledandcolor.o
                0x0000000000000d98                led_Compare

.text.i2c_init  0x0000000000000dc0       0x24
 .text.i2c_init
                0x0000000000000dc0       0x24 build/xc8/production/src/i2c.o
                0x0000000000000dc0                i2c_init

.rodata.debruijn32.1434
                0x0000000000808de4       0x20 load address 0x0000000000000de4
 .rodata.debruijn32.1434
                0x0000000000808de4       0x20 c:/program files/microchip/xc8/v2.36/avr/bin/../lib/gcc/avr/5.4.0/../../../../avr/lib/avrxmega3\libc.a(qsort.o)

.text.libgcc.mul
                0x0000000000000e04       0x20
 .text.libgcc.mul
                0x0000000000000e04       0x20 c:/program files/microchip/xc8/v2.36/avr/bin/../lib/gcc/avr/5.4.0/avrxmega3\libgcc.a(_mulsi3.o)
                0x0000000000000e04                __mulsi3

.text.libgcc.mul
                0x0000000000000e24       0x1e
 .text.libgcc.mul
                0x0000000000000e24       0x1e c:/program files/microchip/xc8/v2.36/avr/bin/../lib/gcc/avr/5.4.0/avrxmega3\libgcc.a(_umulhisi3.o)
                0x0000000000000e24                __umulhisi3

.text.time_t0Init
                0x0000000000000e42       0x1a
 .text.time_t0Init
                0x0000000000000e42       0x1a build/xc8/production/src/timer.o
                0x0000000000000e42                time_t0Init

.text.time_t1Init
                0x0000000000000e5c       0x1a
 .text.time_t1Init
                0x0000000000000e5c       0x1a build/xc8/production/src/timer.o
                0x0000000000000e5c                time_t1Init

.text.led_shiftSend
                0x0000000000000e76       0x18
 .text.led_shiftSend
                0x0000000000000e76       0x18 build/xc8/production/src/ledandcolor.o
                0x0000000000000e76                led_shiftSend

.text.exit      0x0000000000000e8e       0x16
 .text.exit     0x0000000000000e8e       0x16 c:/program files/microchip/xc8/v2.36/avr/bin/../lib/gcc/avr/5.4.0/../../../../avr/lib/avrxmega3\libc.a(exit.o)
                0x0000000000000e8e                exit

.text.memcpy    0x0000000000000ea4       0x16
 .text.memcpy   0x0000000000000ea4       0x16 c:/program files/microchip/xc8/v2.36/avr/bin/../lib/gcc/avr/5.4.0/../../../../avr/lib/avrxmega3\libc.a(memcpy.o)
                0x0000000000000ea4                memcpy

.text.libgcc.mul
                0x0000000000000eba       0x16
 .text.libgcc.mul
                0x0000000000000eba       0x16 c:/program files/microchip/xc8/v2.36/avr/bin/../lib/gcc/avr/5.4.0/avrxmega3\libgcc.a(_muluhisi3.o)
                0x0000000000000eba                __muluhisi3

.text.getSensorData
                0x0000000000000ed0        0xc
 .text.getSensorData
                0x0000000000000ed0        0xc build/xc8/production/main.o
                0x0000000000000ed0                getSensorData

.text.avrlibc   0x0000000000000edc        0xc
 .text.avrlibc  0x0000000000000edc        0xc C:/Program Files/Microchip/MPLABX/v6.05/packs/Microchip/ATtiny_DFP/3.0.151/xc8/avr/lib/avrxmega3\libattiny1626.a(ccp_write.o)
                0x0000000000000edc                ccp_write_io

.text           0x0000000000000ee8        0x4
 .text          0x0000000000000ee8        0x4 C:/Program Files/Microchip/MPLABX/v6.05/packs/Microchip/ATtiny_DFP/3.0.151/xc8/avr/lib/avrxmega3/crtattiny1626.o
                0x0000000000000ee8                __vector_22
                0x0000000000000ee8                __vector_28
                0x0000000000000ee8                __vector_1
                0x0000000000000ee8                __vector_24
                0x0000000000000ee8                __vector_12
                0x0000000000000ee8                __bad_interrupt
                0x0000000000000ee8                __vector_6
                0x0000000000000ee8                __vector_3
                0x0000000000000ee8                __vector_23
                0x0000000000000ee8                __vector_25
                0x0000000000000ee8                __vector_11
                0x0000000000000ee8                __vector_17
                0x0000000000000ee8                __vector_19
                0x0000000000000ee8                __vector_7
                0x0000000000000ee8                __vector_27
                0x0000000000000ee8                __vector_5
                0x0000000000000ee8                __vector_4
                0x0000000000000ee8                __vector_9
                0x0000000000000ee8                __vector_2
                0x0000000000000ee8                __vector_21
                0x0000000000000ee8                __vector_15
                0x0000000000000ee8                __vector_29
                0x0000000000000ee8                __vector_26
                0x0000000000000ee8                __vector_10
                0x0000000000000ee8                __vector_18
                0x0000000000000ee8                __vector_20

.text.setLedData
                0x0000000000000eec        0x4
 .text.setLedData
                0x0000000000000eec        0x4 build/xc8/production/main.o
                0x0000000000000eec                setLedData

.text._Exit     0x0000000000000ef0        0x4
 .text._Exit    0x0000000000000ef0        0x4 c:/program files/microchip/xc8/v2.36/avr/bin/../lib/gcc/avr/5.4.0/../../../../avr/lib/avrxmega3\libc.a(_Exit.o)
                0x0000000000000ef0                _Exit

.text.__dummy_fini
                0x0000000000000ef4        0x2
 .text.__dummy_fini
                0x0000000000000ef4        0x2 c:/program files/microchip/xc8/v2.36/avr/bin/../lib/gcc/avr/5.4.0/../../../../avr/lib/avrxmega3\libc.a(exit.o)
                0x0000000000000ef4                _fini

.text.__dummy_funcs_on_exit
                0x0000000000000ef6        0x2
 .text.__dummy_funcs_on_exit
                0x0000000000000ef6        0x2 c:/program files/microchip/xc8/v2.36/avr/bin/../lib/gcc/avr/5.4.0/../../../../avr/lib/avrxmega3\libc.a(exit.o)
                0x0000000000000ef6                __funcs_on_exit

.text.__dummy_simulator_exit
                0x0000000000000ef8        0x2
 .text.__dummy_simulator_exit
                0x0000000000000ef8        0x2 c:/program files/microchip/xc8/v2.36/avr/bin/../lib/gcc/avr/5.4.0/../../../../avr/lib/avrxmega3\libc.a(exit.o)
                0x0000000000000ef8                __simulator_exit

.data.led_event_n
                0x000000000080388d        0x1 load address 0x0000000000000efa
 .data.led_event_n
                0x000000000080388d        0x1 build/xc8/production/src/ledandcolor.o
                0x000000000080388d                led_event_n
